108.162.241.72 - - [13/Nov/2024:07:19:40 +0000] "GET /code/main.php?a=getConnections&user_id=5153651828957276289173587621240038055&module_type=2 HTTP/2.0" 200 202 "-" "PostmanRuntime/7.42.0"
172.69.214.169 - - [13/Nov/2024:07:19:55 +0000] "GET /energy.php HTTP/2.0" 200 1788 "https://craftnanny.org/energy.php" "Mozilla/5.0 (Windows NT 10.0; Win64; x64; rv:132.0) Gecko/20100101 Firefox/132.0"
172.69.130.254 - - [13/Nov/2024:07:19:55 +0000] "GET /assets/css/foundation.css HTTP/2.0" 200 206885 "https://craftnanny.org/energy.php" "Mozilla/5.0 (Windows NT 10.0; Win64; x64; rv:132.0) Gecko/20100101 Firefox/132.0"
172.69.130.190 - - [13/Nov/2024:07:19:55 +0000] "GET /assets/js/vendor/modernizr.js HTTP/2.0" 200 11264 "https://craftnanny.org/energy.php" "Mozilla/5.0 (Windows NT 10.0; Win64; x64; rv:132.0) Gecko/20100101 Firefox/132.0"
172.69.130.155 - - [13/Nov/2024:07:19:55 +0000] "GET /assets/js/vendor/jquery.js HTTP/2.0" 200 84732 "https://craftnanny.org/energy.php" "Mozilla/5.0 (Windows NT 10.0; Win64; x64; rv:132.0) Gecko/20100101 Firefox/132.0"
172.70.80.152 - - [13/Nov/2024:07:19:55 +0000] "GET /assets/js/foundation.min.js HTTP/2.0" 200 99152 "https://craftnanny.org/energy.php" "Mozilla/5.0 (Windows NT 10.0; Win64; x64; rv:132.0) Gecko/20100101 Firefox/132.0"
108.162.241.215 - - [13/Nov/2024:07:19:55 +0000] "GET /assets/js/energy.js HTTP/2.0" 200 3679 "https://craftnanny.org/energy.php" "Mozilla/5.0 (Windows NT 10.0; Win64; x64; rv:132.0) Gecko/20100101 Firefox/132.0"
172.69.130.23 - - [13/Nov/2024:07:19:55 +0000] "GET /assets/js/login_check.js HTTP/2.0" 200 550 "https://craftnanny.org/energy.php" "Mozilla/5.0 (Windows NT 10.0; Win64; x64; rv:132.0) Gecko/20100101 Firefox/132.0"
172.69.130.252 - - [13/Nov/2024:07:19:55 +0000] "GET /assets/js/block.js HTTP/2.0" 200 19979 "https://craftnanny.org/energy.php" "Mozilla/5.0 (Windows NT 10.0; Win64; x64; rv:132.0) Gecko/20100101 Firefox/132.0"
108.162.241.207 - - [13/Nov/2024:07:19:55 +0000] "GET /assets/img/mods/energy.png HTTP/2.0" 200 38862 "https://craftnanny.org/energy.php" "Mozilla/5.0 (Windows NT 10.0; Win64; x64; rv:132.0) Gecko/20100101 Firefox/132.0"
172.69.214.169 - - [13/Nov/2024:07:19:55 +0000] "POST /code/main.php HTTP/2.0" 200 846 "https://craftnanny.org/energy.php" "Mozilla/5.0 (Windows NT 10.0; Win64; x64; rv:132.0) Gecko/20100101 Firefox/132.0"
172.70.80.27 - - [13/Nov/2024:07:19:55 +0000] "GET /assets/img/git.png HTTP/2.0" 200 6088 "https://craftnanny.org/energy.php" "Mozilla/5.0 (Windows NT 10.0; Win64; x64; rv:132.0) Gecko/20100101 Firefox/132.0"
172.69.214.43 - - [13/Nov/2024:07:19:55 +0000] "GET /assets/img/offline.png HTTP/2.0" 200 277 "https://craftnanny.org/energy.php" "Mozilla/5.0 (Windows NT 10.0; Win64; x64; rv:132.0) Gecko/20100101 Firefox/132.0"
108.162.242.84 - - [13/Nov/2024:07:19:55 +0000] "GET /assets/img/screenshots/energy.PNG HTTP/2.0" 200 53392 "https://craftnanny.org/energy.php" "Mozilla/5.0 (Windows NT 10.0; Win64; x64; rv:132.0) Gecko/20100101 Firefox/132.0"
172.69.214.37 - - [13/Nov/2024:07:19:56 +0000] "GET /favicon.ico HTTP/2.0" 200 20457 "https://craftnanny.org/energy.php" "Mozilla/5.0 (Windows NT 10.0; Win64; x64; rv:132.0) Gecko/20100101 Firefox/132.0"
172.69.214.169 - - [13/Nov/2024:07:19:57 +0000] "GET /energy.php HTTP/2.0" 200 1788 "https://craftnanny.org/energy.php" "Mozilla/5.0 (Windows NT 10.0; Win64; x64; rv:132.0) Gecko/20100101 Firefox/132.0"
172.69.130.254 - - [13/Nov/2024:07:19:58 +0000] "GET /assets/css/foundation.css HTTP/2.0" 200 206885 "https://craftnanny.org/energy.php" "Mozilla/5.0 (Windows NT 10.0; Win64; x64; rv:132.0) Gecko/20100101 Firefox/132.0"
172.69.130.23 - - [13/Nov/2024:07:19:58 +0000] "GET /assets/js/login_check.js HTTP/2.0" 200 550 "https://craftnanny.org/energy.php" "Mozilla/5.0 (Windows NT 10.0; Win64; x64; rv:132.0) Gecko/20100101 Firefox/132.0"
172.69.130.252 - - [13/Nov/2024:07:19:58 +0000] "GET /assets/js/block.js HTTP/2.0" 200 19979 "https://craftnanny.org/energy.php" "Mozilla/5.0 (Windows NT 10.0; Win64; x64; rv:132.0) Gecko/20100101 Firefox/132.0"
172.69.130.190 - - [13/Nov/2024:07:19:58 +0000] "GET /assets/js/vendor/modernizr.js HTTP/2.0" 200 11264 "https://craftnanny.org/energy.php" "Mozilla/5.0 (Windows NT 10.0; Win64; x64; rv:132.0) Gecko/20100101 Firefox/132.0"
172.70.80.152 - - [13/Nov/2024:07:19:58 +0000] "GET /assets/js/foundation.min.js HTTP/2.0" 200 99152 "https://craftnanny.org/energy.php" "Mozilla/5.0 (Windows NT 10.0; Win64; x64; rv:132.0) Gecko/20100101 Firefox/132.0"
172.69.130.155 - - [13/Nov/2024:07:19:58 +0000] "GET /assets/js/vendor/jquery.js HTTP/2.0" 200 84732 "https://craftnanny.org/energy.php" "Mozilla/5.0 (Windows NT 10.0; Win64; x64; rv:132.0) Gecko/20100101 Firefox/132.0"
108.162.241.215 - - [13/Nov/2024:07:19:58 +0000] "GET /assets/js/energy.js HTTP/2.0" 200 3679 "https://craftnanny.org/energy.php" "Mozilla/5.0 (Windows NT 10.0; Win64; x64; rv:132.0) Gecko/20100101 Firefox/132.0"
108.162.241.207 - - [13/Nov/2024:07:19:58 +0000] "GET /assets/img/mods/energy.png HTTP/2.0" 200 38862 "https://craftnanny.org/energy.php" "Mozilla/5.0 (Windows NT 10.0; Win64; x64; rv:132.0) Gecko/20100101 Firefox/132.0"
172.69.214.169 - - [13/Nov/2024:07:19:58 +0000] "POST /code/main.php HTTP/2.0" 200 846 "https://craftnanny.org/energy.php" "Mozilla/5.0 (Windows NT 10.0; Win64; x64; rv:132.0) Gecko/20100101 Firefox/132.0"
108.162.242.84 - - [13/Nov/2024:07:19:58 +0000] "GET /assets/img/screenshots/energy.PNG HTTP/2.0" 200 53392 "https://craftnanny.org/energy.php" "Mozilla/5.0 (Windows NT 10.0; Win64; x64; rv:132.0) Gecko/20100101 Firefox/132.0"
172.70.80.27 - - [13/Nov/2024:07:19:58 +0000] "GET /assets/img/git.png HTTP/2.0" 200 6088 "https://craftnanny.org/energy.php" "Mozilla/5.0 (Windows NT 10.0; Win64; x64; rv:132.0) Gecko/20100101 Firefox/132.0"
172.69.214.43 - - [13/Nov/2024:07:19:58 +0000] "GET /assets/img/offline.png HTTP/2.0" 200 277 "https://craftnanny.org/energy.php" "Mozilla/5.0 (Windows NT 10.0; Win64; x64; rv:132.0) Gecko/20100101 Firefox/132.0"
172.69.130.84 - - [13/Nov/2024:07:19:59 +0000] "GET /energy.php HTTP/2.0" 200 1788 "https://craftnanny.org/energy.php" "Mozilla/5.0 (Windows NT 10.0; Win64; x64; rv:132.0) Gecko/20100101 Firefox/132.0"
172.69.130.190 - - [13/Nov/2024:07:19:59 +0000] "GET /assets/js/vendor/modernizr.js HTTP/2.0" 200 11264 "https://craftnanny.org/energy.php" "Mozilla/5.0 (Windows NT 10.0; Win64; x64; rv:132.0) Gecko/20100101 Firefox/132.0"
172.69.130.155 - - [13/Nov/2024:07:19:59 +0000] "GET /assets/js/vendor/jquery.js HTTP/2.0" 200 84732 "https://craftnanny.org/energy.php" "Mozilla/5.0 (Windows NT 10.0; Win64; x64; rv:132.0) Gecko/20100101 Firefox/132.0"
172.69.130.23 - - [13/Nov/2024:07:19:59 +0000] "GET /assets/js/login_check.js HTTP/2.0" 200 550 "https://craftnanny.org/energy.php" "Mozilla/5.0 (Windows NT 10.0; Win64; x64; rv:132.0) Gecko/20100101 Firefox/132.0"
172.70.80.152 - - [13/Nov/2024:07:19:59 +0000] "GET /assets/js/foundation.min.js HTTP/2.0" 200 99152 "https://craftnanny.org/energy.php" "Mozilla/5.0 (Windows NT 10.0; Win64; x64; rv:132.0) Gecko/20100101 Firefox/132.0"
172.69.130.254 - - [13/Nov/2024:07:19:59 +0000] "GET /assets/css/foundation.css HTTP/2.0" 200 206885 "https://craftnanny.org/energy.php" "Mozilla/5.0 (Windows NT 10.0; Win64; x64; rv:132.0) Gecko/20100101 Firefox/132.0"
172.69.130.252 - - [13/Nov/2024:07:19:59 +0000] "GET /assets/js/block.js HTTP/2.0" 200 19979 "https://craftnanny.org/energy.php" "Mozilla/5.0 (Windows NT 10.0; Win64; x64; rv:132.0) Gecko/20100101 Firefox/132.0"
108.162.241.215 - - [13/Nov/2024:07:19:59 +0000] "GET /assets/js/energy.js HTTP/2.0" 200 3679 "https://craftnanny.org/energy.php" "Mozilla/5.0 (Windows NT 10.0; Win64; x64; rv:132.0) Gecko/20100101 Firefox/132.0"
108.162.241.207 - - [13/Nov/2024:07:19:59 +0000] "GET /assets/img/mods/energy.png HTTP/2.0" 200 38862 "https://craftnanny.org/energy.php" "Mozilla/5.0 (Windows NT 10.0; Win64; x64; rv:132.0) Gecko/20100101 Firefox/132.0"
172.70.80.27 - - [13/Nov/2024:07:19:59 +0000] "GET /assets/img/git.png HTTP/2.0" 200 6088 "https://craftnanny.org/energy.php" "Mozilla/5.0 (Windows NT 10.0; Win64; x64; rv:132.0) Gecko/20100101 Firefox/132.0"
108.162.242.84 - - [13/Nov/2024:07:19:59 +0000] "GET /assets/img/screenshots/energy.PNG HTTP/2.0" 200 53392 "https://craftnanny.org/energy.php" "Mozilla/5.0 (Windows NT 10.0; Win64; x64; rv:132.0) Gecko/20100101 Firefox/132.0"
172.69.214.169 - - [13/Nov/2024:07:19:59 +0000] "GET /energy_template.html HTTP/2.0" 200 413 "https://craftnanny.org/energy.php" "Mozilla/5.0 (Windows NT 10.0; Win64; x64; rv:132.0) Gecko/20100101 Firefox/132.0"
172.69.214.169 - - [13/Nov/2024:07:19:59 +0000] "POST /code/main.php HTTP/2.0" 200 846 "https://craftnanny.org/energy.php" "Mozilla/5.0 (Windows NT 10.0; Win64; x64; rv:132.0) Gecko/20100101 Firefox/132.0"
172.69.214.43 - - [13/Nov/2024:07:19:59 +0000] "GET /assets/img/offline.png HTTP/2.0" 200 277 "https://craftnanny.org/energy.php" "Mozilla/5.0 (Windows NT 10.0; Win64; x64; rv:132.0) Gecko/20100101 Firefox/132.0"
172.69.214.37 - - [13/Nov/2024:07:19:59 +0000] "GET /favicon.ico HTTP/2.0" 200 20457 "https://craftnanny.org/energy.php" "Mozilla/5.0 (Windows NT 10.0; Win64; x64; rv:132.0) Gecko/20100101 Firefox/132.0"
172.69.214.100 - - [13/Nov/2024:07:20:16 +0000] "GET /energy.php HTTP/2.0" 200 1788 "https://craftnanny.org/energy.php" "Mozilla/5.0 (Windows NT 10.0; Win64; x64; rv:132.0) Gecko/20100101 Firefox/132.0"
172.70.80.152 - - [13/Nov/2024:07:20:16 +0000] "GET /assets/js/foundation.min.js HTTP/2.0" 200 99152 "https://craftnanny.org/energy.php" "Mozilla/5.0 (Windows NT 10.0; Win64; x64; rv:132.0) Gecko/20100101 Firefox/132.0"
172.69.130.155 - - [13/Nov/2024:07:20:16 +0000] "GET /assets/js/vendor/jquery.js HTTP/2.0" 200 84732 "https://craftnanny.org/energy.php" "Mozilla/5.0 (Windows NT 10.0; Win64; x64; rv:132.0) Gecko/20100101 Firefox/132.0"
172.69.130.254 - - [13/Nov/2024:07:20:16 +0000] "GET /assets/css/foundation.css HTTP/2.0" 200 206885 "https://craftnanny.org/energy.php" "Mozilla/5.0 (Windows NT 10.0; Win64; x64; rv:132.0) Gecko/20100101 Firefox/132.0"
172.69.130.23 - - [13/Nov/2024:07:20:16 +0000] "GET /assets/js/login_check.js HTTP/2.0" 200 550 "https://craftnanny.org/energy.php" "Mozilla/5.0 (Windows NT 10.0; Win64; x64; rv:132.0) Gecko/20100101 Firefox/132.0"
172.69.130.252 - - [13/Nov/2024:07:20:16 +0000] "GET /assets/js/block.js HTTP/2.0" 200 19979 "https://craftnanny.org/energy.php" "Mozilla/5.0 (Windows NT 10.0; Win64; x64; rv:132.0) Gecko/20100101 Firefox/132.0"
172.69.130.190 - - [13/Nov/2024:07:20:16 +0000] "GET /assets/js/vendor/modernizr.js HTTP/2.0" 200 11264 "https://craftnanny.org/energy.php" "Mozilla/5.0 (Windows NT 10.0; Win64; x64; rv:132.0) Gecko/20100101 Firefox/132.0"
108.162.241.215 - - [13/Nov/2024:07:20:16 +0000] "GET /assets/js/energy.js HTTP/2.0" 200 3679 "https://craftnanny.org/energy.php" "Mozilla/5.0 (Windows NT 10.0; Win64; x64; rv:132.0) Gecko/20100101 Firefox/132.0"
108.162.241.207 - - [13/Nov/2024:07:20:16 +0000] "GET /assets/img/mods/energy.png HTTP/2.0" 200 38862 "https://craftnanny.org/energy.php" "Mozilla/5.0 (Windows NT 10.0; Win64; x64; rv:132.0) Gecko/20100101 Firefox/132.0"
172.70.80.27 - - [13/Nov/2024:07:20:16 +0000] "GET /assets/img/git.png HTTP/2.0" 200 6088 "https://craftnanny.org/energy.php" "Mozilla/5.0 (Windows NT 10.0; Win64; x64; rv:132.0) Gecko/20100101 Firefox/132.0"
108.162.242.84 - - [13/Nov/2024:07:20:16 +0000] "GET /assets/img/screenshots/energy.PNG HTTP/2.0" 200 53392 "https://craftnanny.org/energy.php" "Mozilla/5.0 (Windows NT 10.0; Win64; x64; rv:132.0) Gecko/20100101 Firefox/132.0"
172.70.80.237 - - [13/Nov/2024:07:20:17 +0000] "GET /energy_template.html HTTP/2.0" 200 413 "https://craftnanny.org/energy.php" "Mozilla/5.0 (Windows NT 10.0; Win64; x64; rv:132.0) Gecko/20100101 Firefox/132.0"
172.69.214.37 - - [13/Nov/2024:07:20:17 +0000] "GET /favicon.ico HTTP/2.0" 200 20457 "https://craftnanny.org/energy.php" "Mozilla/5.0 (Windows NT 10.0; Win64; x64; rv:132.0) Gecko/20100101 Firefox/132.0"
172.70.80.237 - - [13/Nov/2024:07:20:17 +0000] "POST /code/main.php HTTP/2.0" 200 846 "https://craftnanny.org/energy.php" "Mozilla/5.0 (Windows NT 10.0; Win64; x64; rv:132.0) Gecko/20100101 Firefox/132.0"
172.69.214.43 - - [13/Nov/2024:07:20:17 +0000] "GET /assets/img/offline.png HTTP/2.0" 200 277 "https://craftnanny.org/energy.php" "Mozilla/5.0 (Windows NT 10.0; Win64; x64; rv:132.0) Gecko/20100101 Firefox/132.0"
172.69.130.249 - - [13/Nov/2024:07:20:51 +0000] "GET /energy.php HTTP/2.0" 200 1788 "https://craftnanny.org/energy.php" "Mozilla/5.0 (Windows NT 10.0; Win64; x64; rv:132.0) Gecko/20100101 Firefox/132.0"
172.69.130.254 - - [13/Nov/2024:07:20:52 +0000] "GET /assets/css/foundation.css HTTP/2.0" 200 206885 "https://craftnanny.org/energy.php" "Mozilla/5.0 (Windows NT 10.0; Win64; x64; rv:132.0) Gecko/20100101 Firefox/132.0"
172.69.130.155 - - [13/Nov/2024:07:20:52 +0000] "GET /assets/js/vendor/jquery.js HTTP/2.0" 200 84732 "https://craftnanny.org/energy.php" "Mozilla/5.0 (Windows NT 10.0; Win64; x64; rv:132.0) Gecko/20100101 Firefox/132.0"
172.70.80.152 - - [13/Nov/2024:07:20:52 +0000] "GET /assets/js/foundation.min.js HTTP/2.0" 200 99152 "https://craftnanny.org/energy.php" "Mozilla/5.0 (Windows NT 10.0; Win64; x64; rv:132.0) Gecko/20100101 Firefox/132.0"
172.69.130.23 - - [13/Nov/2024:07:20:52 +0000] "GET /assets/js/login_check.js HTTP/2.0" 200 550 "https://craftnanny.org/energy.php" "Mozilla/5.0 (Windows NT 10.0; Win64; x64; rv:132.0) Gecko/20100101 Firefox/132.0"
172.69.130.190 - - [13/Nov/2024:07:20:52 +0000] "GET /assets/js/vendor/modernizr.js HTTP/2.0" 200 11264 "https://craftnanny.org/energy.php" "Mozilla/5.0 (Windows NT 10.0; Win64; x64; rv:132.0) Gecko/20100101 Firefox/132.0"
172.69.130.252 - - [13/Nov/2024:07:20:52 +0000] "GET /assets/js/block.js HTTP/2.0" 200 19979 "https://craftnanny.org/energy.php" "Mozilla/5.0 (Windows NT 10.0; Win64; x64; rv:132.0) Gecko/20100101 Firefox/132.0"
108.162.241.215 - - [13/Nov/2024:07:20:52 +0000] "GET /assets/js/energy.js HTTP/2.0" 200 3679 "https://craftnanny.org/energy.php" "Mozilla/5.0 (Windows NT 10.0; Win64; x64; rv:132.0) Gecko/20100101 Firefox/132.0"
108.162.241.207 - - [13/Nov/2024:07:20:52 +0000] "GET /assets/img/mods/energy.png HTTP/2.0" 200 38862 "https://craftnanny.org/energy.php" "Mozilla/5.0 (Windows NT 10.0; Win64; x64; rv:132.0) Gecko/20100101 Firefox/132.0"
108.162.242.84 - - [13/Nov/2024:07:20:52 +0000] "GET /assets/img/screenshots/energy.PNG HTTP/2.0" 200 53392 "https://craftnanny.org/energy.php" "Mozilla/5.0 (Windows NT 10.0; Win64; x64; rv:132.0) Gecko/20100101 Firefox/132.0"
172.70.80.27 - - [13/Nov/2024:07:20:52 +0000] "GET /assets/img/git.png HTTP/2.0" 200 6088 "https://craftnanny.org/energy.php" "Mozilla/5.0 (Windows NT 10.0; Win64; x64; rv:132.0) Gecko/20100101 Firefox/132.0"
172.69.214.43 - - [13/Nov/2024:07:20:52 +0000] "GET /assets/img/offline.png HTTP/2.0" 200 277 "https://craftnanny.org/energy.php" "Mozilla/5.0 (Windows NT 10.0; Win64; x64; rv:132.0) Gecko/20100101 Firefox/132.0"
172.69.130.249 - - [13/Nov/2024:07:20:52 +0000] "POST /code/main.php HTTP/2.0" 200 846 "https://craftnanny.org/energy.php" "Mozilla/5.0 (Windows NT 10.0; Win64; x64; rv:132.0) Gecko/20100101 Firefox/132.0"
172.70.50.4 - - [13/Nov/2024:07:20:53 +0000] "GET /energy.php HTTP/2.0" 200 1788 "https://craftnanny.org/energy.php" "Mozilla/5.0 (Windows NT 10.0; Win64; x64; rv:132.0) Gecko/20100101 Firefox/132.0"
172.69.130.254 - - [13/Nov/2024:07:20:53 +0000] "GET /assets/css/foundation.css HTTP/2.0" 200 206885 "https://craftnanny.org/energy.php" "Mozilla/5.0 (Windows NT 10.0; Win64; x64; rv:132.0) Gecko/20100101 Firefox/132.0"
172.69.130.155 - - [13/Nov/2024:07:20:53 +0000] "GET /assets/js/vendor/jquery.js HTTP/2.0" 200 84732 "https://craftnanny.org/energy.php" "Mozilla/5.0 (Windows NT 10.0; Win64; x64; rv:132.0) Gecko/20100101 Firefox/132.0"
172.69.130.190 - - [13/Nov/2024:07:20:53 +0000] "GET /assets/js/vendor/modernizr.js HTTP/2.0" 200 11264 "https://craftnanny.org/energy.php" "Mozilla/5.0 (Windows NT 10.0; Win64; x64; rv:132.0) Gecko/20100101 Firefox/132.0"
172.69.130.252 - - [13/Nov/2024:07:20:53 +0000] "GET /assets/js/block.js HTTP/2.0" 200 19979 "https://craftnanny.org/energy.php" "Mozilla/5.0 (Windows NT 10.0; Win64; x64; rv:132.0) Gecko/20100101 Firefox/132.0"
172.69.130.23 - - [13/Nov/2024:07:20:53 +0000] "GET /assets/js/login_check.js HTTP/2.0" 200 550 "https://craftnanny.org/energy.php" "Mozilla/5.0 (Windows NT 10.0; Win64; x64; rv:132.0) Gecko/20100101 Firefox/132.0"
108.162.241.215 - - [13/Nov/2024:07:20:53 +0000] "GET /assets/js/energy.js HTTP/2.0" 200 3679 "https://craftnanny.org/energy.php" "Mozilla/5.0 (Windows NT 10.0; Win64; x64; rv:132.0) Gecko/20100101 Firefox/132.0"
108.162.242.84 - - [13/Nov/2024:07:20:53 +0000] "GET /assets/img/screenshots/energy.PNG HTTP/2.0" 200 53392 "https://craftnanny.org/energy.php" "Mozilla/5.0 (Windows NT 10.0; Win64; x64; rv:132.0) Gecko/20100101 Firefox/132.0"
172.70.80.27 - - [13/Nov/2024:07:20:53 +0000] "GET /assets/img/git.png HTTP/2.0" 200 6088 "https://craftnanny.org/energy.php" "Mozilla/5.0 (Windows NT 10.0; Win64; x64; rv:132.0) Gecko/20100101 Firefox/132.0"
108.162.241.207 - - [13/Nov/2024:07:20:53 +0000] "GET /assets/img/mods/energy.png HTTP/2.0" 200 38862 "https://craftnanny.org/energy.php" "Mozilla/5.0 (Windows NT 10.0; Win64; x64; rv:132.0) Gecko/20100101 Firefox/132.0"
172.70.80.152 - - [13/Nov/2024:07:20:53 +0000] "GET /assets/js/foundation.min.js HTTP/2.0" 200 99152 "https://craftnanny.org/energy.php" "Mozilla/5.0 (Windows NT 10.0; Win64; x64; rv:132.0) Gecko/20100101 Firefox/132.0"
172.69.214.135 - - [13/Nov/2024:07:20:53 +0000] "GET /energy_template.html HTTP/2.0" 200 413 "https://craftnanny.org/energy.php" "Mozilla/5.0 (Windows NT 10.0; Win64; x64; rv:132.0) Gecko/20100101 Firefox/132.0"
172.69.214.37 - - [13/Nov/2024:07:20:54 +0000] "GET /favicon.ico HTTP/2.0" 200 20457 "https://craftnanny.org/energy.php" "Mozilla/5.0 (Windows NT 10.0; Win64; x64; rv:132.0) Gecko/20100101 Firefox/132.0"
172.69.214.135 - - [13/Nov/2024:07:20:54 +0000] "POST /code/main.php HTTP/2.0" 200 846 "https://craftnanny.org/energy.php" "Mozilla/5.0 (Windows NT 10.0; Win64; x64; rv:132.0) Gecko/20100101 Firefox/132.0"
172.69.214.43 - - [13/Nov/2024:07:20:54 +0000] "GET /assets/img/offline.png HTTP/2.0" 200 277 "https://craftnanny.org/energy.php" "Mozilla/5.0 (Windows NT 10.0; Win64; x64; rv:132.0) Gecko/20100101 Firefox/132.0"
108.162.241.95 - - [13/Nov/2024:07:21:27 +0000] "GET /energy.php HTTP/2.0" 200 1788 "https://craftnanny.org/energy.php" "Mozilla/5.0 (Windows NT 10.0; Win64; x64; rv:132.0) Gecko/20100101 Firefox/132.0"
172.69.130.254 - - [13/Nov/2024:07:21:27 +0000] "GET /assets/css/foundation.css HTTP/2.0" 200 206885 "https://craftnanny.org/energy.php" "Mozilla/5.0 (Windows NT 10.0; Win64; x64; rv:132.0) Gecko/20100101 Firefox/132.0"
172.70.80.152 - - [13/Nov/2024:07:21:27 +0000] "GET /assets/js/foundation.min.js HTTP/2.0" 200 99152 "https://craftnanny.org/energy.php" "Mozilla/5.0 (Windows NT 10.0; Win64; x64; rv:132.0) Gecko/20100101 Firefox/132.0"
172.69.130.155 - - [13/Nov/2024:07:21:27 +0000] "GET /assets/js/vendor/jquery.js HTTP/2.0" 200 84732 "https://craftnanny.org/energy.php" "Mozilla/5.0 (Windows NT 10.0; Win64; x64; rv:132.0) Gecko/20100101 Firefox/132.0"
172.69.130.190 - - [13/Nov/2024:07:21:27 +0000] "GET /assets/js/vendor/modernizr.js HTTP/2.0" 200 11264 "https://craftnanny.org/energy.php" "Mozilla/5.0 (Windows NT 10.0; Win64; x64; rv:132.0) Gecko/20100101 Firefox/132.0"
172.69.130.252 - - [13/Nov/2024:07:21:27 +0000] "GET /assets/js/block.js HTTP/2.0" 200 19979 "https://craftnanny.org/energy.php" "Mozilla/5.0 (Windows NT 10.0; Win64; x64; rv:132.0) Gecko/20100101 Firefox/132.0"
108.162.241.215 - - [13/Nov/2024:07:21:27 +0000] "GET /assets/js/energy.js HTTP/2.0" 200 3679 "https://craftnanny.org/energy.php" "Mozilla/5.0 (Windows NT 10.0; Win64; x64; rv:132.0) Gecko/20100101 Firefox/132.0"
172.69.130.23 - - [13/Nov/2024:07:21:27 +0000] "GET /assets/js/login_check.js HTTP/2.0" 200 550 "https://craftnanny.org/energy.php" "Mozilla/5.0 (Windows NT 10.0; Win64; x64; rv:132.0) Gecko/20100101 Firefox/132.0"
108.162.241.207 - - [13/Nov/2024:07:21:27 +0000] "GET /assets/img/mods/energy.png HTTP/2.0" 200 38862 "https://craftnanny.org/energy.php" "Mozilla/5.0 (Windows NT 10.0; Win64; x64; rv:132.0) Gecko/20100101 Firefox/132.0"
108.162.241.95 - - [13/Nov/2024:07:21:27 +0000] "POST /code/main.php HTTP/2.0" 200 846 "https://craftnanny.org/energy.php" "Mozilla/5.0 (Windows NT 10.0; Win64; x64; rv:132.0) Gecko/20100101 Firefox/132.0"
172.70.80.27 - - [13/Nov/2024:07:21:27 +0000] "GET /assets/img/git.png HTTP/2.0" 200 6088 "https://craftnanny.org/energy.php" "Mozilla/5.0 (Windows NT 10.0; Win64; x64; rv:132.0) Gecko/20100101 Firefox/132.0"
108.162.242.84 - - [13/Nov/2024:07:21:27 +0000] "GET /assets/img/screenshots/energy.PNG HTTP/2.0" 200 53392 "https://craftnanny.org/energy.php" "Mozilla/5.0 (Windows NT 10.0; Win64; x64; rv:132.0) Gecko/20100101 Firefox/132.0"
172.69.214.43 - - [13/Nov/2024:07:21:27 +0000] "GET /assets/img/offline.png HTTP/2.0" 200 277 "https://craftnanny.org/energy.php" "Mozilla/5.0 (Windows NT 10.0; Win64; x64; rv:132.0) Gecko/20100101 Firefox/132.0"
172.69.130.249 - - [13/Nov/2024:07:21:29 +0000] "GET /energy.php HTTP/2.0" 200 1788 "https://craftnanny.org/energy.php" "Mozilla/5.0 (Windows NT 10.0; Win64; x64; rv:132.0) Gecko/20100101 Firefox/132.0"
172.69.130.155 - - [13/Nov/2024:07:21:29 +0000] "GET /assets/js/vendor/jquery.js HTTP/2.0" 200 84732 "https://craftnanny.org/energy.php" "Mozilla/5.0 (Windows NT 10.0; Win64; x64; rv:132.0) Gecko/20100101 Firefox/132.0"
172.69.130.254 - - [13/Nov/2024:07:21:29 +0000] "GET /assets/css/foundation.css HTTP/2.0" 200 206885 "https://craftnanny.org/energy.php" "Mozilla/5.0 (Windows NT 10.0; Win64; x64; rv:132.0) Gecko/20100101 Firefox/132.0"
172.70.80.152 - - [13/Nov/2024:07:21:29 +0000] "GET /assets/js/foundation.min.js HTTP/2.0" 200 99152 "https://craftnanny.org/energy.php" "Mozilla/5.0 (Windows NT 10.0; Win64; x64; rv:132.0) Gecko/20100101 Firefox/132.0"
108.162.241.215 - - [13/Nov/2024:07:21:29 +0000] "GET /assets/js/energy.js HTTP/2.0" 200 3679 "https://craftnanny.org/energy.php" "Mozilla/5.0 (Windows NT 10.0; Win64; x64; rv:132.0) Gecko/20100101 Firefox/132.0"
108.162.241.207 - - [13/Nov/2024:07:21:29 +0000] "GET /assets/img/mods/energy.png HTTP/2.0" 200 38862 "https://craftnanny.org/energy.php" "Mozilla/5.0 (Windows NT 10.0; Win64; x64; rv:132.0) Gecko/20100101 Firefox/132.0"
172.69.130.190 - - [13/Nov/2024:07:21:29 +0000] "GET /assets/js/vendor/modernizr.js HTTP/2.0" 200 11264 "https://craftnanny.org/energy.php" "Mozilla/5.0 (Windows NT 10.0; Win64; x64; rv:132.0) Gecko/20100101 Firefox/132.0"
172.69.130.23 - - [13/Nov/2024:07:21:29 +0000] "GET /assets/js/login_check.js HTTP/2.0" 200 550 "https://craftnanny.org/energy.php" "Mozilla/5.0 (Windows NT 10.0; Win64; x64; rv:132.0) Gecko/20100101 Firefox/132.0"
172.70.80.27 - - [13/Nov/2024:07:21:29 +0000] "GET /assets/img/git.png HTTP/2.0" 200 6088 "https://craftnanny.org/energy.php" "Mozilla/5.0 (Windows NT 10.0; Win64; x64; rv:132.0) Gecko/20100101 Firefox/132.0"
108.162.242.84 - - [13/Nov/2024:07:21:29 +0000] "GET /assets/img/screenshots/energy.PNG HTTP/2.0" 200 53392 "https://craftnanny.org/energy.php" "Mozilla/5.0 (Windows NT 10.0; Win64; x64; rv:132.0) Gecko/20100101 Firefox/132.0"
172.69.130.252 - - [13/Nov/2024:07:21:29 +0000] "GET /assets/js/block.js HTTP/2.0" 200 19979 "https://craftnanny.org/energy.php" "Mozilla/5.0 (Windows NT 10.0; Win64; x64; rv:132.0) Gecko/20100101 Firefox/132.0"
172.70.50.4 - - [13/Nov/2024:07:21:29 +0000] "GET /energy_template.html HTTP/2.0" 200 413 "https://craftnanny.org/energy.php" "Mozilla/5.0 (Windows NT 10.0; Win64; x64; rv:132.0) Gecko/20100101 Firefox/132.0"
172.69.214.37 - - [13/Nov/2024:07:21:29 +0000] "GET /favicon.ico HTTP/2.0" 200 20457 "https://craftnanny.org/energy.php" "Mozilla/5.0 (Windows NT 10.0; Win64; x64; rv:132.0) Gecko/20100101 Firefox/132.0"
172.70.50.4 - - [13/Nov/2024:07:21:29 +0000] "POST /code/main.php HTTP/2.0" 200 846 "https://craftnanny.org/energy.php" "Mozilla/5.0 (Windows NT 10.0; Win64; x64; rv:132.0) Gecko/20100101 Firefox/132.0"
172.69.214.43 - - [13/Nov/2024:07:21:29 +0000] "GET /assets/img/offline.png HTTP/2.0" 200 277 "https://craftnanny.org/energy.php" "Mozilla/5.0 (Windows NT 10.0; Win64; x64; rv:132.0) Gecko/20100101 Firefox/132.0"
172.70.50.4 - - [13/Nov/2024:07:22:20 +0000] "GET /energy.php HTTP/2.0" 200 1788 "https://craftnanny.org/energy.php" "Mozilla/5.0 (Windows NT 10.0; Win64; x64; rv:132.0) Gecko/20100101 Firefox/132.0"
172.69.130.254 - - [13/Nov/2024:07:22:20 +0000] "GET /assets/css/foundation.css HTTP/2.0" 200 206885 "https://craftnanny.org/energy.php" "Mozilla/5.0 (Windows NT 10.0; Win64; x64; rv:132.0) Gecko/20100101 Firefox/132.0"
172.69.130.155 - - [13/Nov/2024:07:22:20 +0000] "GET /assets/js/vendor/jquery.js HTTP/2.0" 200 84732 "https://craftnanny.org/energy.php" "Mozilla/5.0 (Windows NT 10.0; Win64; x64; rv:132.0) Gecko/20100101 Firefox/132.0"
172.69.130.23 - - [13/Nov/2024:07:22:20 +0000] "GET /assets/js/login_check.js HTTP/2.0" 200 550 "https://craftnanny.org/energy.php" "Mozilla/5.0 (Windows NT 10.0; Win64; x64; rv:132.0) Gecko/20100101 Firefox/132.0"
172.69.130.252 - - [13/Nov/2024:07:22:20 +0000] "GET /assets/js/block.js HTTP/2.0" 200 19979 "https://craftnanny.org/energy.php" "Mozilla/5.0 (Windows NT 10.0; Win64; x64; rv:132.0) Gecko/20100101 Firefox/132.0"
172.69.130.190 - - [13/Nov/2024:07:22:20 +0000] "GET /assets/js/vendor/modernizr.js HTTP/2.0" 200 11264 "https://craftnanny.org/energy.php" "Mozilla/5.0 (Windows NT 10.0; Win64; x64; rv:132.0) Gecko/20100101 Firefox/132.0"
108.162.241.215 - - [13/Nov/2024:07:22:20 +0000] "GET /assets/js/energy.js HTTP/2.0" 200 3679 "https://craftnanny.org/energy.php" "Mozilla/5.0 (Windows NT 10.0; Win64; x64; rv:132.0) Gecko/20100101 Firefox/132.0"
108.162.241.207 - - [13/Nov/2024:07:22:20 +0000] "GET /assets/img/mods/energy.png HTTP/2.0" 200 38862 "https://craftnanny.org/energy.php" "Mozilla/5.0 (Windows NT 10.0; Win64; x64; rv:132.0) Gecko/20100101 Firefox/132.0"
172.70.80.27 - - [13/Nov/2024:07:22:20 +0000] "GET /assets/img/git.png HTTP/2.0" 200 6088 "https://craftnanny.org/energy.php" "Mozilla/5.0 (Windows NT 10.0; Win64; x64; rv:132.0) Gecko/20100101 Firefox/132.0"
172.70.80.152 - - [13/Nov/2024:07:22:20 +0000] "GET /assets/js/foundation.min.js HTTP/2.0" 200 99152 "https://craftnanny.org/energy.php" "Mozilla/5.0 (Windows NT 10.0; Win64; x64; rv:132.0) Gecko/20100101 Firefox/132.0"
108.162.242.84 - - [13/Nov/2024:07:22:20 +0000] "GET /assets/img/screenshots/energy.PNG HTTP/2.0" 200 53392 "https://craftnanny.org/energy.php" "Mozilla/5.0 (Windows NT 10.0; Win64; x64; rv:132.0) Gecko/20100101 Firefox/132.0"
172.70.50.4 - - [13/Nov/2024:07:22:20 +0000] "GET /energy_template.html HTTP/2.0" 200 413 "https://craftnanny.org/energy.php" "Mozilla/5.0 (Windows NT 10.0; Win64; x64; rv:132.0) Gecko/20100101 Firefox/132.0"
172.70.50.4 - - [13/Nov/2024:07:22:20 +0000] "POST /code/main.php HTTP/2.0" 200 1147 "https://craftnanny.org/energy.php" "Mozilla/5.0 (Windows NT 10.0; Win64; x64; rv:132.0) Gecko/20100101 Firefox/132.0"
172.69.214.37 - - [13/Nov/2024:07:22:20 +0000] "GET /favicon.ico HTTP/2.0" 200 20457 "https://craftnanny.org/energy.php" "Mozilla/5.0 (Windows NT 10.0; Win64; x64; rv:132.0) Gecko/20100101 Firefox/132.0"
172.69.214.43 - - [13/Nov/2024:07:22:20 +0000] "GET /assets/img/offline.png HTTP/2.0" 200 277 "https://craftnanny.org/energy.php" "Mozilla/5.0 (Windows NT 10.0; Win64; x64; rv:132.0) Gecko/20100101 Firefox/132.0"
172.70.50.4 - - [13/Nov/2024:07:22:21 +0000] "GET /energy.php HTTP/2.0" 200 1788 "https://craftnanny.org/energy.php" "Mozilla/5.0 (Windows NT 10.0; Win64; x64; rv:132.0) Gecko/20100101 Firefox/132.0"
172.69.130.254 - - [13/Nov/2024:07:22:21 +0000] "GET /assets/css/foundation.css HTTP/2.0" 200 206885 "https://craftnanny.org/energy.php" "Mozilla/5.0 (Windows NT 10.0; Win64; x64; rv:132.0) Gecko/20100101 Firefox/132.0"
172.69.130.23 - - [13/Nov/2024:07:22:21 +0000] "GET /assets/js/login_check.js HTTP/2.0" 200 550 "https://craftnanny.org/energy.php" "Mozilla/5.0 (Windows NT 10.0; Win64; x64; rv:132.0) Gecko/20100101 Firefox/132.0"
172.69.130.190 - - [13/Nov/2024:07:22:21 +0000] "GET /assets/js/vendor/modernizr.js HTTP/2.0" 200 11264 "https://craftnanny.org/energy.php" "Mozilla/5.0 (Windows NT 10.0; Win64; x64; rv:132.0) Gecko/20100101 Firefox/132.0"
172.69.130.252 - - [13/Nov/2024:07:22:21 +0000] "GET /assets/js/block.js HTTP/2.0" 200 19979 "https://craftnanny.org/energy.php" "Mozilla/5.0 (Windows NT 10.0; Win64; x64; rv:132.0) Gecko/20100101 Firefox/132.0"
108.162.241.215 - - [13/Nov/2024:07:22:21 +0000] "GET /assets/js/energy.js HTTP/2.0" 200 3679 "https://craftnanny.org/energy.php" "Mozilla/5.0 (Windows NT 10.0; Win64; x64; rv:132.0) Gecko/20100101 Firefox/132.0"
172.69.130.155 - - [13/Nov/2024:07:22:21 +0000] "GET /assets/js/vendor/jquery.js HTTP/2.0" 200 84732 "https://craftnanny.org/energy.php" "Mozilla/5.0 (Windows NT 10.0; Win64; x64; rv:132.0) Gecko/20100101 Firefox/132.0"
172.70.80.152 - - [13/Nov/2024:07:22:21 +0000] "GET /assets/js/foundation.min.js HTTP/2.0" 200 99152 "https://craftnanny.org/energy.php" "Mozilla/5.0 (Windows NT 10.0; Win64; x64; rv:132.0) Gecko/20100101 Firefox/132.0"
108.162.241.207 - - [13/Nov/2024:07:22:21 +0000] "GET /assets/img/mods/energy.png HTTP/2.0" 200 38862 "https://craftnanny.org/energy.php" "Mozilla/5.0 (Windows NT 10.0; Win64; x64; rv:132.0) Gecko/20100101 Firefox/132.0"
108.162.242.84 - - [13/Nov/2024:07:22:21 +0000] "GET /assets/img/screenshots/energy.PNG HTTP/2.0" 200 53392 "https://craftnanny.org/energy.php" "Mozilla/5.0 (Windows NT 10.0; Win64; x64; rv:132.0) Gecko/20100101 Firefox/132.0"
172.70.80.27 - - [13/Nov/2024:07:22:21 +0000] "GET /assets/img/git.png HTTP/2.0" 200 6088 "https://craftnanny.org/energy.php" "Mozilla/5.0 (Windows NT 10.0; Win64; x64; rv:132.0) Gecko/20100101 Firefox/132.0"
172.69.214.43 - - [13/Nov/2024:07:22:21 +0000] "GET /assets/img/offline.png HTTP/2.0" 200 277 "https://craftnanny.org/energy.php" "Mozilla/5.0 (Windows NT 10.0; Win64; x64; rv:132.0) Gecko/20100101 Firefox/132.0"
172.70.50.4 - - [13/Nov/2024:07:22:21 +0000] "POST /code/main.php HTTP/2.0" 200 1147 "https://craftnanny.org/energy.php" "Mozilla/5.0 (Windows NT 10.0; Win64; x64; rv:132.0) Gecko/20100101 Firefox/132.0"
172.70.50.4 - - [13/Nov/2024:07:22:27 +0000] "GET /energy.php HTTP/2.0" 200 1788 "https://craftnanny.org/energy.php" "Mozilla/5.0 (Windows NT 10.0; Win64; x64; rv:132.0) Gecko/20100101 Firefox/132.0"
172.69.130.254 - - [13/Nov/2024:07:22:27 +0000] "GET /assets/css/foundation.css HTTP/2.0" 200 206885 "https://craftnanny.org/energy.php" "Mozilla/5.0 (Windows NT 10.0; Win64; x64; rv:132.0) Gecko/20100101 Firefox/132.0"
172.69.130.190 - - [13/Nov/2024:07:22:27 +0000] "GET /assets/js/vendor/modernizr.js HTTP/2.0" 200 11264 "https://craftnanny.org/energy.php" "Mozilla/5.0 (Windows NT 10.0; Win64; x64; rv:132.0) Gecko/20100101 Firefox/132.0"
172.69.130.155 - - [13/Nov/2024:07:22:27 +0000] "GET /assets/js/vendor/jquery.js HTTP/2.0" 200 84732 "https://craftnanny.org/energy.php" "Mozilla/5.0 (Windows NT 10.0; Win64; x64; rv:132.0) Gecko/20100101 Firefox/132.0"
172.69.130.252 - - [13/Nov/2024:07:22:27 +0000] "GET /assets/js/block.js HTTP/2.0" 200 19979 "https://craftnanny.org/energy.php" "Mozilla/5.0 (Windows NT 10.0; Win64; x64; rv:132.0) Gecko/20100101 Firefox/132.0"
172.69.130.23 - - [13/Nov/2024:07:22:27 +0000] "GET /assets/js/login_check.js HTTP/2.0" 200 550 "https://craftnanny.org/energy.php" "Mozilla/5.0 (Windows NT 10.0; Win64; x64; rv:132.0) Gecko/20100101 Firefox/132.0"
108.162.241.215 - - [13/Nov/2024:07:22:27 +0000] "GET /assets/js/energy.js HTTP/2.0" 200 3679 "https://craftnanny.org/energy.php" "Mozilla/5.0 (Windows NT 10.0; Win64; x64; rv:132.0) Gecko/20100101 Firefox/132.0"
172.70.80.152 - - [13/Nov/2024:07:22:27 +0000] "GET /assets/js/foundation.min.js HTTP/2.0" 200 99152 "https://craftnanny.org/energy.php" "Mozilla/5.0 (Windows NT 10.0; Win64; x64; rv:132.0) Gecko/20100101 Firefox/132.0"
108.162.241.207 - - [13/Nov/2024:07:22:27 +0000] "GET /assets/img/mods/energy.png HTTP/2.0" 200 38862 "https://craftnanny.org/energy.php" "Mozilla/5.0 (Windows NT 10.0; Win64; x64; rv:132.0) Gecko/20100101 Firefox/132.0"
172.70.50.4 - - [13/Nov/2024:07:22:27 +0000] "POST /code/main.php HTTP/2.0" 200 846 "https://craftnanny.org/energy.php" "Mozilla/5.0 (Windows NT 10.0; Win64; x64; rv:132.0) Gecko/20100101 Firefox/132.0"
172.69.214.43 - - [13/Nov/2024:07:22:27 +0000] "GET /assets/img/offline.png HTTP/2.0" 200 277 "https://craftnanny.org/energy.php" "Mozilla/5.0 (Windows NT 10.0; Win64; x64; rv:132.0) Gecko/20100101 Firefox/132.0"
172.70.80.27 - - [13/Nov/2024:07:22:27 +0000] "GET /assets/img/git.png HTTP/2.0" 200 6088 "https://craftnanny.org/energy.php" "Mozilla/5.0 (Windows NT 10.0; Win64; x64; rv:132.0) Gecko/20100101 Firefox/132.0"
108.162.242.84 - - [13/Nov/2024:07:22:27 +0000] "GET /assets/img/screenshots/energy.PNG HTTP/2.0" 200 53392 "https://craftnanny.org/energy.php" "Mozilla/5.0 (Windows NT 10.0; Win64; x64; rv:132.0) Gecko/20100101 Firefox/132.0"
172.70.50.4 - - [13/Nov/2024:07:22:28 +0000] "GET /energy.php HTTP/2.0" 200 1788 "https://craftnanny.org/energy.php" "Mozilla/5.0 (Windows NT 10.0; Win64; x64; rv:132.0) Gecko/20100101 Firefox/132.0"
172.69.130.190 - - [13/Nov/2024:07:22:28 +0000] "GET /assets/js/vendor/modernizr.js HTTP/2.0" 200 11264 "https://craftnanny.org/energy.php" "Mozilla/5.0 (Windows NT 10.0; Win64; x64; rv:132.0) Gecko/20100101 Firefox/132.0"
172.69.130.155 - - [13/Nov/2024:07:22:28 +0000] "GET /assets/js/vendor/jquery.js HTTP/2.0" 200 84732 "https://craftnanny.org/energy.php" "Mozilla/5.0 (Windows NT 10.0; Win64; x64; rv:132.0) Gecko/20100101 Firefox/132.0"
172.69.130.252 - - [13/Nov/2024:07:22:28 +0000] "GET /assets/js/block.js HTTP/2.0" 200 19979 "https://craftnanny.org/energy.php" "Mozilla/5.0 (Windows NT 10.0; Win64; x64; rv:132.0) Gecko/20100101 Firefox/132.0"
172.69.130.254 - - [13/Nov/2024:07:22:28 +0000] "GET /assets/css/foundation.css HTTP/2.0" 200 206885 "https://craftnanny.org/energy.php" "Mozilla/5.0 (Windows NT 10.0; Win64; x64; rv:132.0) Gecko/20100101 Firefox/132.0"
108.162.241.215 - - [13/Nov/2024:07:22:28 +0000] "GET /assets/js/energy.js HTTP/2.0" 200 3679 "https://craftnanny.org/energy.php" "Mozilla/5.0 (Windows NT 10.0; Win64; x64; rv:132.0) Gecko/20100101 Firefox/132.0"
172.69.130.23 - - [13/Nov/2024:07:22:28 +0000] "GET /assets/js/login_check.js HTTP/2.0" 200 550 "https://craftnanny.org/energy.php" "Mozilla/5.0 (Windows NT 10.0; Win64; x64; rv:132.0) Gecko/20100101 Firefox/132.0"
172.70.80.152 - - [13/Nov/2024:07:22:28 +0000] "GET /assets/js/foundation.min.js HTTP/2.0" 200 99152 "https://craftnanny.org/energy.php" "Mozilla/5.0 (Windows NT 10.0; Win64; x64; rv:132.0) Gecko/20100101 Firefox/132.0"
108.162.241.207 - - [13/Nov/2024:07:22:28 +0000] "GET /assets/img/mods/energy.png HTTP/2.0" 200 38862 "https://craftnanny.org/energy.php" "Mozilla/5.0 (Windows NT 10.0; Win64; x64; rv:132.0) Gecko/20100101 Firefox/132.0"
108.162.242.84 - - [13/Nov/2024:07:22:28 +0000] "GET /assets/img/screenshots/energy.PNG HTTP/2.0" 200 53392 "https://craftnanny.org/energy.php" "Mozilla/5.0 (Windows NT 10.0; Win64; x64; rv:132.0) Gecko/20100101 Firefox/132.0"
172.70.80.27 - - [13/Nov/2024:07:22:28 +0000] "GET /assets/img/git.png HTTP/2.0" 200 6088 "https://craftnanny.org/energy.php" "Mozilla/5.0 (Windows NT 10.0; Win64; x64; rv:132.0) Gecko/20100101 Firefox/132.0"
172.69.214.43 - - [13/Nov/2024:07:22:28 +0000] "GET /assets/img/offline.png HTTP/2.0" 200 277 "https://craftnanny.org/energy.php" "Mozilla/5.0 (Windows NT 10.0; Win64; x64; rv:132.0) Gecko/20100101 Firefox/132.0"
172.70.50.4 - - [13/Nov/2024:07:22:28 +0000] "POST /code/main.php HTTP/2.0" 200 846 "https://craftnanny.org/energy.php" "Mozilla/5.0 (Windows NT 10.0; Win64; x64; rv:132.0) Gecko/20100101 Firefox/132.0"
172.70.50.4 - - [13/Nov/2024:07:22:34 +0000] "GET /energy.php HTTP/2.0" 200 1788 "https://craftnanny.org/energy.php" "Mozilla/5.0 (Windows NT 10.0; Win64; x64; rv:132.0) Gecko/20100101 Firefox/132.0"
172.70.80.152 - - [13/Nov/2024:07:22:34 +0000] "GET /assets/js/foundation.min.js HTTP/2.0" 200 99152 "https://craftnanny.org/energy.php" "Mozilla/5.0 (Windows NT 10.0; Win64; x64; rv:132.0) Gecko/20100101 Firefox/132.0"
172.69.130.254 - - [13/Nov/2024:07:22:34 +0000] "GET /assets/css/foundation.css HTTP/2.0" 200 206885 "https://craftnanny.org/energy.php" "Mozilla/5.0 (Windows NT 10.0; Win64; x64; rv:132.0) Gecko/20100101 Firefox/132.0"
172.69.130.155 - - [13/Nov/2024:07:22:34 +0000] "GET /assets/js/vendor/jquery.js HTTP/2.0" 200 84732 "https://craftnanny.org/energy.php" "Mozilla/5.0 (Windows NT 10.0; Win64; x64; rv:132.0) Gecko/20100101 Firefox/132.0"
172.69.130.190 - - [13/Nov/2024:07:22:34 +0000] "GET /assets/js/vendor/modernizr.js HTTP/2.0" 200 11264 "https://craftnanny.org/energy.php" "Mozilla/5.0 (Windows NT 10.0; Win64; x64; rv:132.0) Gecko/20100101 Firefox/132.0"
108.162.241.215 - - [13/Nov/2024:07:22:34 +0000] "GET /assets/js/energy.js HTTP/2.0" 200 3679 "https://craftnanny.org/energy.php" "Mozilla/5.0 (Windows NT 10.0; Win64; x64; rv:132.0) Gecko/20100101 Firefox/132.0"
172.69.130.252 - - [13/Nov/2024:07:22:34 +0000] "GET /assets/js/block.js HTTP/2.0" 200 19979 "https://craftnanny.org/energy.php" "Mozilla/5.0 (Windows NT 10.0; Win64; x64; rv:132.0) Gecko/20100101 Firefox/132.0"
172.69.130.23 - - [13/Nov/2024:07:22:34 +0000] "GET /assets/js/login_check.js HTTP/2.0" 200 550 "https://craftnanny.org/energy.php" "Mozilla/5.0 (Windows NT 10.0; Win64; x64; rv:132.0) Gecko/20100101 Firefox/132.0"
108.162.241.207 - - [13/Nov/2024:07:22:34 +0000] "GET /assets/img/mods/energy.png HTTP/2.0" 200 38862 "https://craftnanny.org/energy.php" "Mozilla/5.0 (Windows NT 10.0; Win64; x64; rv:132.0) Gecko/20100101 Firefox/132.0"
108.162.242.84 - - [13/Nov/2024:07:22:34 +0000] "GET /assets/img/screenshots/energy.PNG HTTP/2.0" 200 53392 "https://craftnanny.org/energy.php" "Mozilla/5.0 (Windows NT 10.0; Win64; x64; rv:132.0) Gecko/20100101 Firefox/132.0"
172.70.80.27 - - [13/Nov/2024:07:22:34 +0000] "GET /assets/img/git.png HTTP/2.0" 200 6088 "https://craftnanny.org/energy.php" "Mozilla/5.0 (Windows NT 10.0; Win64; x64; rv:132.0) Gecko/20100101 Firefox/132.0"
172.69.214.43 - - [13/Nov/2024:07:22:34 +0000] "GET /assets/img/offline.png HTTP/2.0" 200 277 "https://craftnanny.org/energy.php" "Mozilla/5.0 (Windows NT 10.0; Win64; x64; rv:132.0) Gecko/20100101 Firefox/132.0"
172.70.50.4 - - [13/Nov/2024:07:22:34 +0000] "POST /code/main.php HTTP/2.0" 200 1147 "https://craftnanny.org/energy.php" "Mozilla/5.0 (Windows NT 10.0; Win64; x64; rv:132.0) Gecko/20100101 Firefox/132.0"
172.69.214.37 - - [13/Nov/2024:07:22:34 +0000] "GET /favicon.ico HTTP/2.0" 200 20457 "https://craftnanny.org/energy.php" "Mozilla/5.0 (Windows NT 10.0; Win64; x64; rv:132.0) Gecko/20100101 Firefox/132.0"
172.70.80.236 - - [13/Nov/2024:07:23:37 +0000] "GET /code/main.php?a=remove_module&token=9923686171843178635654892915920828501 HTTP/2.0" 200 0 "-" "PostmanRuntime/7.42.0"
172.70.80.236 - - [13/Nov/2024:07:23:53 +0000] "GET /code/main.php?a=getConnections&user_id=5153651828957276289173587621240038055&module_type=2 HTTP/2.0" 200 119 "-" "PostmanRuntime/7.42.0"
172.69.214.205 - - [13/Nov/2024:07:23:58 +0000] "GET /energy.php HTTP/2.0" 200 1788 "https://craftnanny.org/energy.php" "Mozilla/5.0 (Windows NT 10.0; Win64; x64; rv:132.0) Gecko/20100101 Firefox/132.0"
172.69.130.190 - - [13/Nov/2024:07:23:58 +0000] "GET /assets/js/vendor/modernizr.js HTTP/2.0" 200 11264 "https://craftnanny.org/energy.php" "Mozilla/5.0 (Windows NT 10.0; Win64; x64; rv:132.0) Gecko/20100101 Firefox/132.0"
172.69.130.252 - - [13/Nov/2024:07:23:58 +0000] "GET /assets/js/block.js HTTP/2.0" 200 19979 "https://craftnanny.org/energy.php" "Mozilla/5.0 (Windows NT 10.0; Win64; x64; rv:132.0) Gecko/20100101 Firefox/132.0"
172.69.130.22 - - [13/Nov/2024:07:23:58 +0000] "GET /assets/js/login_check.js HTTP/2.0" 200 550 "https://craftnanny.org/energy.php" "Mozilla/5.0 (Windows NT 10.0; Win64; x64; rv:132.0) Gecko/20100101 Firefox/132.0"
172.70.80.152 - - [13/Nov/2024:07:23:58 +0000] "GET /assets/js/foundation.min.js HTTP/2.0" 200 99152 "https://craftnanny.org/energy.php" "Mozilla/5.0 (Windows NT 10.0; Win64; x64; rv:132.0) Gecko/20100101 Firefox/132.0"
172.69.130.155 - - [13/Nov/2024:07:23:58 +0000] "GET /assets/js/vendor/jquery.js HTTP/2.0" 200 84732 "https://craftnanny.org/energy.php" "Mozilla/5.0 (Windows NT 10.0; Win64; x64; rv:132.0) Gecko/20100101 Firefox/132.0"
172.71.120.2 - - [13/Nov/2024:07:23:58 +0000] "GET /assets/css/foundation.css HTTP/2.0" 200 206885 "https://craftnanny.org/energy.php" "Mozilla/5.0 (Windows NT 10.0; Win64; x64; rv:132.0) Gecko/20100101 Firefox/132.0"
108.162.241.214 - - [13/Nov/2024:07:23:58 +0000] "GET /assets/js/energy.js HTTP/2.0" 200 3679 "https://craftnanny.org/energy.php" "Mozilla/5.0 (Windows NT 10.0; Win64; x64; rv:132.0) Gecko/20100101 Firefox/132.0"
172.69.214.205 - - [13/Nov/2024:07:23:58 +0000] "POST /code/main.php HTTP/2.0" 200 591 "https://craftnanny.org/energy.php" "Mozilla/5.0 (Windows NT 10.0; Win64; x64; rv:132.0) Gecko/20100101 Firefox/132.0"
108.162.241.207 - - [13/Nov/2024:07:23:58 +0000] "GET /assets/img/mods/energy.png HTTP/2.0" 200 38862 "https://craftnanny.org/energy.php" "Mozilla/5.0 (Windows NT 10.0; Win64; x64; rv:132.0) Gecko/20100101 Firefox/132.0"
108.162.242.83 - - [13/Nov/2024:07:23:58 +0000] "GET /assets/img/screenshots/energy.PNG HTTP/2.0" 200 53392 "https://craftnanny.org/energy.php" "Mozilla/5.0 (Windows NT 10.0; Win64; x64; rv:132.0) Gecko/20100101 Firefox/132.0"
172.70.80.26 - - [13/Nov/2024:07:23:58 +0000] "GET /assets/img/git.png HTTP/2.0" 200 6088 "https://craftnanny.org/energy.php" "Mozilla/5.0 (Windows NT 10.0; Win64; x64; rv:132.0) Gecko/20100101 Firefox/132.0"
172.69.214.37 - - [13/Nov/2024:07:23:59 +0000] "GET /favicon.ico HTTP/2.0" 200 20457 "https://craftnanny.org/energy.php" "Mozilla/5.0 (Windows NT 10.0; Win64; x64; rv:132.0) Gecko/20100101 Firefox/132.0"
172.69.214.42 - - [13/Nov/2024:07:23:59 +0000] "GET /assets/img/offline.png HTTP/2.0" 200 277 "https://craftnanny.org/energy.php" "Mozilla/5.0 (Windows NT 10.0; Win64; x64; rv:132.0) Gecko/20100101 Firefox/132.0"
172.71.120.3 - - [13/Nov/2024:07:25:47 +0000] "GET /energy.php HTTP/2.0" 200 1788 "https://craftnanny.org/energy.php" "Mozilla/5.0 (Windows NT 10.0; Win64; x64; rv:132.0) Gecko/20100101 Firefox/132.0"
172.69.130.191 - - [13/Nov/2024:07:25:47 +0000] "GET /assets/js/vendor/modernizr.js HTTP/2.0" 200 11264 "https://craftnanny.org/energy.php" "Mozilla/5.0 (Windows NT 10.0; Win64; x64; rv:132.0) Gecko/20100101 Firefox/132.0"
172.69.130.155 - - [13/Nov/2024:07:25:47 +0000] "GET /assets/js/vendor/jquery.js HTTP/2.0" 200 84732 "https://craftnanny.org/energy.php" "Mozilla/5.0 (Windows NT 10.0; Win64; x64; rv:132.0) Gecko/20100101 Firefox/132.0"
172.69.130.22 - - [13/Nov/2024:07:25:47 +0000] "GET /assets/js/login_check.js HTTP/2.0" 200 550 "https://craftnanny.org/energy.php" "Mozilla/5.0 (Windows NT 10.0; Win64; x64; rv:132.0) Gecko/20100101 Firefox/132.0"
108.162.241.214 - - [13/Nov/2024:07:25:47 +0000] "GET /assets/js/energy.js HTTP/2.0" 200 3679 "https://craftnanny.org/energy.php" "Mozilla/5.0 (Windows NT 10.0; Win64; x64; rv:132.0) Gecko/20100101 Firefox/132.0"
172.69.130.253 - - [13/Nov/2024:07:25:47 +0000] "GET /assets/js/block.js HTTP/2.0" 200 19979 "https://craftnanny.org/energy.php" "Mozilla/5.0 (Windows NT 10.0; Win64; x64; rv:132.0) Gecko/20100101 Firefox/132.0"
172.70.80.152 - - [13/Nov/2024:07:25:47 +0000] "GET /assets/js/foundation.min.js HTTP/2.0" 200 99152 "https://craftnanny.org/energy.php" "Mozilla/5.0 (Windows NT 10.0; Win64; x64; rv:132.0) Gecko/20100101 Firefox/132.0"
172.71.120.2 - - [13/Nov/2024:07:25:47 +0000] "GET /assets/css/foundation.css HTTP/2.0" 200 206885 "https://craftnanny.org/energy.php" "Mozilla/5.0 (Windows NT 10.0; Win64; x64; rv:132.0) Gecko/20100101 Firefox/132.0"
172.71.120.3 - - [13/Nov/2024:07:25:47 +0000] "POST /code/main.php HTTP/2.0" 200 591 "https://craftnanny.org/energy.php" "Mozilla/5.0 (Windows NT 10.0; Win64; x64; rv:132.0) Gecko/20100101 Firefox/132.0"
108.162.242.84 - - [13/Nov/2024:07:25:47 +0000] "GET /assets/img/screenshots/energy.PNG HTTP/2.0" 200 53392 "https://craftnanny.org/energy.php" "Mozilla/5.0 (Windows NT 10.0; Win64; x64; rv:132.0) Gecko/20100101 Firefox/132.0"
108.162.241.207 - - [13/Nov/2024:07:25:47 +0000] "GET /assets/img/mods/energy.png HTTP/2.0" 200 38862 "https://craftnanny.org/energy.php" "Mozilla/5.0 (Windows NT 10.0; Win64; x64; rv:132.0) Gecko/20100101 Firefox/132.0"
172.70.80.26 - - [13/Nov/2024:07:25:47 +0000] "GET /assets/img/git.png HTTP/2.0" 200 6088 "https://craftnanny.org/energy.php" "Mozilla/5.0 (Windows NT 10.0; Win64; x64; rv:132.0) Gecko/20100101 Firefox/132.0"
172.69.214.42 - - [13/Nov/2024:07:25:47 +0000] "GET /assets/img/offline.png HTTP/2.0" 200 277 "https://craftnanny.org/energy.php" "Mozilla/5.0 (Windows NT 10.0; Win64; x64; rv:132.0) Gecko/20100101 Firefox/132.0"
172.69.214.36 - - [13/Nov/2024:07:25:47 +0000] "GET /favicon.ico HTTP/2.0" 200 20457 "https://craftnanny.org/energy.php" "Mozilla/5.0 (Windows NT 10.0; Win64; x64; rv:132.0) Gecko/20100101 Firefox/132.0"
172.70.80.157 - - [13/Nov/2024:07:25:48 +0000] "GET /energy.php HTTP/2.0" 200 1788 "https://craftnanny.org/energy.php" "Mozilla/5.0 (Windows NT 10.0; Win64; x64; rv:132.0) Gecko/20100101 Firefox/132.0"
172.71.120.2 - - [13/Nov/2024:07:25:48 +0000] "GET /assets/css/foundation.css HTTP/2.0" 200 206885 "https://craftnanny.org/energy.php" "Mozilla/5.0 (Windows NT 10.0; Win64; x64; rv:132.0) Gecko/20100101 Firefox/132.0"
172.69.130.22 - - [13/Nov/2024:07:25:48 +0000] "GET /assets/js/login_check.js HTTP/2.0" 200 550 "https://craftnanny.org/energy.php" "Mozilla/5.0 (Windows NT 10.0; Win64; x64; rv:132.0) Gecko/20100101 Firefox/132.0"
172.70.80.152 - - [13/Nov/2024:07:25:48 +0000] "GET /assets/js/foundation.min.js HTTP/2.0" 200 99152 "https://craftnanny.org/energy.php" "Mozilla/5.0 (Windows NT 10.0; Win64; x64; rv:132.0) Gecko/20100101 Firefox/132.0"
172.69.130.191 - - [13/Nov/2024:07:25:48 +0000] "GET /assets/js/vendor/modernizr.js HTTP/2.0" 200 11264 "https://craftnanny.org/energy.php" "Mozilla/5.0 (Windows NT 10.0; Win64; x64; rv:132.0) Gecko/20100101 Firefox/132.0"
172.69.130.253 - - [13/Nov/2024:07:25:48 +0000] "GET /assets/js/block.js HTTP/2.0" 200 19979 "https://craftnanny.org/energy.php" "Mozilla/5.0 (Windows NT 10.0; Win64; x64; rv:132.0) Gecko/20100101 Firefox/132.0"
172.69.130.155 - - [13/Nov/2024:07:25:48 +0000] "GET /assets/js/vendor/jquery.js HTTP/2.0" 200 84732 "https://craftnanny.org/energy.php" "Mozilla/5.0 (Windows NT 10.0; Win64; x64; rv:132.0) Gecko/20100101 Firefox/132.0"
108.162.241.214 - - [13/Nov/2024:07:25:48 +0000] "GET /assets/js/energy.js HTTP/2.0" 200 3679 "https://craftnanny.org/energy.php" "Mozilla/5.0 (Windows NT 10.0; Win64; x64; rv:132.0) Gecko/20100101 Firefox/132.0"
108.162.242.84 - - [13/Nov/2024:07:25:48 +0000] "GET /assets/img/screenshots/energy.PNG HTTP/2.0" 200 53392 "https://craftnanny.org/energy.php" "Mozilla/5.0 (Windows NT 10.0; Win64; x64; rv:132.0) Gecko/20100101 Firefox/132.0"
108.162.241.207 - - [13/Nov/2024:07:25:48 +0000] "GET /assets/img/mods/energy.png HTTP/2.0" 200 38862 "https://craftnanny.org/energy.php" "Mozilla/5.0 (Windows NT 10.0; Win64; x64; rv:132.0) Gecko/20100101 Firefox/132.0"
172.70.80.26 - - [13/Nov/2024:07:25:48 +0000] "GET /assets/img/git.png HTTP/2.0" 200 6088 "https://craftnanny.org/energy.php" "Mozilla/5.0 (Windows NT 10.0; Win64; x64; rv:132.0) Gecko/20100101 Firefox/132.0"
172.69.130.249 - - [13/Nov/2024:07:25:49 +0000] "GET /energy_template.html HTTP/2.0" 200 413 "https://craftnanny.org/energy.php" "Mozilla/5.0 (Windows NT 10.0; Win64; x64; rv:132.0) Gecko/20100101 Firefox/132.0"
172.69.130.249 - - [13/Nov/2024:07:25:49 +0000] "POST /code/main.php HTTP/2.0" 200 591 "https://craftnanny.org/energy.php" "Mozilla/5.0 (Windows NT 10.0; Win64; x64; rv:132.0) Gecko/20100101 Firefox/132.0"
172.69.214.36 - - [13/Nov/2024:07:25:49 +0000] "GET /favicon.ico HTTP/2.0" 200 20457 "https://craftnanny.org/energy.php" "Mozilla/5.0 (Windows NT 10.0; Win64; x64; rv:132.0) Gecko/20100101 Firefox/132.0"
172.69.214.42 - - [13/Nov/2024:07:25:49 +0000] "GET /assets/img/offline.png HTTP/2.0" 200 277 "https://craftnanny.org/energy.php" "Mozilla/5.0 (Windows NT 10.0; Win64; x64; rv:132.0) Gecko/20100101 Firefox/132.0"
172.69.214.134 - - [13/Nov/2024:07:32:12 +0000] "POST /code/ping.php HTTP/2.0" 200 43 "-" "computercraft/1.113.1"
172.69.214.204 - - [13/Nov/2024:07:32:12 +0000] "POST /code/energy.php HTTP/2.0" 500 33 "-" "computercraft/1.113.1"
172.70.80.156 - - [13/Nov/2024:07:32:14 +0000] "GET /energy.php HTTP/2.0" 200 1788 "https://craftnanny.org/energy.php" "Mozilla/5.0 (Windows NT 10.0; Win64; x64; rv:132.0) Gecko/20100101 Firefox/132.0"
172.69.130.190 - - [13/Nov/2024:07:32:15 +0000] "GET /assets/js/vendor/modernizr.js HTTP/2.0" 200 11264 "https://craftnanny.org/energy.php" "Mozilla/5.0 (Windows NT 10.0; Win64; x64; rv:132.0) Gecko/20100101 Firefox/132.0"
108.162.241.214 - - [13/Nov/2024:07:32:15 +0000] "GET /assets/js/energy.js HTTP/2.0" 200 3679 "https://craftnanny.org/energy.php" "Mozilla/5.0 (Windows NT 10.0; Win64; x64; rv:132.0) Gecko/20100101 Firefox/132.0"
172.69.130.253 - - [13/Nov/2024:07:32:15 +0000] "GET /assets/js/block.js HTTP/2.0" 200 19979 "https://craftnanny.org/energy.php" "Mozilla/5.0 (Windows NT 10.0; Win64; x64; rv:132.0) Gecko/20100101 Firefox/132.0"
172.70.80.152 - - [13/Nov/2024:07:32:15 +0000] "GET /assets/js/foundation.min.js HTTP/2.0" 200 99152 "https://craftnanny.org/energy.php" "Mozilla/5.0 (Windows NT 10.0; Win64; x64; rv:132.0) Gecko/20100101 Firefox/132.0"
