172.70.80.156 - - [13/Nov/2024:07:11:03 +0000] "GET /home.php HTTP/2.0" 200 2032 "https://craftnanny.org/setup.php" "Mozilla/5.0 (Windows NT 10.0; Win64; x64; rv:132.0) Gecko/20100101 Firefox/132.0"
172.70.80.26 - - [13/Nov/2024:07:11:03 +0000] "GET /assets/img/git.png HTTP/2.0" 200 6088 "https://craftnanny.org/home.php" "Mozilla/5.0 (Windows NT 10.0; Win64; x64; rv:132.0) Gecko/20100101 Firefox/132.0"
172.69.130.154 - - [13/Nov/2024:07:11:03 +0000] "GET /assets/js/vendor/jquery.js HTTP/2.0" 200 84732 "https://craftnanny.org/home.php" "Mozilla/5.0 (Windows NT 10.0; Win64; x64; rv:132.0) Gecko/20100101 Firefox/132.0"
172.69.130.190 - - [13/Nov/2024:07:11:03 +0000] "GET /assets/js/vendor/modernizr.js HTTP/2.0" 200 11264 "https://craftnanny.org/home.php" "Mozilla/5.0 (Windows NT 10.0; Win64; x64; rv:132.0) Gecko/20100101 Firefox/132.0"
172.69.130.23 - - [13/Nov/2024:07:11:03 +0000] "GET /assets/js/login_check.js HTTP/2.0" 200 550 "https://craftnanny.org/home.php" "Mozilla/5.0 (Windows NT 10.0; Win64; x64; rv:132.0) Gecko/20100101 Firefox/132.0"
108.162.241.195 - - [13/Nov/2024:07:11:03 +0000] "GET /assets/js/home.js HTTP/2.0" 200 8847 "https://craftnanny.org/home.php" "Mozilla/5.0 (Windows NT 10.0; Win64; x64; rv:132.0) Gecko/20100101 Firefox/132.0"
172.70.80.153 - - [13/Nov/2024:07:11:03 +0000] "GET /assets/js/foundation.min.js HTTP/2.0" 200 99152 "https://craftnanny.org/home.php" "Mozilla/5.0 (Windows NT 10.0; Win64; x64; rv:132.0) Gecko/20100101 Firefox/132.0"
172.69.130.254 - - [13/Nov/2024:07:11:03 +0000] "GET /assets/css/foundation.css HTTP/2.0" 200 206885 "https://craftnanny.org/home.php" "Mozilla/5.0 (Windows NT 10.0; Win64; x64; rv:132.0) Gecko/20100101 Firefox/132.0"
172.70.80.156 - - [13/Nov/2024:07:11:03 +0000] "GET /module_template.html HTTP/2.0" 200 141 "https://craftnanny.org/home.php" "Mozilla/5.0 (Windows NT 10.0; Win64; x64; rv:132.0) Gecko/20100101 Firefox/132.0"
172.70.80.156 - - [13/Nov/2024:07:11:03 +0000] "GET /event_template.html HTTP/2.0" 200 257 "https://craftnanny.org/home.php" "Mozilla/5.0 (Windows NT 10.0; Win64; x64; rv:132.0) Gecko/20100101 Firefox/132.0"
172.69.214.36 - - [13/Nov/2024:07:11:03 +0000] "GET /favicon.ico HTTP/2.0" 200 20457 "https://craftnanny.org/home.php" "Mozilla/5.0 (Windows NT 10.0; Win64; x64; rv:132.0) Gecko/20100101 Firefox/132.0"
172.70.80.156 - - [13/Nov/2024:07:11:03 +0000] "POST /code/main.php HTTP/2.0" 200 13 "https://craftnanny.org/home.php" "Mozilla/5.0 (Windows NT 10.0; Win64; x64; rv:132.0) Gecko/20100101 Firefox/132.0"
172.70.80.156 - - [13/Nov/2024:07:11:03 +0000] "POST /code/main.php HTTP/2.0" 200 33 "https://craftnanny.org/home.php" "Mozilla/5.0 (Windows NT 10.0; Win64; x64; rv:132.0) Gecko/20100101 Firefox/132.0"
172.70.80.156 - - [13/Nov/2024:07:11:03 +0000] "POST /code/main.php HTTP/2.0" 200 37 "https://craftnanny.org/home.php" "Mozilla/5.0 (Windows NT 10.0; Win64; x64; rv:132.0) Gecko/20100101 Firefox/132.0"
172.70.80.156 - - [13/Nov/2024:07:11:03 +0000] "POST /code/main.php HTTP/2.0" 200 37 "https://craftnanny.org/home.php" "Mozilla/5.0 (Windows NT 10.0; Win64; x64; rv:132.0) Gecko/20100101 Firefox/132.0"
172.70.80.156 - - [13/Nov/2024:07:11:04 +0000] "POST /code/main.php HTTP/2.0" 200 37 "https://craftnanny.org/home.php" "Mozilla/5.0 (Windows NT 10.0; Win64; x64; rv:132.0) Gecko/20100101 Firefox/132.0"
172.70.80.156 - - [13/Nov/2024:07:11:04 +0000] "POST /code/main.php HTTP/2.0" 200 202 "https://craftnanny.org/home.php" "Mozilla/5.0 (Windows NT 10.0; Win64; x64; rv:132.0) Gecko/20100101 Firefox/132.0"
172.69.214.42 - - [13/Nov/2024:07:11:04 +0000] "GET /assets/img/offline.png HTTP/2.0" 200 277 "https://craftnanny.org/home.php" "Mozilla/5.0 (Windows NT 10.0; Win64; x64; rv:132.0) Gecko/20100101 Firefox/132.0"
172.69.214.169 - - [13/Nov/2024:07:11:40 +0000] "GET /home.php HTTP/2.0" 200 2032 "https://craftnanny.org/setup.php" "Mozilla/5.0 (Windows NT 10.0; Win64; x64; rv:132.0) Gecko/20100101 Firefox/132.0"
172.69.130.190 - - [13/Nov/2024:07:11:41 +0000] "GET /assets/js/vendor/modernizr.js HTTP/2.0" 200 11264 "https://craftnanny.org/home.php" "Mozilla/5.0 (Windows NT 10.0; Win64; x64; rv:132.0) Gecko/20100101 Firefox/132.0"
172.70.80.153 - - [13/Nov/2024:07:11:41 +0000] "GET /assets/js/foundation.min.js HTTP/2.0" 200 99152 "https://craftnanny.org/home.php" "Mozilla/5.0 (Windows NT 10.0; Win64; x64; rv:132.0) Gecko/20100101 Firefox/132.0"
172.70.80.26 - - [13/Nov/2024:07:11:41 +0000] "GET /assets/img/git.png HTTP/2.0" 200 6088 "https://craftnanny.org/home.php" "Mozilla/5.0 (Windows NT 10.0; Win64; x64; rv:132.0) Gecko/20100101 Firefox/132.0"
172.69.130.254 - - [13/Nov/2024:07:11:41 +0000] "GET /assets/css/foundation.css HTTP/2.0" 200 206885 "https://craftnanny.org/home.php" "Mozilla/5.0 (Windows NT 10.0; Win64; x64; rv:132.0) Gecko/20100101 Firefox/132.0"
172.69.130.154 - - [13/Nov/2024:07:11:41 +0000] "GET /assets/js/vendor/jquery.js HTTP/2.0" 200 84732 "https://craftnanny.org/home.php" "Mozilla/5.0 (Windows NT 10.0; Win64; x64; rv:132.0) Gecko/20100101 Firefox/132.0"
172.69.130.23 - - [13/Nov/2024:07:11:41 +0000] "GET /assets/js/login_check.js HTTP/2.0" 200 550 "https://craftnanny.org/home.php" "Mozilla/5.0 (Windows NT 10.0; Win64; x64; rv:132.0) Gecko/20100101 Firefox/132.0"
108.162.241.195 - - [13/Nov/2024:07:11:41 +0000] "GET /assets/js/home.js HTTP/2.0" 200 8857 "https://craftnanny.org/home.php" "Mozilla/5.0 (Windows NT 10.0; Win64; x64; rv:132.0) Gecko/20100101 Firefox/132.0"
172.70.50.5 - - [13/Nov/2024:07:11:41 +0000] "GET /module_template.html HTTP/2.0" 200 141 "https://craftnanny.org/home.php" "Mozilla/5.0 (Windows NT 10.0; Win64; x64; rv:132.0) Gecko/20100101 Firefox/132.0"
172.69.214.36 - - [13/Nov/2024:07:11:41 +0000] "GET /favicon.ico HTTP/2.0" 200 20457 "https://craftnanny.org/home.php" "Mozilla/5.0 (Windows NT 10.0; Win64; x64; rv:132.0) Gecko/20100101 Firefox/132.0"
172.70.50.5 - - [13/Nov/2024:07:11:41 +0000] "GET /event_template.html HTTP/2.0" 200 257 "https://craftnanny.org/home.php" "Mozilla/5.0 (Windows NT 10.0; Win64; x64; rv:132.0) Gecko/20100101 Firefox/132.0"
172.70.50.5 - - [13/Nov/2024:07:11:41 +0000] "POST /code/main.php HTTP/2.0" 200 13 "https://craftnanny.org/home.php" "Mozilla/5.0 (Windows NT 10.0; Win64; x64; rv:132.0) Gecko/20100101 Firefox/132.0"
172.70.50.5 - - [13/Nov/2024:07:11:41 +0000] "POST /code/main.php HTTP/2.0" 200 33 "https://craftnanny.org/home.php" "Mozilla/5.0 (Windows NT 10.0; Win64; x64; rv:132.0) Gecko/20100101 Firefox/132.0"
172.70.50.5 - - [13/Nov/2024:07:11:41 +0000] "POST /code/main.php HTTP/2.0" 200 37 "https://craftnanny.org/home.php" "Mozilla/5.0 (Windows NT 10.0; Win64; x64; rv:132.0) Gecko/20100101 Firefox/132.0"
172.70.50.5 - - [13/Nov/2024:07:11:41 +0000] "POST /code/main.php HTTP/2.0" 200 37 "https://craftnanny.org/home.php" "Mozilla/5.0 (Windows NT 10.0; Win64; x64; rv:132.0) Gecko/20100101 Firefox/132.0"
172.70.50.5 - - [13/Nov/2024:07:11:41 +0000] "POST /code/main.php HTTP/2.0" 200 37 "https://craftnanny.org/home.php" "Mozilla/5.0 (Windows NT 10.0; Win64; x64; rv:132.0) Gecko/20100101 Firefox/132.0"
172.70.50.5 - - [13/Nov/2024:07:11:41 +0000] "POST /code/main.php HTTP/2.0" 200 202 "https://craftnanny.org/home.php" "Mozilla/5.0 (Windows NT 10.0; Win64; x64; rv:132.0) Gecko/20100101 Firefox/132.0"
172.69.214.42 - - [13/Nov/2024:07:11:41 +0000] "GET /assets/img/offline.png HTTP/2.0" 200 277 "https://craftnanny.org/home.php" "Mozilla/5.0 (Windows NT 10.0; Win64; x64; rv:132.0) Gecko/20100101 Firefox/132.0"
108.162.241.236 - - [13/Nov/2024:07:11:44 +0000] "GET /home.php HTTP/2.0" 200 2032 "https://craftnanny.org/setup.php" "Mozilla/5.0 (Windows NT 10.0; Win64; x64; rv:132.0) Gecko/20100101 Firefox/132.0"
172.69.130.254 - - [13/Nov/2024:07:11:44 +0000] "GET /assets/css/foundation.css HTTP/2.0" 200 206885 "https://craftnanny.org/home.php" "Mozilla/5.0 (Windows NT 10.0; Win64; x64; rv:132.0) Gecko/20100101 Firefox/132.0"
172.69.130.190 - - [13/Nov/2024:07:11:44 +0000] "GET /assets/js/vendor/modernizr.js HTTP/2.0" 200 11264 "https://craftnanny.org/home.php" "Mozilla/5.0 (Windows NT 10.0; Win64; x64; rv:132.0) Gecko/20100101 Firefox/132.0"
172.70.80.153 - - [13/Nov/2024:07:11:44 +0000] "GET /assets/js/foundation.min.js HTTP/2.0" 200 99152 "https://craftnanny.org/home.php" "Mozilla/5.0 (Windows NT 10.0; Win64; x64; rv:132.0) Gecko/20100101 Firefox/132.0"
172.70.80.26 - - [13/Nov/2024:07:11:44 +0000] "GET /assets/img/git.png HTTP/2.0" 200 6088 "https://craftnanny.org/home.php" "Mozilla/5.0 (Windows NT 10.0; Win64; x64; rv:132.0) Gecko/20100101 Firefox/132.0"
172.69.130.154 - - [13/Nov/2024:07:11:44 +0000] "GET /assets/js/vendor/jquery.js HTTP/2.0" 200 84732 "https://craftnanny.org/home.php" "Mozilla/5.0 (Windows NT 10.0; Win64; x64; rv:132.0) Gecko/20100101 Firefox/132.0"
108.162.241.195 - - [13/Nov/2024:07:11:44 +0000] "GET /assets/js/home.js HTTP/2.0" 200 8857 "https://craftnanny.org/home.php" "Mozilla/5.0 (Windows NT 10.0; Win64; x64; rv:132.0) Gecko/20100101 Firefox/132.0"
172.69.130.23 - - [13/Nov/2024:07:11:44 +0000] "GET /assets/js/login_check.js HTTP/2.0" 200 550 "https://craftnanny.org/home.php" "Mozilla/5.0 (Windows NT 10.0; Win64; x64; rv:132.0) Gecko/20100101 Firefox/132.0"
172.70.80.156 - - [13/Nov/2024:07:11:45 +0000] "GET /module_template.html HTTP/2.0" 200 141 "https://craftnanny.org/home.php" "Mozilla/5.0 (Windows NT 10.0; Win64; x64; rv:132.0) Gecko/20100101 Firefox/132.0"
172.70.80.156 - - [13/Nov/2024:07:11:45 +0000] "GET /event_template.html HTTP/2.0" 200 257 "https://craftnanny.org/home.php" "Mozilla/5.0 (Windows NT 10.0; Win64; x64; rv:132.0) Gecko/20100101 Firefox/132.0"
172.70.80.156 - - [13/Nov/2024:07:11:46 +0000] "POST /code/main.php HTTP/2.0" 200 13 "https://craftnanny.org/home.php" "Mozilla/5.0 (Windows NT 10.0; Win64; x64; rv:132.0) Gecko/20100101 Firefox/132.0"
172.69.214.36 - - [13/Nov/2024:07:11:46 +0000] "GET /favicon.ico HTTP/2.0" 200 20457 "https://craftnanny.org/home.php" "Mozilla/5.0 (Windows NT 10.0; Win64; x64; rv:132.0) Gecko/20100101 Firefox/132.0"
172.70.80.156 - - [13/Nov/2024:07:11:46 +0000] "POST /code/main.php HTTP/2.0" 200 33 "https://craftnanny.org/home.php" "Mozilla/5.0 (Windows NT 10.0; Win64; x64; rv:132.0) Gecko/20100101 Firefox/132.0"
172.70.80.156 - - [13/Nov/2024:07:11:46 +0000] "POST /code/main.php HTTP/2.0" 200 37 "https://craftnanny.org/home.php" "Mozilla/5.0 (Windows NT 10.0; Win64; x64; rv:132.0) Gecko/20100101 Firefox/132.0"
172.70.80.156 - - [13/Nov/2024:07:11:46 +0000] "POST /code/main.php HTTP/2.0" 200 37 "https://craftnanny.org/home.php" "Mozilla/5.0 (Windows NT 10.0; Win64; x64; rv:132.0) Gecko/20100101 Firefox/132.0"
172.70.80.156 - - [13/Nov/2024:07:11:46 +0000] "POST /code/main.php HTTP/2.0" 200 37 "https://craftnanny.org/home.php" "Mozilla/5.0 (Windows NT 10.0; Win64; x64; rv:132.0) Gecko/20100101 Firefox/132.0"
172.70.80.156 - - [13/Nov/2024:07:11:46 +0000] "POST /code/main.php HTTP/2.0" 200 202 "https://craftnanny.org/home.php" "Mozilla/5.0 (Windows NT 10.0; Win64; x64; rv:132.0) Gecko/20100101 Firefox/132.0"
172.69.214.42 - - [13/Nov/2024:07:11:46 +0000] "GET /assets/img/offline.png HTTP/2.0" 200 277 "https://craftnanny.org/home.php" "Mozilla/5.0 (Windows NT 10.0; Win64; x64; rv:132.0) Gecko/20100101 Firefox/132.0"
172.69.214.134 - - [13/Nov/2024:07:13:56 +0000] "GET /code/main.php?a=getUser&user_id=5153651828957276289173587621240038055 HTTP/2.0" 200 33 "-" "PostmanRuntime/7.42.0"
172.70.80.157 - - [13/Nov/2024:07:14:10 +0000] "GET /home.php HTTP/2.0" 200 2032 "https://craftnanny.org/setup.php" "Mozilla/5.0 (Windows NT 10.0; Win64; x64; rv:132.0) Gecko/20100101 Firefox/132.0"
172.69.130.190 - - [13/Nov/2024:07:14:10 +0000] "GET /assets/js/vendor/modernizr.js HTTP/2.0" 200 11264 "https://craftnanny.org/home.php" "Mozilla/5.0 (Windows NT 10.0; Win64; x64; rv:132.0) Gecko/20100101 Firefox/132.0"
172.69.130.22 - - [13/Nov/2024:07:14:10 +0000] "GET /assets/js/login_check.js HTTP/2.0" 200 550 "https://craftnanny.org/home.php" "Mozilla/5.0 (Windows NT 10.0; Win64; x64; rv:132.0) Gecko/20100101 Firefox/132.0"
108.162.241.194 - - [13/Nov/2024:07:14:10 +0000] "GET /assets/js/home.js HTTP/2.0" 200 8793 "https://craftnanny.org/home.php" "Mozilla/5.0 (Windows NT 10.0; Win64; x64; rv:132.0) Gecko/20100101 Firefox/132.0"
172.70.80.26 - - [13/Nov/2024:07:14:10 +0000] "GET /assets/img/git.png HTTP/2.0" 200 6088 "https://craftnanny.org/home.php" "Mozilla/5.0 (Windows NT 10.0; Win64; x64; rv:132.0) Gecko/20100101 Firefox/132.0"
172.69.130.155 - - [13/Nov/2024:07:14:10 +0000] "GET /assets/js/vendor/jquery.js HTTP/2.0" 200 84732 "https://craftnanny.org/home.php" "Mozilla/5.0 (Windows NT 10.0; Win64; x64; rv:132.0) Gecko/20100101 Firefox/132.0"
172.70.80.152 - - [13/Nov/2024:07:14:10 +0000] "GET /assets/js/foundation.min.js HTTP/2.0" 200 99152 "https://craftnanny.org/home.php" "Mozilla/5.0 (Windows NT 10.0; Win64; x64; rv:132.0) Gecko/20100101 Firefox/132.0"
172.69.130.254 - - [13/Nov/2024:07:14:11 +0000] "GET /assets/css/foundation.css HTTP/2.0" 200 206885 "https://craftnanny.org/home.php" "Mozilla/5.0 (Windows NT 10.0; Win64; x64; rv:132.0) Gecko/20100101 Firefox/132.0"
172.70.80.157 - - [13/Nov/2024:07:14:11 +0000] "GET /module_template.html HTTP/2.0" 200 141 "https://craftnanny.org/home.php" "Mozilla/5.0 (Windows NT 10.0; Win64; x64; rv:132.0) Gecko/20100101 Firefox/132.0"
172.70.80.157 - - [13/Nov/2024:07:14:11 +0000] "GET /event_template.html HTTP/2.0" 200 257 "https://craftnanny.org/home.php" "Mozilla/5.0 (Windows NT 10.0; Win64; x64; rv:132.0) Gecko/20100101 Firefox/132.0"
172.70.80.157 - - [13/Nov/2024:07:14:11 +0000] "POST /code/main.php HTTP/2.0" 200 13 "https://craftnanny.org/home.php" "Mozilla/5.0 (Windows NT 10.0; Win64; x64; rv:132.0) Gecko/20100101 Firefox/132.0"
172.69.214.37 - - [13/Nov/2024:07:14:11 +0000] "GET /favicon.ico HTTP/2.0" 200 20457 "https://craftnanny.org/home.php" "Mozilla/5.0 (Windows NT 10.0; Win64; x64; rv:132.0) Gecko/20100101 Firefox/132.0"
172.70.80.157 - - [13/Nov/2024:07:14:11 +0000] "POST /code/main.php HTTP/2.0" 200 33 "https://craftnanny.org/home.php" "Mozilla/5.0 (Windows NT 10.0; Win64; x64; rv:132.0) Gecko/20100101 Firefox/132.0"
172.70.80.157 - - [13/Nov/2024:07:14:11 +0000] "POST /code/main.php HTTP/2.0" 200 37 "https://craftnanny.org/home.php" "Mozilla/5.0 (Windows NT 10.0; Win64; x64; rv:132.0) Gecko/20100101 Firefox/132.0"
172.70.80.157 - - [13/Nov/2024:07:14:11 +0000] "POST /code/main.php HTTP/2.0" 200 37 "https://craftnanny.org/home.php" "Mozilla/5.0 (Windows NT 10.0; Win64; x64; rv:132.0) Gecko/20100101 Firefox/132.0"
172.70.80.157 - - [13/Nov/2024:07:14:11 +0000] "POST /code/main.php HTTP/2.0" 200 37 "https://craftnanny.org/home.php" "Mozilla/5.0 (Windows NT 10.0; Win64; x64; rv:132.0) Gecko/20100101 Firefox/132.0"
172.70.80.157 - - [13/Nov/2024:07:14:11 +0000] "POST /code/main.php HTTP/2.0" 200 202 "https://craftnanny.org/home.php" "Mozilla/5.0 (Windows NT 10.0; Win64; x64; rv:132.0) Gecko/20100101 Firefox/132.0"
172.69.214.43 - - [13/Nov/2024:07:14:11 +0000] "GET /assets/img/offline.png HTTP/2.0" 200 277 "https://craftnanny.org/home.php" "Mozilla/5.0 (Windows NT 10.0; Win64; x64; rv:132.0) Gecko/20100101 Firefox/132.0"
172.70.80.157 - - [13/Nov/2024:07:14:12 +0000] "GET /home.php HTTP/2.0" 200 2032 "https://craftnanny.org/setup.php" "Mozilla/5.0 (Windows NT 10.0; Win64; x64; rv:132.0) Gecko/20100101 Firefox/132.0"
172.69.130.190 - - [13/Nov/2024:07:14:13 +0000] "GET /assets/js/vendor/modernizr.js HTTP/2.0" 200 11264 "https://craftnanny.org/home.php" "Mozilla/5.0 (Windows NT 10.0; Win64; x64; rv:132.0) Gecko/20100101 Firefox/132.0"
172.70.80.152 - - [13/Nov/2024:07:14:13 +0000] "GET /assets/js/foundation.min.js HTTP/2.0" 200 99152 "https://craftnanny.org/home.php" "Mozilla/5.0 (Windows NT 10.0; Win64; x64; rv:132.0) Gecko/20100101 Firefox/132.0"
172.69.130.22 - - [13/Nov/2024:07:14:13 +0000] "GET /assets/js/login_check.js HTTP/2.0" 200 550 "https://craftnanny.org/home.php" "Mozilla/5.0 (Windows NT 10.0; Win64; x64; rv:132.0) Gecko/20100101 Firefox/132.0"
172.69.130.155 - - [13/Nov/2024:07:14:13 +0000] "GET /assets/js/vendor/jquery.js HTTP/2.0" 200 84732 "https://craftnanny.org/home.php" "Mozilla/5.0 (Windows NT 10.0; Win64; x64; rv:132.0) Gecko/20100101 Firefox/132.0"
108.162.241.194 - - [13/Nov/2024:07:14:13 +0000] "GET /assets/js/home.js HTTP/2.0" 200 8793 "https://craftnanny.org/home.php" "Mozilla/5.0 (Windows NT 10.0; Win64; x64; rv:132.0) Gecko/20100101 Firefox/132.0"
172.69.130.254 - - [13/Nov/2024:07:14:13 +0000] "GET /assets/css/foundation.css HTTP/2.0" 200 206885 "https://craftnanny.org/home.php" "Mozilla/5.0 (Windows NT 10.0; Win64; x64; rv:132.0) Gecko/20100101 Firefox/132.0"
172.70.80.26 - - [13/Nov/2024:07:14:14 +0000] "GET /assets/img/git.png HTTP/2.0" 200 6088 "https://craftnanny.org/home.php" "Mozilla/5.0 (Windows NT 10.0; Win64; x64; rv:132.0) Gecko/20100101 Firefox/132.0"
172.70.80.157 - - [13/Nov/2024:07:14:14 +0000] "POST /code/main.php HTTP/2.0" 200 13 "https://craftnanny.org/home.php" "Mozilla/5.0 (Windows NT 10.0; Win64; x64; rv:132.0) Gecko/20100101 Firefox/132.0"
172.69.214.43 - - [13/Nov/2024:07:14:14 +0000] "GET /assets/img/offline.png HTTP/2.0" 200 277 "https://craftnanny.org/home.php" "Mozilla/5.0 (Windows NT 10.0; Win64; x64; rv:132.0) Gecko/20100101 Firefox/132.0"
172.70.80.157 - - [13/Nov/2024:07:14:14 +0000] "POST /code/main.php HTTP/2.0" 200 33 "https://craftnanny.org/home.php" "Mozilla/5.0 (Windows NT 10.0; Win64; x64; rv:132.0) Gecko/20100101 Firefox/132.0"
172.70.80.157 - - [13/Nov/2024:07:14:14 +0000] "POST /code/main.php HTTP/2.0" 200 37 "https://craftnanny.org/home.php" "Mozilla/5.0 (Windows NT 10.0; Win64; x64; rv:132.0) Gecko/20100101 Firefox/132.0"
172.70.80.157 - - [13/Nov/2024:07:14:14 +0000] "POST /code/main.php HTTP/2.0" 200 37 "https://craftnanny.org/home.php" "Mozilla/5.0 (Windows NT 10.0; Win64; x64; rv:132.0) Gecko/20100101 Firefox/132.0"
172.70.80.157 - - [13/Nov/2024:07:14:14 +0000] "POST /code/main.php HTTP/2.0" 200 37 "https://craftnanny.org/home.php" "Mozilla/5.0 (Windows NT 10.0; Win64; x64; rv:132.0) Gecko/20100101 Firefox/132.0"
172.70.80.157 - - [13/Nov/2024:07:14:14 +0000] "POST /code/main.php HTTP/2.0" 200 202 "https://craftnanny.org/home.php" "Mozilla/5.0 (Windows NT 10.0; Win64; x64; rv:132.0) Gecko/20100101 Firefox/132.0"
172.70.80.157 - - [13/Nov/2024:07:14:31 +0000] "GET /home.php HTTP/2.0" 200 2032 "https://craftnanny.org/setup.php" "Mozilla/5.0 (Windows NT 10.0; Win64; x64; rv:132.0) Gecko/20100101 Firefox/132.0"
172.69.130.155 - - [13/Nov/2024:07:14:31 +0000] "GET /assets/js/vendor/jquery.js HTTP/2.0" 200 84732 "https://craftnanny.org/home.php" "Mozilla/5.0 (Windows NT 10.0; Win64; x64; rv:132.0) Gecko/20100101 Firefox/132.0"
172.70.80.152 - - [13/Nov/2024:07:14:31 +0000] "GET /assets/js/foundation.min.js HTTP/2.0" 200 99152 "https://craftnanny.org/home.php" "Mozilla/5.0 (Windows NT 10.0; Win64; x64; rv:132.0) Gecko/20100101 Firefox/132.0"
172.69.130.190 - - [13/Nov/2024:07:14:31 +0000] "GET /assets/js/vendor/modernizr.js HTTP/2.0" 200 11264 "https://craftnanny.org/home.php" "Mozilla/5.0 (Windows NT 10.0; Win64; x64; rv:132.0) Gecko/20100101 Firefox/132.0"
172.69.130.22 - - [13/Nov/2024:07:14:31 +0000] "GET /assets/js/login_check.js HTTP/2.0" 200 550 "https://craftnanny.org/home.php" "Mozilla/5.0 (Windows NT 10.0; Win64; x64; rv:132.0) Gecko/20100101 Firefox/132.0"
108.162.241.194 - - [13/Nov/2024:07:14:31 +0000] "GET /assets/js/home.js HTTP/2.0" 200 8785 "https://craftnanny.org/home.php" "Mozilla/5.0 (Windows NT 10.0; Win64; x64; rv:132.0) Gecko/20100101 Firefox/132.0"
172.69.130.254 - - [13/Nov/2024:07:14:32 +0000] "GET /assets/css/foundation.css HTTP/2.0" 200 206885 "https://craftnanny.org/home.php" "Mozilla/5.0 (Windows NT 10.0; Win64; x64; rv:132.0) Gecko/20100101 Firefox/132.0"
172.70.80.26 - - [13/Nov/2024:07:14:32 +0000] "GET /assets/img/git.png HTTP/2.0" 200 6088 "https://craftnanny.org/home.php" "Mozilla/5.0 (Windows NT 10.0; Win64; x64; rv:132.0) Gecko/20100101 Firefox/132.0"
172.70.80.157 - - [13/Nov/2024:07:14:32 +0000] "GET /module_template.html HTTP/2.0" 200 141 "https://craftnanny.org/home.php" "Mozilla/5.0 (Windows NT 10.0; Win64; x64; rv:132.0) Gecko/20100101 Firefox/132.0"
172.69.214.37 - - [13/Nov/2024:07:14:32 +0000] "GET /favicon.ico HTTP/2.0" 200 20457 "https://craftnanny.org/home.php" "Mozilla/5.0 (Windows NT 10.0; Win64; x64; rv:132.0) Gecko/20100101 Firefox/132.0"
172.70.80.157 - - [13/Nov/2024:07:14:32 +0000] "POST /code/main.php HTTP/2.0" 200 13 "https://craftnanny.org/home.php" "Mozilla/5.0 (Windows NT 10.0; Win64; x64; rv:132.0) Gecko/20100101 Firefox/132.0"
172.69.214.43 - - [13/Nov/2024:07:14:32 +0000] "GET /assets/img/offline.png HTTP/2.0" 200 277 "https://craftnanny.org/home.php" "Mozilla/5.0 (Windows NT 10.0; Win64; x64; rv:132.0) Gecko/20100101 Firefox/132.0"
172.70.80.157 - - [13/Nov/2024:07:14:32 +0000] "POST /code/main.php HTTP/2.0" 200 33 "https://craftnanny.org/home.php" "Mozilla/5.0 (Windows NT 10.0; Win64; x64; rv:132.0) Gecko/20100101 Firefox/132.0"
172.70.80.157 - - [13/Nov/2024:07:14:32 +0000] "POST /code/main.php HTTP/2.0" 200 37 "https://craftnanny.org/home.php" "Mozilla/5.0 (Windows NT 10.0; Win64; x64; rv:132.0) Gecko/20100101 Firefox/132.0"
172.70.80.157 - - [13/Nov/2024:07:14:33 +0000] "POST /code/main.php HTTP/2.0" 200 37 "https://craftnanny.org/home.php" "Mozilla/5.0 (Windows NT 10.0; Win64; x64; rv:132.0) Gecko/20100101 Firefox/132.0"
172.70.80.157 - - [13/Nov/2024:07:14:33 +0000] "POST /code/main.php HTTP/2.0" 200 37 "https://craftnanny.org/home.php" "Mozilla/5.0 (Windows NT 10.0; Win64; x64; rv:132.0) Gecko/20100101 Firefox/132.0"
172.70.80.157 - - [13/Nov/2024:07:14:33 +0000] "POST /code/main.php HTTP/2.0" 200 202 "https://craftnanny.org/home.php" "Mozilla/5.0 (Windows NT 10.0; Win64; x64; rv:132.0) Gecko/20100101 Firefox/132.0"
172.69.214.205 - - [13/Nov/2024:07:15:25 +0000] "GET /home.php HTTP/2.0" 200 2032 "https://craftnanny.org/setup.php" "Mozilla/5.0 (Windows NT 10.0; Win64; x64; rv:132.0) Gecko/20100101 Firefox/132.0"
172.69.130.190 - - [13/Nov/2024:07:15:26 +0000] "GET /assets/js/vendor/modernizr.js HTTP/2.0" 200 11264 "https://craftnanny.org/home.php" "Mozilla/5.0 (Windows NT 10.0; Win64; x64; rv:132.0) Gecko/20100101 Firefox/132.0"
172.70.80.152 - - [13/Nov/2024:07:15:26 +0000] "GET /assets/js/foundation.min.js HTTP/2.0" 200 99152 "https://craftnanny.org/home.php" "Mozilla/5.0 (Windows NT 10.0; Win64; x64; rv:132.0) Gecko/20100101 Firefox/132.0"
172.69.130.155 - - [13/Nov/2024:07:15:26 +0000] "GET /assets/js/vendor/jquery.js HTTP/2.0" 200 84732 "https://craftnanny.org/home.php" "Mozilla/5.0 (Windows NT 10.0; Win64; x64; rv:132.0) Gecko/20100101 Firefox/132.0"
172.70.80.26 - - [13/Nov/2024:07:15:26 +0000] "GET /assets/img/git.png HTTP/2.0" 200 6088 "https://craftnanny.org/home.php" "Mozilla/5.0 (Windows NT 10.0; Win64; x64; rv:132.0) Gecko/20100101 Firefox/132.0"
172.69.130.22 - - [13/Nov/2024:07:15:26 +0000] "GET /assets/js/login_check.js HTTP/2.0" 200 550 "https://craftnanny.org/home.php" "Mozilla/5.0 (Windows NT 10.0; Win64; x64; rv:132.0) Gecko/20100101 Firefox/132.0"
108.162.241.194 - - [13/Nov/2024:07:15:26 +0000] "GET /assets/js/home.js HTTP/2.0" 200 8785 "https://craftnanny.org/home.php" "Mozilla/5.0 (Windows NT 10.0; Win64; x64; rv:132.0) Gecko/20100101 Firefox/132.0"
172.69.130.254 - - [13/Nov/2024:07:15:26 +0000] "GET /assets/css/foundation.css HTTP/2.0" 200 206885 "https://craftnanny.org/home.php" "Mozilla/5.0 (Windows NT 10.0; Win64; x64; rv:132.0) Gecko/20100101 Firefox/132.0"
172.69.214.205 - - [13/Nov/2024:07:15:26 +0000] "GET /module_template.html HTTP/2.0" 200 141 "https://craftnanny.org/home.php" "Mozilla/5.0 (Windows NT 10.0; Win64; x64; rv:132.0) Gecko/20100101 Firefox/132.0"
172.69.214.37 - - [13/Nov/2024:07:15:26 +0000] "GET /favicon.ico HTTP/2.0" 200 20457 "https://craftnanny.org/home.php" "Mozilla/5.0 (Windows NT 10.0; Win64; x64; rv:132.0) Gecko/20100101 Firefox/132.0"
172.69.214.205 - - [13/Nov/2024:07:15:27 +0000] "GET /event_template.html HTTP/2.0" 200 257 "https://craftnanny.org/home.php" "Mozilla/5.0 (Windows NT 10.0; Win64; x64; rv:132.0) Gecko/20100101 Firefox/132.0"
172.69.214.205 - - [13/Nov/2024:07:15:27 +0000] "POST /code/main.php HTTP/2.0" 200 13 "https://craftnanny.org/home.php" "Mozilla/5.0 (Windows NT 10.0; Win64; x64; rv:132.0) Gecko/20100101 Firefox/132.0"
172.69.214.205 - - [13/Nov/2024:07:15:27 +0000] "POST /code/main.php HTTP/2.0" 200 33 "https://craftnanny.org/home.php" "Mozilla/5.0 (Windows NT 10.0; Win64; x64; rv:132.0) Gecko/20100101 Firefox/132.0"
172.69.214.205 - - [13/Nov/2024:07:15:27 +0000] "POST /code/main.php HTTP/2.0" 200 37 "https://craftnanny.org/home.php" "Mozilla/5.0 (Windows NT 10.0; Win64; x64; rv:132.0) Gecko/20100101 Firefox/132.0"
172.69.214.205 - - [13/Nov/2024:07:15:27 +0000] "POST /code/main.php HTTP/2.0" 200 37 "https://craftnanny.org/home.php" "Mozilla/5.0 (Windows NT 10.0; Win64; x64; rv:132.0) Gecko/20100101 Firefox/132.0"
172.69.214.205 - - [13/Nov/2024:07:15:27 +0000] "POST /code/main.php HTTP/2.0" 200 202 "https://craftnanny.org/home.php" "Mozilla/5.0 (Windows NT 10.0; Win64; x64; rv:132.0) Gecko/20100101 Firefox/132.0"
172.69.214.205 - - [13/Nov/2024:07:15:27 +0000] "POST /code/main.php HTTP/2.0" 200 37 "https://craftnanny.org/home.php" "Mozilla/5.0 (Windows NT 10.0; Win64; x64; rv:132.0) Gecko/20100101 Firefox/132.0"
172.69.214.43 - - [13/Nov/2024:07:15:27 +0000] "GET /assets/img/offline.png HTTP/2.0" 200 277 "https://craftnanny.org/home.php" "Mozilla/5.0 (Windows NT 10.0; Win64; x64; rv:132.0) Gecko/20100101 Firefox/132.0"
108.162.241.180 - - [13/Nov/2024:07:17:06 +0000] "GET /code/main.php?a=load_redstone_events&user_id=5153651828957276289173587621240038055 HTTP/2.0" 200 13 "-" "PostmanRuntime/7.42.0"
108.162.241.180 - - [13/Nov/2024:07:18:00 +0000] "GET /code/main.php?a=getConnections&user_id=5153651828957276289173587621240038055&module_type=1 HTTP/2.0" 200 37 "-" "PostmanRuntime/7.42.0"
172.70.50.5 - - [13/Nov/2024:07:18:49 +0000] "GET /home.php HTTP/2.0" 200 2032 "https://craftnanny.org/setup.php" "Mozilla/5.0 (Windows NT 10.0; Win64; x64; rv:132.0) Gecko/20100101 Firefox/132.0"
172.69.130.190 - - [13/Nov/2024:07:18:49 +0000] "GET /assets/js/vendor/modernizr.js HTTP/2.0" 200 11264 "https://craftnanny.org/home.php" "Mozilla/5.0 (Windows NT 10.0; Win64; x64; rv:132.0) Gecko/20100101 Firefox/132.0"
172.69.130.155 - - [13/Nov/2024:07:18:49 +0000] "GET /assets/js/vendor/jquery.js HTTP/2.0" 200 84732 "https://craftnanny.org/home.php" "Mozilla/5.0 (Windows NT 10.0; Win64; x64; rv:132.0) Gecko/20100101 Firefox/132.0"
172.70.80.27 - - [13/Nov/2024:07:18:49 +0000] "GET /assets/img/git.png HTTP/2.0" 200 6088 "https://craftnanny.org/home.php" "Mozilla/5.0 (Windows NT 10.0; Win64; x64; rv:132.0) Gecko/20100101 Firefox/132.0"
172.69.130.23 - - [13/Nov/2024:07:18:49 +0000] "GET /assets/js/login_check.js HTTP/2.0" 200 550 "https://craftnanny.org/home.php" "Mozilla/5.0 (Windows NT 10.0; Win64; x64; rv:132.0) Gecko/20100101 Firefox/132.0"
108.162.241.194 - - [13/Nov/2024:07:18:49 +0000] "GET /assets/js/home.js HTTP/2.0" 200 8789 "https://craftnanny.org/home.php" "Mozilla/5.0 (Windows NT 10.0; Win64; x64; rv:132.0) Gecko/20100101 Firefox/132.0"
172.70.80.152 - - [13/Nov/2024:07:18:49 +0000] "GET /assets/js/foundation.min.js HTTP/2.0" 200 99152 "https://craftnanny.org/home.php" "Mozilla/5.0 (Windows NT 10.0; Win64; x64; rv:132.0) Gecko/20100101 Firefox/132.0"
172.69.130.254 - - [13/Nov/2024:07:18:49 +0000] "GET /assets/css/foundation.css HTTP/2.0" 200 206885 "https://craftnanny.org/home.php" "Mozilla/5.0 (Windows NT 10.0; Win64; x64; rv:132.0) Gecko/20100101 Firefox/132.0"
172.70.50.5 - - [13/Nov/2024:07:18:50 +0000] "GET /module_template.html HTTP/2.0" 200 141 "https://craftnanny.org/home.php" "Mozilla/5.0 (Windows NT 10.0; Win64; x64; rv:132.0) Gecko/20100101 Firefox/132.0"
172.70.50.5 - - [13/Nov/2024:07:18:50 +0000] "GET /event_template.html HTTP/2.0" 200 257 "https://craftnanny.org/home.php" "Mozilla/5.0 (Windows NT 10.0; Win64; x64; rv:132.0) Gecko/20100101 Firefox/132.0"
172.69.214.37 - - [13/Nov/2024:07:18:50 +0000] "GET /favicon.ico HTTP/2.0" 200 20457 "https://craftnanny.org/home.php" "Mozilla/5.0 (Windows NT 10.0; Win64; x64; rv:132.0) Gecko/20100101 Firefox/132.0"
172.70.50.5 - - [13/Nov/2024:07:18:50 +0000] "POST /code/main.php HTTP/2.0" 200 13 "https://craftnanny.org/home.php" "Mozilla/5.0 (Windows NT 10.0; Win64; x64; rv:132.0) Gecko/20100101 Firefox/132.0"
172.70.50.5 - - [13/Nov/2024:07:18:50 +0000] "POST /code/main.php HTTP/2.0" 200 33 "https://craftnanny.org/home.php" "Mozilla/5.0 (Windows NT 10.0; Win64; x64; rv:132.0) Gecko/20100101 Firefox/132.0"
172.70.50.5 - - [13/Nov/2024:07:18:50 +0000] "POST /code/main.php HTTP/2.0" 200 37 "https://craftnanny.org/home.php" "Mozilla/5.0 (Windows NT 10.0; Win64; x64; rv:132.0) Gecko/20100101 Firefox/132.0"
172.70.50.5 - - [13/Nov/2024:07:18:50 +0000] "POST /code/main.php HTTP/2.0" 200 37 "https://craftnanny.org/home.php" "Mozilla/5.0 (Windows NT 10.0; Win64; x64; rv:132.0) Gecko/20100101 Firefox/132.0"
172.70.50.5 - - [13/Nov/2024:07:18:50 +0000] "POST /code/main.php HTTP/2.0" 200 37 "https://craftnanny.org/home.php" "Mozilla/5.0 (Windows NT 10.0; Win64; x64; rv:132.0) Gecko/20100101 Firefox/132.0"
172.70.50.5 - - [13/Nov/2024:07:18:50 +0000] "POST /code/main.php HTTP/2.0" 200 202 "https://craftnanny.org/home.php" "Mozilla/5.0 (Windows NT 10.0; Win64; x64; rv:132.0) Gecko/20100101 Firefox/132.0"
172.69.214.43 - - [13/Nov/2024:07:18:50 +0000] "GET /assets/img/offline.png HTTP/2.0" 200 277 "https://craftnanny.org/home.php" "Mozilla/5.0 (Windows NT 10.0; Win64; x64; rv:132.0) Gecko/20100101 Firefox/132.0"
172.70.50.5 - - [13/Nov/2024:07:18:52 +0000] "GET /tracking.php HTTP/2.0" 200 1654 "https://craftnanny.org/home.php" "Mozilla/5.0 (Windows NT 10.0; Win64; x64; rv:132.0) Gecko/20100101 Firefox/132.0"
172.69.130.190 - - [13/Nov/2024:07:18:52 +0000] "GET /assets/js/vendor/modernizr.js HTTP/2.0" 200 11264 "https://craftnanny.org/tracking.php" "Mozilla/5.0 (Windows NT 10.0; Win64; x64; rv:132.0) Gecko/20100101 Firefox/132.0"
172.70.80.152 - - [13/Nov/2024:07:18:52 +0000] "GET /assets/js/foundation.min.js HTTP/2.0" 200 99152 "https://craftnanny.org/tracking.php" "Mozilla/5.0 (Windows NT 10.0; Win64; x64; rv:132.0) Gecko/20100101 Firefox/132.0"
172.69.130.23 - - [13/Nov/2024:07:18:52 +0000] "GET /assets/js/login_check.js HTTP/2.0" 200 550 "https://craftnanny.org/tracking.php" "Mozilla/5.0 (Windows NT 10.0; Win64; x64; rv:132.0) Gecko/20100101 Firefox/132.0"
172.69.130.155 - - [13/Nov/2024:07:18:52 +0000] "GET /assets/js/vendor/jquery.js HTTP/2.0" 200 84732 "https://craftnanny.org/tracking.php" "Mozilla/5.0 (Windows NT 10.0; Win64; x64; rv:132.0) Gecko/20100101 Firefox/132.0"
172.69.214.110 - - [13/Nov/2024:07:18:52 +0000] "GET /assets/js/tracking.js HTTP/2.0" 200 5021 "https://craftnanny.org/tracking.php" "Mozilla/5.0 (Windows NT 10.0; Win64; x64; rv:132.0) Gecko/20100101 Firefox/132.0"
172.69.130.254 - - [13/Nov/2024:07:18:52 +0000] "GET /assets/css/foundation.css HTTP/2.0" 200 206885 "https://craftnanny.org/tracking.php" "Mozilla/5.0 (Windows NT 10.0; Win64; x64; rv:132.0) Gecko/20100101 Firefox/132.0"
172.70.50.5 - - [13/Nov/2024:07:18:52 +0000] "POST /code/main.php HTTP/2.0" 200 33 "https://craftnanny.org/tracking.php" "Mozilla/5.0 (Windows NT 10.0; Win64; x64; rv:132.0) Gecko/20100101 Firefox/132.0"
172.70.80.27 - - [13/Nov/2024:07:18:52 +0000] "GET /assets/img/git.png HTTP/2.0" 200 6088 "https://craftnanny.org/tracking.php" "Mozilla/5.0 (Windows NT 10.0; Win64; x64; rv:132.0) Gecko/20100101 Firefox/132.0"
172.69.214.165 - - [13/Nov/2024:07:18:52 +0000] "GET /assets/img/mods/player.png HTTP/2.0" 200 57263 "https://craftnanny.org/tracking.php" "Mozilla/5.0 (Windows NT 10.0; Win64; x64; rv:132.0) Gecko/20100101 Firefox/132.0"
172.69.214.107 - - [13/Nov/2024:07:18:52 +0000] "GET /assets/img/screenshots/tracking.PNG HTTP/2.0" 200 89932 "https://craftnanny.org/tracking.php" "Mozilla/5.0 (Windows NT 10.0; Win64; x64; rv:132.0) Gecko/20100101 Firefox/132.0"
172.69.214.50 - - [13/Nov/2024:07:18:52 +0000] "GET /assets/img/skin.PNG HTTP/2.0" 200 25833 "https://craftnanny.org/tracking.php" "Mozilla/5.0 (Windows NT 10.0; Win64; x64; rv:132.0) Gecko/20100101 Firefox/132.0"
172.70.50.5 - - [13/Nov/2024:07:18:54 +0000] "POST /code/main.php HTTP/2.0" 200 34 "https://craftnanny.org/tracking.php" "Mozilla/5.0 (Windows NT 10.0; Win64; x64; rv:132.0) Gecko/20100101 Firefox/132.0"
172.69.214.43 - - [13/Nov/2024:07:18:54 +0000] "GET /assets/img/offline.png HTTP/2.0" 200 277 "https://craftnanny.org/tracking.php" "Mozilla/5.0 (Windows NT 10.0; Win64; x64; rv:132.0) Gecko/20100101 Firefox/132.0"
172.70.50.5 - - [13/Nov/2024:07:18:57 +0000] "GET /energy.php HTTP/2.0" 200 1788 "https://craftnanny.org/tracking.php" "Mozilla/5.0 (Windows NT 10.0; Win64; x64; rv:132.0) Gecko/20100101 Firefox/132.0"
172.69.130.155 - - [13/Nov/2024:07:18:57 +0000] "GET /assets/js/vendor/jquery.js HTTP/2.0" 200 84732 "https://craftnanny.org/energy.php" "Mozilla/5.0 (Windows NT 10.0; Win64; x64; rv:132.0) Gecko/20100101 Firefox/132.0"
172.69.130.190 - - [13/Nov/2024:07:18:57 +0000] "GET /assets/js/vendor/modernizr.js HTTP/2.0" 200 11264 "https://craftnanny.org/energy.php" "Mozilla/5.0 (Windows NT 10.0; Win64; x64; rv:132.0) Gecko/20100101 Firefox/132.0"
172.69.130.23 - - [13/Nov/2024:07:18:57 +0000] "GET /assets/js/login_check.js HTTP/2.0" 200 550 "https://craftnanny.org/energy.php" "Mozilla/5.0 (Windows NT 10.0; Win64; x64; rv:132.0) Gecko/20100101 Firefox/132.0"
172.70.80.152 - - [13/Nov/2024:07:18:57 +0000] "GET /assets/js/foundation.min.js HTTP/2.0" 200 99152 "https://craftnanny.org/energy.php" "Mozilla/5.0 (Windows NT 10.0; Win64; x64; rv:132.0) Gecko/20100101 Firefox/132.0"
108.162.241.215 - - [13/Nov/2024:07:18:57 +0000] "GET /assets/js/energy.js HTTP/2.0" 200 3679 "https://craftnanny.org/energy.php" "Mozilla/5.0 (Windows NT 10.0; Win64; x64; rv:132.0) Gecko/20100101 Firefox/132.0"
108.162.241.207 - - [13/Nov/2024:07:18:57 +0000] "GET /assets/img/mods/energy.png HTTP/2.0" 200 38862 "https://craftnanny.org/energy.php" "Mozilla/5.0 (Windows NT 10.0; Win64; x64; rv:132.0) Gecko/20100101 Firefox/132.0"
172.69.130.252 - - [13/Nov/2024:07:18:57 +0000] "GET /assets/js/block.js HTTP/2.0" 200 19979 "https://craftnanny.org/energy.php" "Mozilla/5.0 (Windows NT 10.0; Win64; x64; rv:132.0) Gecko/20100101 Firefox/132.0"
108.162.242.84 - - [13/Nov/2024:07:18:57 +0000] "GET /assets/img/screenshots/energy.PNG HTTP/2.0" 200 53392 "https://craftnanny.org/energy.php" "Mozilla/5.0 (Windows NT 10.0; Win64; x64; rv:132.0) Gecko/20100101 Firefox/132.0"
172.69.130.254 - - [13/Nov/2024:07:18:57 +0000] "GET /assets/css/foundation.css HTTP/2.0" 200 206885 "https://craftnanny.org/energy.php" "Mozilla/5.0 (Windows NT 10.0; Win64; x64; rv:132.0) Gecko/20100101 Firefox/132.0"
172.70.80.27 - - [13/Nov/2024:07:18:57 +0000] "GET /assets/img/git.png HTTP/2.0" 200 6088 "https://craftnanny.org/energy.php" "Mozilla/5.0 (Windows NT 10.0; Win64; x64; rv:132.0) Gecko/20100101 Firefox/132.0"
172.69.214.43 - - [13/Nov/2024:07:18:57 +0000] "GET /assets/img/offline.png HTTP/2.0" 200 277 "https://craftnanny.org/energy.php" "Mozilla/5.0 (Windows NT 10.0; Win64; x64; rv:132.0) Gecko/20100101 Firefox/132.0"
172.70.50.5 - - [13/Nov/2024:07:18:57 +0000] "POST /code/main.php HTTP/2.0" 200 846 "https://craftnanny.org/energy.php" "Mozilla/5.0 (Windows NT 10.0; Win64; x64; rv:132.0) Gecko/20100101 Firefox/132.0"
172.70.50.5 - - [13/Nov/2024:07:18:59 +0000] "GET /energy.php HTTP/2.0" 200 1788 "https://craftnanny.org/energy.php" "Mozilla/5.0 (Windows NT 10.0; Win64; x64; rv:132.0) Gecko/20100101 Firefox/132.0"
172.69.130.155 - - [13/Nov/2024:07:18:59 +0000] "GET /assets/js/vendor/jquery.js HTTP/2.0" 200 84732 "https://craftnanny.org/energy.php" "Mozilla/5.0 (Windows NT 10.0; Win64; x64; rv:132.0) Gecko/20100101 Firefox/132.0"
172.70.80.152 - - [13/Nov/2024:07:18:59 +0000] "GET /assets/js/foundation.min.js HTTP/2.0" 200 99152 "https://craftnanny.org/energy.php" "Mozilla/5.0 (Windows NT 10.0; Win64; x64; rv:132.0) Gecko/20100101 Firefox/132.0"
172.69.130.190 - - [13/Nov/2024:07:18:59 +0000] "GET /assets/js/vendor/modernizr.js HTTP/2.0" 200 11264 "https://craftnanny.org/energy.php" "Mozilla/5.0 (Windows NT 10.0; Win64; x64; rv:132.0) Gecko/20100101 Firefox/132.0"
108.162.241.215 - - [13/Nov/2024:07:18:59 +0000] "GET /assets/js/energy.js HTTP/2.0" 200 3679 "https://craftnanny.org/energy.php" "Mozilla/5.0 (Windows NT 10.0; Win64; x64; rv:132.0) Gecko/20100101 Firefox/132.0"
172.69.130.23 - - [13/Nov/2024:07:18:59 +0000] "GET /assets/js/login_check.js HTTP/2.0" 200 550 "https://craftnanny.org/energy.php" "Mozilla/5.0 (Windows NT 10.0; Win64; x64; rv:132.0) Gecko/20100101 Firefox/132.0"
172.69.130.252 - - [13/Nov/2024:07:18:59 +0000] "GET /assets/js/block.js HTTP/2.0" 200 19979 "https://craftnanny.org/energy.php" "Mozilla/5.0 (Windows NT 10.0; Win64; x64; rv:132.0) Gecko/20100101 Firefox/132.0"
172.69.130.254 - - [13/Nov/2024:07:18:59 +0000] "GET /assets/css/foundation.css HTTP/2.0" 200 206885 "https://craftnanny.org/energy.php" "Mozilla/5.0 (Windows NT 10.0; Win64; x64; rv:132.0) Gecko/20100101 Firefox/132.0"
172.70.80.27 - - [13/Nov/2024:07:19:00 +0000] "GET /assets/img/git.png HTTP/2.0" 200 6088 "https://craftnanny.org/energy.php" "Mozilla/5.0 (Windows NT 10.0; Win64; x64; rv:132.0) Gecko/20100101 Firefox/132.0"
108.162.242.84 - - [13/Nov/2024:07:19:00 +0000] "GET /assets/img/screenshots/energy.PNG HTTP/2.0" 200 53392 "https://craftnanny.org/energy.php" "Mozilla/5.0 (Windows NT 10.0; Win64; x64; rv:132.0) Gecko/20100101 Firefox/132.0"
108.162.241.207 - - [13/Nov/2024:07:19:00 +0000] "GET /assets/img/mods/energy.png HTTP/2.0" 200 38862 "https://craftnanny.org/energy.php" "Mozilla/5.0 (Windows NT 10.0; Win64; x64; rv:132.0) Gecko/20100101 Firefox/132.0"
172.70.50.5 - - [13/Nov/2024:07:19:00 +0000] "POST /code/main.php HTTP/2.0" 200 846 "https://craftnanny.org/energy.php" "Mozilla/5.0 (Windows NT 10.0; Win64; x64; rv:132.0) Gecko/20100101 Firefox/132.0"
172.69.214.43 - - [13/Nov/2024:07:19:00 +0000] "GET /assets/img/offline.png HTTP/2.0" 200 277 "https://craftnanny.org/energy.php" "Mozilla/5.0 (Windows NT 10.0; Win64; x64; rv:132.0) Gecko/20100101 Firefox/132.0"
172.70.50.5 - - [13/Nov/2024:07:19:00 +0000] "GET /fluid.php HTTP/2.0" 200 1695 "https://craftnanny.org/energy.php" "Mozilla/5.0 (Windows NT 10.0; Win64; x64; rv:132.0) Gecko/20100101 Firefox/132.0"
172.70.80.152 - - [13/Nov/2024:07:19:00 +0000] "GET /assets/js/foundation.min.js HTTP/2.0" 200 99152 "https://craftnanny.org/fluid.php" "Mozilla/5.0 (Windows NT 10.0; Win64; x64; rv:132.0) Gecko/20100101 Firefox/132.0"
172.69.130.190 - - [13/Nov/2024:07:19:00 +0000] "GET /assets/js/vendor/modernizr.js HTTP/2.0" 200 11264 "https://craftnanny.org/fluid.php" "Mozilla/5.0 (Windows NT 10.0; Win64; x64; rv:132.0) Gecko/20100101 Firefox/132.0"
172.69.130.252 - - [13/Nov/2024:07:19:00 +0000] "GET /assets/js/block.js HTTP/2.0" 200 19979 "https://craftnanny.org/fluid.php" "Mozilla/5.0 (Windows NT 10.0; Win64; x64; rv:132.0) Gecko/20100101 Firefox/132.0"
172.69.130.23 - - [13/Nov/2024:07:19:00 +0000] "GET /assets/js/login_check.js HTTP/2.0" 200 550 "https://craftnanny.org/fluid.php" "Mozilla/5.0 (Windows NT 10.0; Win64; x64; rv:132.0) Gecko/20100101 Firefox/132.0"
172.69.130.155 - - [13/Nov/2024:07:19:00 +0000] "GET /assets/js/vendor/jquery.js HTTP/2.0" 200 84732 "https://craftnanny.org/fluid.php" "Mozilla/5.0 (Windows NT 10.0; Win64; x64; rv:132.0) Gecko/20100101 Firefox/132.0"
172.69.130.254 - - [13/Nov/2024:07:19:01 +0000] "GET /assets/css/foundation.css HTTP/2.0" 200 206885 "https://craftnanny.org/fluid.php" "Mozilla/5.0 (Windows NT 10.0; Win64; x64; rv:132.0) Gecko/20100101 Firefox/132.0"
172.70.80.19 - - [13/Nov/2024:07:19:01 +0000] "GET /assets/js/fluid.js HTTP/2.0" 200 3050 "https://craftnanny.org/fluid.php" "Mozilla/5.0 (Windows NT 10.0; Win64; x64; rv:132.0) Gecko/20100101 Firefox/132.0"
108.162.241.85 - - [13/Nov/2024:07:19:01 +0000] "GET /assets/img/screenshots/fluid.PNG HTTP/2.0" 200 76866 "https://craftnanny.org/fluid.php" "Mozilla/5.0 (Windows NT 10.0; Win64; x64; rv:132.0) Gecko/20100101 Firefox/132.0"
172.69.214.198 - - [13/Nov/2024:07:19:01 +0000] "GET /assets/img/mods/fluid.png HTTP/2.0" 200 50477 "https://craftnanny.org/fluid.php" "Mozilla/5.0 (Windows NT 10.0; Win64; x64; rv:132.0) Gecko/20100101 Firefox/132.0"
172.70.80.27 - - [13/Nov/2024:07:19:01 +0000] "GET /assets/img/git.png HTTP/2.0" 200 6088 "https://craftnanny.org/fluid.php" "Mozilla/5.0 (Windows NT 10.0; Win64; x64; rv:132.0) Gecko/20100101 Firefox/132.0"
172.69.214.43 - - [13/Nov/2024:07:19:01 +0000] "GET /assets/img/offline.png HTTP/2.0" 200 277 "https://craftnanny.org/fluid.php" "Mozilla/5.0 (Windows NT 10.0; Win64; x64; rv:132.0) Gecko/20100101 Firefox/132.0"
172.70.50.5 - - [13/Nov/2024:07:19:01 +0000] "POST /code/main.php HTTP/2.0" 200 0 "https://craftnanny.org/fluid.php" "Mozilla/5.0 (Windows NT 10.0; Win64; x64; rv:132.0) Gecko/20100101 Firefox/132.0"
172.69.130.4 - - [13/Nov/2024:07:19:01 +0000] "GET /assets/img/buckets/empty.png HTTP/2.0" 200 899 "https://craftnanny.org/fluid.php" "Mozilla/5.0 (Windows NT 10.0; Win64; x64; rv:132.0) Gecko/20100101 Firefox/132.0"
172.70.50.5 - - [13/Nov/2024:07:19:02 +0000] "GET /energy.php HTTP/2.0" 200 1788 "https://craftnanny.org/fluid.php" "Mozilla/5.0 (Windows NT 10.0; Win64; x64; rv:132.0) Gecko/20100101 Firefox/132.0"
172.69.130.155 - - [13/Nov/2024:07:19:02 +0000] "GET /assets/js/vendor/jquery.js HTTP/2.0" 200 84732 "https://craftnanny.org/energy.php" "Mozilla/5.0 (Windows NT 10.0; Win64; x64; rv:132.0) Gecko/20100101 Firefox/132.0"
172.69.130.190 - - [13/Nov/2024:07:19:02 +0000] "GET /assets/js/vendor/modernizr.js HTTP/2.0" 200 11264 "https://craftnanny.org/energy.php" "Mozilla/5.0 (Windows NT 10.0; Win64; x64; rv:132.0) Gecko/20100101 Firefox/132.0"
172.70.80.152 - - [13/Nov/2024:07:19:02 +0000] "GET /assets/js/foundation.min.js HTTP/2.0" 200 99152 "https://craftnanny.org/energy.php" "Mozilla/5.0 (Windows NT 10.0; Win64; x64; rv:132.0) Gecko/20100101 Firefox/132.0"
172.69.130.252 - - [13/Nov/2024:07:19:02 +0000] "GET /assets/js/block.js HTTP/2.0" 200 19979 "https://craftnanny.org/energy.php" "Mozilla/5.0 (Windows NT 10.0; Win64; x64; rv:132.0) Gecko/20100101 Firefox/132.0"
172.69.130.23 - - [13/Nov/2024:07:19:02 +0000] "GET /assets/js/login_check.js HTTP/2.0" 200 550 "https://craftnanny.org/energy.php" "Mozilla/5.0 (Windows NT 10.0; Win64; x64; rv:132.0) Gecko/20100101 Firefox/132.0"
108.162.241.215 - - [13/Nov/2024:07:19:02 +0000] "GET /assets/js/energy.js HTTP/2.0" 200 3679 "https://craftnanny.org/energy.php" "Mozilla/5.0 (Windows NT 10.0; Win64; x64; rv:132.0) Gecko/20100101 Firefox/132.0"
172.69.130.254 - - [13/Nov/2024:07:19:02 +0000] "GET /assets/css/foundation.css HTTP/2.0" 200 206885 "https://craftnanny.org/energy.php" "Mozilla/5.0 (Windows NT 10.0; Win64; x64; rv:132.0) Gecko/20100101 Firefox/132.0"
108.162.241.207 - - [13/Nov/2024:07:19:02 +0000] "GET /assets/img/mods/energy.png HTTP/2.0" 200 38862 "https://craftnanny.org/energy.php" "Mozilla/5.0 (Windows NT 10.0; Win64; x64; rv:132.0) Gecko/20100101 Firefox/132.0"
172.70.50.5 - - [13/Nov/2024:07:19:02 +0000] "POST /code/main.php HTTP/2.0" 200 846 "https://craftnanny.org/energy.php" "Mozilla/5.0 (Windows NT 10.0; Win64; x64; rv:132.0) Gecko/20100101 Firefox/132.0"
172.70.80.27 - - [13/Nov/2024:07:19:02 +0000] "GET /assets/img/git.png HTTP/2.0" 200 6088 "https://craftnanny.org/energy.php" "Mozilla/5.0 (Windows NT 10.0; Win64; x64; rv:132.0) Gecko/20100101 Firefox/132.0"
108.162.242.84 - - [13/Nov/2024:07:19:02 +0000] "GET /assets/img/screenshots/energy.PNG HTTP/2.0" 200 53392 "https://craftnanny.org/energy.php" "Mozilla/5.0 (Windows NT 10.0; Win64; x64; rv:132.0) Gecko/20100101 Firefox/132.0"
172.69.214.43 - - [13/Nov/2024:07:19:02 +0000] "GET /assets/img/offline.png HTTP/2.0" 200 277 "https://craftnanny.org/energy.php" "Mozilla/5.0 (Windows NT 10.0; Win64; x64; rv:132.0) Gecko/20100101 Firefox/132.0"
172.70.50.5 - - [13/Nov/2024:07:19:03 +0000] "GET /tracking.php HTTP/2.0" 200 1654 "https://craftnanny.org/energy.php" "Mozilla/5.0 (Windows NT 10.0; Win64; x64; rv:132.0) Gecko/20100101 Firefox/132.0"
172.69.130.254 - - [13/Nov/2024:07:19:03 +0000] "GET /assets/css/foundation.css HTTP/2.0" 200 206885 "https://craftnanny.org/tracking.php" "Mozilla/5.0 (Windows NT 10.0; Win64; x64; rv:132.0) Gecko/20100101 Firefox/132.0"
172.69.130.190 - - [13/Nov/2024:07:19:03 +0000] "GET /assets/js/vendor/modernizr.js HTTP/2.0" 200 11264 "https://craftnanny.org/tracking.php" "Mozilla/5.0 (Windows NT 10.0; Win64; x64; rv:132.0) Gecko/20100101 Firefox/132.0"
172.69.130.23 - - [13/Nov/2024:07:19:03 +0000] "GET /assets/js/login_check.js HTTP/2.0" 200 550 "https://craftnanny.org/tracking.php" "Mozilla/5.0 (Windows NT 10.0; Win64; x64; rv:132.0) Gecko/20100101 Firefox/132.0"
172.70.80.152 - - [13/Nov/2024:07:19:03 +0000] "GET /assets/js/foundation.min.js HTTP/2.0" 200 99152 "https://craftnanny.org/tracking.php" "Mozilla/5.0 (Windows NT 10.0; Win64; x64; rv:132.0) Gecko/20100101 Firefox/132.0"
172.69.130.155 - - [13/Nov/2024:07:19:03 +0000] "GET /assets/js/vendor/jquery.js HTTP/2.0" 200 84732 "https://craftnanny.org/tracking.php" "Mozilla/5.0 (Windows NT 10.0; Win64; x64; rv:132.0) Gecko/20100101 Firefox/132.0"
172.69.214.110 - - [13/Nov/2024:07:19:03 +0000] "GET /assets/js/tracking.js HTTP/2.0" 200 5021 "https://craftnanny.org/tracking.php" "Mozilla/5.0 (Windows NT 10.0; Win64; x64; rv:132.0) Gecko/20100101 Firefox/132.0"
172.69.214.165 - - [13/Nov/2024:07:19:03 +0000] "GET /assets/img/mods/player.png HTTP/2.0" 200 57263 "https://craftnanny.org/tracking.php" "Mozilla/5.0 (Windows NT 10.0; Win64; x64; rv:132.0) Gecko/20100101 Firefox/132.0"
172.70.80.27 - - [13/Nov/2024:07:19:03 +0000] "GET /assets/img/git.png HTTP/2.0" 200 6088 "https://craftnanny.org/tracking.php" "Mozilla/5.0 (Windows NT 10.0; Win64; x64; rv:132.0) Gecko/20100101 Firefox/132.0"
172.69.214.50 - - [13/Nov/2024:07:19:03 +0000] "GET /assets/img/skin.PNG HTTP/2.0" 200 25833 "https://craftnanny.org/tracking.php" "Mozilla/5.0 (Windows NT 10.0; Win64; x64; rv:132.0) Gecko/20100101 Firefox/132.0"
172.70.50.5 - - [13/Nov/2024:07:19:03 +0000] "POST /code/main.php HTTP/2.0" 200 33 "https://craftnanny.org/tracking.php" "Mozilla/5.0 (Windows NT 10.0; Win64; x64; rv:132.0) Gecko/20100101 Firefox/132.0"
172.69.214.107 - - [13/Nov/2024:07:19:03 +0000] "GET /assets/img/screenshots/tracking.PNG HTTP/2.0" 200 89932 "https://craftnanny.org/tracking.php" "Mozilla/5.0 (Windows NT 10.0; Win64; x64; rv:132.0) Gecko/20100101 Firefox/132.0"
172.69.214.43 - - [13/Nov/2024:07:19:06 +0000] "GET /assets/img/offline.png HTTP/2.0" 200 277 "https://craftnanny.org/tracking.php" "Mozilla/5.0 (Windows NT 10.0; Win64; x64; rv:132.0) Gecko/20100101 Firefox/132.0"
172.70.50.5 - - [13/Nov/2024:07:19:06 +0000] "POST /code/main.php HTTP/2.0" 200 34 "https://craftnanny.org/tracking.php" "Mozilla/5.0 (Windows NT 10.0; Win64; x64; rv:132.0) Gecko/20100101 Firefox/132.0"
172.70.50.5 - - [13/Nov/2024:07:19:15 +0000] "GET /energy.php HTTP/2.0" 200 1788 "https://craftnanny.org/tracking.php" "Mozilla/5.0 (Windows NT 10.0; Win64; x64; rv:132.0) Gecko/20100101 Firefox/132.0"
172.69.130.254 - - [13/Nov/2024:07:19:15 +0000] "GET /assets/css/foundation.css HTTP/2.0" 200 206885 "https://craftnanny.org/energy.php" "Mozilla/5.0 (Windows NT 10.0; Win64; x64; rv:132.0) Gecko/20100101 Firefox/132.0"
172.69.130.155 - - [13/Nov/2024:07:19:15 +0000] "GET /assets/js/vendor/jquery.js HTTP/2.0" 200 84732 "https://craftnanny.org/energy.php" "Mozilla/5.0 (Windows NT 10.0; Win64; x64; rv:132.0) Gecko/20100101 Firefox/132.0"
172.69.130.190 - - [13/Nov/2024:07:19:15 +0000] "GET /assets/js/vendor/modernizr.js HTTP/2.0" 200 11264 "https://craftnanny.org/energy.php" "Mozilla/5.0 (Windows NT 10.0; Win64; x64; rv:132.0) Gecko/20100101 Firefox/132.0"
172.69.130.23 - - [13/Nov/2024:07:19:15 +0000] "GET /assets/js/login_check.js HTTP/2.0" 200 550 "https://craftnanny.org/energy.php" "Mozilla/5.0 (Windows NT 10.0; Win64; x64; rv:132.0) Gecko/20100101 Firefox/132.0"
172.70.80.152 - - [13/Nov/2024:07:19:15 +0000] "GET /assets/js/foundation.min.js HTTP/2.0" 200 99152 "https://craftnanny.org/energy.php" "Mozilla/5.0 (Windows NT 10.0; Win64; x64; rv:132.0) Gecko/20100101 Firefox/132.0"
172.69.130.252 - - [13/Nov/2024:07:19:15 +0000] "GET /assets/js/block.js HTTP/2.0" 200 19979 "https://craftnanny.org/energy.php" "Mozilla/5.0 (Windows NT 10.0; Win64; x64; rv:132.0) Gecko/20100101 Firefox/132.0"
108.162.241.215 - - [13/Nov/2024:07:19:15 +0000] "GET /assets/js/energy.js HTTP/2.0" 200 3679 "https://craftnanny.org/energy.php" "Mozilla/5.0 (Windows NT 10.0; Win64; x64; rv:132.0) Gecko/20100101 Firefox/132.0"
108.162.241.207 - - [13/Nov/2024:07:19:15 +0000] "GET /assets/img/mods/energy.png HTTP/2.0" 200 38862 "https://craftnanny.org/energy.php" "Mozilla/5.0 (Windows NT 10.0; Win64; x64; rv:132.0) Gecko/20100101 Firefox/132.0"
172.70.50.5 - - [13/Nov/2024:07:19:15 +0000] "POST /code/main.php HTTP/2.0" 200 846 "https://craftnanny.org/energy.php" "Mozilla/5.0 (Windows NT 10.0; Win64; x64; rv:132.0) Gecko/20100101 Firefox/132.0"
172.70.80.27 - - [13/Nov/2024:07:19:15 +0000] "GET /assets/img/git.png HTTP/2.0" 200 6088 "https://craftnanny.org/energy.php" "Mozilla/5.0 (Windows NT 10.0; Win64; x64; rv:132.0) Gecko/20100101 Firefox/132.0"
108.162.242.84 - - [13/Nov/2024:07:19:15 +0000] "GET /assets/img/screenshots/energy.PNG HTTP/2.0" 200 53392 "https://craftnanny.org/energy.php" "Mozilla/5.0 (Windows NT 10.0; Win64; x64; rv:132.0) Gecko/20100101 Firefox/132.0"
172.69.214.43 - - [13/Nov/2024:07:19:15 +0000] "GET /assets/img/offline.png HTTP/2.0" 200 277 "https://craftnanny.org/energy.php" "Mozilla/5.0 (Windows NT 10.0; Win64; x64; rv:132.0) Gecko/20100101 Firefox/132.0"
