172.69.214.169 - - [13/Nov/2024:06:27:55 +0000] "GET /signin.php? HTTP/2.0" 200 1303 "https://craftnanny.org/index.php" "Mozilla/5.0 (Windows NT 10.0; Win64; x64; rv:132.0) Gecko/20100101 Firefox/132.0"
172.69.130.191 - - [13/Nov/2024:06:27:55 +0000] "GET /assets/js/vendor/modernizr.js HTTP/2.0" 200 11264 "https://craftnanny.org/signin.php?" "Mozilla/5.0 (Windows NT 10.0; Win64; x64; rv:132.0) Gecko/20100101 Firefox/132.0"
172.69.130.155 - - [13/Nov/2024:06:27:55 +0000] "GET /assets/js/vendor/jquery.js HTTP/2.0" 200 84732 "https://craftnanny.org/signin.php?" "Mozilla/5.0 (Windows NT 10.0; Win64; x64; rv:132.0) Gecko/20100101 Firefox/132.0"
108.162.241.92 - - [13/Nov/2024:06:27:55 +0000] "GET /assets/js/login.js?v=1.7 HTTP/2.0" 200 1150 "https://craftnanny.org/signin.php?" "Mozilla/5.0 (Windows NT 10.0; Win64; x64; rv:132.0) Gecko/20100101 Firefox/132.0"
172.69.214.37 - - [13/Nov/2024:06:27:55 +0000] "GET /favicon.ico HTTP/2.0" 200 20457 "https://craftnanny.org/signin.php?" "Mozilla/5.0 (Windows NT 10.0; Win64; x64; rv:132.0) Gecko/20100101 Firefox/132.0"
172.69.214.169 - - [13/Nov/2024:06:27:56 +0000] "POST /code/main.php HTTP/2.0" 200 170 "https://craftnanny.org/signin.php?" "Mozilla/5.0 (Windows NT 10.0; Win64; x64; rv:132.0) Gecko/20100101 Firefox/132.0"
172.69.214.135 - - [13/Nov/2024:06:27:58 +0000] "POST /code/main.php?a=signIn&username=Cloud1201&password=123456 HTTP/2.0" 200 170 "-" "PostmanRuntime/7.42.0"
172.69.214.169 - - [13/Nov/2024:06:28:08 +0000] "GET /signin.php? HTTP/2.0" 200 1303 "https://craftnanny.org/index.php" "Mozilla/5.0 (Windows NT 10.0; Win64; x64; rv:132.0) Gecko/20100101 Firefox/132.0"
108.162.241.92 - - [13/Nov/2024:06:28:08 +0000] "GET /assets/js/login.js?v=1.7 HTTP/2.0" 200 1150 "https://craftnanny.org/signin.php?" "Mozilla/5.0 (Windows NT 10.0; Win64; x64; rv:132.0) Gecko/20100101 Firefox/132.0"
172.69.130.155 - - [13/Nov/2024:06:28:08 +0000] "GET /assets/js/vendor/jquery.js HTTP/2.0" 200 84732 "https://craftnanny.org/signin.php?" "Mozilla/5.0 (Windows NT 10.0; Win64; x64; rv:132.0) Gecko/20100101 Firefox/132.0"
172.69.130.191 - - [13/Nov/2024:06:28:08 +0000] "GET /assets/js/vendor/modernizr.js HTTP/2.0" 200 11264 "https://craftnanny.org/signin.php?" "Mozilla/5.0 (Windows NT 10.0; Win64; x64; rv:132.0) Gecko/20100101 Firefox/132.0"
172.69.214.37 - - [13/Nov/2024:06:28:08 +0000] "GET /favicon.ico HTTP/2.0" 200 20457 "https://craftnanny.org/signin.php?" "Mozilla/5.0 (Windows NT 10.0; Win64; x64; rv:132.0) Gecko/20100101 Firefox/132.0"
172.69.214.169 - - [13/Nov/2024:06:28:09 +0000] "POST /code/main.php HTTP/2.0" 200 170 "https://craftnanny.org/signin.php?" "Mozilla/5.0 (Windows NT 10.0; Win64; x64; rv:132.0) Gecko/20100101 Firefox/132.0"
172.69.214.169 - - [13/Nov/2024:06:28:20 +0000] "GET /signin.php? HTTP/2.0" 200 1303 "https://craftnanny.org/index.php" "Mozilla/5.0 (Windows NT 10.0; Win64; x64; rv:132.0) Gecko/20100101 Firefox/132.0"
172.69.130.155 - - [13/Nov/2024:06:28:20 +0000] "GET /assets/js/vendor/jquery.js HTTP/2.0" 200 84732 "https://craftnanny.org/signin.php?" "Mozilla/5.0 (Windows NT 10.0; Win64; x64; rv:132.0) Gecko/20100101 Firefox/132.0"
172.69.130.191 - - [13/Nov/2024:06:28:20 +0000] "GET /assets/js/vendor/modernizr.js HTTP/2.0" 200 11264 "https://craftnanny.org/signin.php?" "Mozilla/5.0 (Windows NT 10.0; Win64; x64; rv:132.0) Gecko/20100101 Firefox/132.0"
172.69.214.38 - - [13/Nov/2024:06:28:20 +0000] "GET /assets/js/login.js?v=1.8 HTTP/2.0" 200 1150 "https://craftnanny.org/signin.php?" "Mozilla/5.0 (Windows NT 10.0; Win64; x64; rv:132.0) Gecko/20100101 Firefox/132.0"
172.69.214.37 - - [13/Nov/2024:06:28:20 +0000] "GET /favicon.ico HTTP/2.0" 200 20457 "https://craftnanny.org/signin.php?" "Mozilla/5.0 (Windows NT 10.0; Win64; x64; rv:132.0) Gecko/20100101 Firefox/132.0"
172.69.214.169 - - [13/Nov/2024:06:28:21 +0000] "POST /code/main.php HTTP/2.0" 200 170 "https://craftnanny.org/signin.php?" "Mozilla/5.0 (Windows NT 10.0; Win64; x64; rv:132.0) Gecko/20100101 Firefox/132.0"
172.69.214.135 - - [13/Nov/2024:06:28:45 +0000] "POST /code/main.php?a=signIn&username=Cloud1201&password=123456 HTTP/2.0" 200 170 "-" "PostmanRuntime/7.42.0"
191.96.207.216 - - [13/Nov/2024:06:32:22 +0000] "GET / HTTP/1.1" 200 2286 "-" "Mozilla/5.0 (Windows NT 10.0; Win64; x64) AppleWebKit/537.36 (KHTML, like Gecko) Chrome/58.0.3029.110 Safari/537.3"
191.96.207.216 - - [13/Nov/2024:06:32:22 +0000] "GET /assets/js/foundation/foundation.orbit.js HTTP/1.1" 200 15596 "-" "python-httpx/0.27.2"
191.96.207.216 - - [13/Nov/2024:06:32:22 +0000] "GET /assets/js/vendor/modernizr.js HTTP/1.1" 200 11264 "-" "python-httpx/0.27.2"
191.96.207.216 - - [13/Nov/2024:06:32:23 +0000] "GET /assets/js/foundation.min.js HTTP/1.1" 200 99152 "-" "python-httpx/0.27.2"
172.69.130.249 - - [13/Nov/2024:06:35:26 +0000] "GET /code/main.php?a=signIn&username=Cloud1201&password=123456 HTTP/2.0" 200 170 "-" "Mozilla/5.0 (Windows NT 10.0; Win64; x64; rv:132.0) Gecko/20100101 Firefox/132.0"
172.69.214.36 - - [13/Nov/2024:06:35:26 +0000] "GET /favicon.ico HTTP/2.0" 200 20457 "https://craftnanny.org/code/main.php?a=signIn&username=Cloud1201&password=123456" "Mozilla/5.0 (Windows NT 10.0; Win64; x64; rv:132.0) Gecko/20100101 Firefox/132.0"
172.69.214.100 - - [13/Nov/2024:06:35:31 +0000] "GET /signin.php? HTTP/2.0" 200 1303 "https://craftnanny.org/index.php" "Mozilla/5.0 (Windows NT 10.0; Win64; x64; rv:132.0) Gecko/20100101 Firefox/132.0"
172.69.130.190 - - [13/Nov/2024:06:35:31 +0000] "GET /assets/js/vendor/modernizr.js HTTP/2.0" 200 11264 "https://craftnanny.org/signin.php?" "Mozilla/5.0 (Windows NT 10.0; Win64; x64; rv:132.0) Gecko/20100101 Firefox/132.0"
172.69.214.38 - - [13/Nov/2024:06:35:31 +0000] "GET /assets/js/login.js?v=1.8 HTTP/2.0" 200 1150 "https://craftnanny.org/signin.php?" "Mozilla/5.0 (Windows NT 10.0; Win64; x64; rv:132.0) Gecko/20100101 Firefox/132.0"
172.69.130.154 - - [13/Nov/2024:06:35:31 +0000] "GET /assets/js/vendor/jquery.js HTTP/2.0" 200 84732 "https://craftnanny.org/signin.php?" "Mozilla/5.0 (Windows NT 10.0; Win64; x64; rv:132.0) Gecko/20100101 Firefox/132.0"
172.69.214.36 - - [13/Nov/2024:06:35:31 +0000] "GET /favicon.ico HTTP/2.0" 200 20457 "https://craftnanny.org/signin.php?" "Mozilla/5.0 (Windows NT 10.0; Win64; x64; rv:132.0) Gecko/20100101 Firefox/132.0"
172.69.214.100 - - [13/Nov/2024:06:35:31 +0000] "POST /code/main.php HTTP/2.0" 200 170 "https://craftnanny.org/signin.php?" "Mozilla/5.0 (Windows NT 10.0; Win64; x64; rv:132.0) Gecko/20100101 Firefox/132.0"
172.71.120.3 - - [13/Nov/2024:06:36:05 +0000] "GET /signin.php? HTTP/2.0" 200 1303 "https://craftnanny.org/index.php" "Mozilla/5.0 (Windows NT 10.0; Win64; x64; rv:132.0) Gecko/20100101 Firefox/132.0"
172.69.130.190 - - [13/Nov/2024:06:36:05 +0000] "GET /assets/js/vendor/modernizr.js HTTP/2.0" 200 11264 "https://craftnanny.org/signin.php?" "Mozilla/5.0 (Windows NT 10.0; Win64; x64; rv:132.0) Gecko/20100101 Firefox/132.0"
172.69.130.154 - - [13/Nov/2024:06:36:05 +0000] "GET /assets/js/vendor/jquery.js HTTP/2.0" 200 84732 "https://craftnanny.org/signin.php?" "Mozilla/5.0 (Windows NT 10.0; Win64; x64; rv:132.0) Gecko/20100101 Firefox/132.0"
172.69.214.38 - - [13/Nov/2024:06:36:05 +0000] "GET /assets/js/login.js?v=1.8 HTTP/2.0" 200 1194 "https://craftnanny.org/signin.php?" "Mozilla/5.0 (Windows NT 10.0; Win64; x64; rv:132.0) Gecko/20100101 Firefox/132.0"
172.69.214.36 - - [13/Nov/2024:06:36:05 +0000] "GET /favicon.ico HTTP/2.0" 200 20457 "https://craftnanny.org/signin.php?" "Mozilla/5.0 (Windows NT 10.0; Win64; x64; rv:132.0) Gecko/20100101 Firefox/132.0"
172.71.120.3 - - [13/Nov/2024:06:36:06 +0000] "POST /code/main.php HTTP/2.0" 200 170 "https://craftnanny.org/signin.php?" "Mozilla/5.0 (Windows NT 10.0; Win64; x64; rv:132.0) Gecko/20100101 Firefox/132.0"
172.70.50.5 - - [13/Nov/2024:06:36:18 +0000] "GET /signin.php? HTTP/2.0" 200 1303 "https://craftnanny.org/index.php" "Mozilla/5.0 (Windows NT 10.0; Win64; x64; rv:132.0) Gecko/20100101 Firefox/132.0"
172.69.130.190 - - [13/Nov/2024:06:36:18 +0000] "GET /assets/js/vendor/modernizr.js HTTP/2.0" 200 11264 "https://craftnanny.org/signin.php?" "Mozilla/5.0 (Windows NT 10.0; Win64; x64; rv:132.0) Gecko/20100101 Firefox/132.0"
172.69.130.154 - - [13/Nov/2024:06:36:18 +0000] "GET /assets/js/vendor/jquery.js HTTP/2.0" 200 84732 "https://craftnanny.org/signin.php?" "Mozilla/5.0 (Windows NT 10.0; Win64; x64; rv:132.0) Gecko/20100101 Firefox/132.0"
172.69.214.124 - - [13/Nov/2024:06:36:18 +0000] "GET /assets/js/login.js?v=1.9 HTTP/2.0" 200 1194 "https://craftnanny.org/signin.php?" "Mozilla/5.0 (Windows NT 10.0; Win64; x64; rv:132.0) Gecko/20100101 Firefox/132.0"
172.69.214.36 - - [13/Nov/2024:06:36:18 +0000] "GET /favicon.ico HTTP/2.0" 200 20457 "https://craftnanny.org/signin.php?" "Mozilla/5.0 (Windows NT 10.0; Win64; x64; rv:132.0) Gecko/20100101 Firefox/132.0"
172.70.50.5 - - [13/Nov/2024:06:36:19 +0000] "POST /code/main.php HTTP/2.0" 200 170 "https://craftnanny.org/signin.php?" "Mozilla/5.0 (Windows NT 10.0; Win64; x64; rv:132.0) Gecko/20100101 Firefox/132.0"
172.69.130.249 - - [13/Nov/2024:06:36:44 +0000] "GET /signin.php? HTTP/2.0" 200 1303 "https://craftnanny.org/index.php" "Mozilla/5.0 (Windows NT 10.0; Win64; x64; rv:132.0) Gecko/20100101 Firefox/132.0"
172.69.214.124 - - [13/Nov/2024:06:36:44 +0000] "GET /assets/js/login.js?v=1.9 HTTP/2.0" 200 1196 "https://craftnanny.org/signin.php?" "Mozilla/5.0 (Windows NT 10.0; Win64; x64; rv:132.0) Gecko/20100101 Firefox/132.0"
172.69.130.190 - - [13/Nov/2024:06:36:44 +0000] "GET /assets/js/vendor/modernizr.js HTTP/2.0" 200 11264 "https://craftnanny.org/signin.php?" "Mozilla/5.0 (Windows NT 10.0; Win64; x64; rv:132.0) Gecko/20100101 Firefox/132.0"
172.69.130.154 - - [13/Nov/2024:06:36:44 +0000] "GET /assets/js/vendor/jquery.js HTTP/2.0" 200 84732 "https://craftnanny.org/signin.php?" "Mozilla/5.0 (Windows NT 10.0; Win64; x64; rv:132.0) Gecko/20100101 Firefox/132.0"
172.69.214.36 - - [13/Nov/2024:06:36:45 +0000] "GET /favicon.ico HTTP/2.0" 200 20457 "https://craftnanny.org/signin.php?" "Mozilla/5.0 (Windows NT 10.0; Win64; x64; rv:132.0) Gecko/20100101 Firefox/132.0"
172.69.130.249 - - [13/Nov/2024:06:36:45 +0000] "POST /code/main.php HTTP/2.0" 200 170 "https://craftnanny.org/signin.php?" "Mozilla/5.0 (Windows NT 10.0; Win64; x64; rv:132.0) Gecko/20100101 Firefox/132.0"
172.70.80.237 - - [13/Nov/2024:06:38:58 +0000] "GET /signin.php? HTTP/2.0" 200 1303 "https://craftnanny.org/index.php" "Mozilla/5.0 (Windows NT 10.0; Win64; x64; rv:132.0) Gecko/20100101 Firefox/132.0"
172.69.214.124 - - [13/Nov/2024:06:38:58 +0000] "GET /assets/js/login.js?v=1.9 HTTP/2.0" 200 1196 "https://craftnanny.org/signin.php?" "Mozilla/5.0 (Windows NT 10.0; Win64; x64; rv:132.0) Gecko/20100101 Firefox/132.0"
172.69.130.155 - - [13/Nov/2024:06:38:58 +0000] "GET /assets/js/vendor/jquery.js HTTP/2.0" 200 84732 "https://craftnanny.org/signin.php?" "Mozilla/5.0 (Windows NT 10.0; Win64; x64; rv:132.0) Gecko/20100101 Firefox/132.0"
172.69.130.191 - - [13/Nov/2024:06:38:58 +0000] "GET /assets/js/vendor/modernizr.js HTTP/2.0" 200 11264 "https://craftnanny.org/signin.php?" "Mozilla/5.0 (Windows NT 10.0; Win64; x64; rv:132.0) Gecko/20100101 Firefox/132.0"
172.69.214.37 - - [13/Nov/2024:06:38:58 +0000] "GET /favicon.ico HTTP/2.0" 200 20457 "https://craftnanny.org/signin.php?" "Mozilla/5.0 (Windows NT 10.0; Win64; x64; rv:132.0) Gecko/20100101 Firefox/132.0"
172.70.80.237 - - [13/Nov/2024:06:38:59 +0000] "POST /code/main.php HTTP/2.0" 200 170 "https://craftnanny.org/signin.php?" "Mozilla/5.0 (Windows NT 10.0; Win64; x64; rv:132.0) Gecko/20100101 Firefox/132.0"
108.162.241.180 - - [13/Nov/2024:06:41:00 +0000] "GET /signin.php? HTTP/2.0" 200 1303 "https://craftnanny.org/index.php" "Mozilla/5.0 (Windows NT 10.0; Win64; x64; rv:132.0) Gecko/20100101 Firefox/132.0"
172.69.214.125 - - [13/Nov/2024:06:41:00 +0000] "GET /assets/js/login.js?v=1.9 HTTP/2.0" 200 1221 "https://craftnanny.org/signin.php?" "Mozilla/5.0 (Windows NT 10.0; Win64; x64; rv:132.0) Gecko/20100101 Firefox/132.0"
172.69.130.190 - - [13/Nov/2024:06:41:00 +0000] "GET /assets/js/vendor/modernizr.js HTTP/2.0" 200 11264 "https://craftnanny.org/signin.php?" "Mozilla/5.0 (Windows NT 10.0; Win64; x64; rv:132.0) Gecko/20100101 Firefox/132.0"
172.69.130.154 - - [13/Nov/2024:06:41:00 +0000] "GET /assets/js/vendor/jquery.js HTTP/2.0" 200 84732 "https://craftnanny.org/signin.php?" "Mozilla/5.0 (Windows NT 10.0; Win64; x64; rv:132.0) Gecko/20100101 Firefox/132.0"
172.69.214.36 - - [13/Nov/2024:06:41:00 +0000] "GET /favicon.ico HTTP/2.0" 200 20457 "https://craftnanny.org/signin.php?" "Mozilla/5.0 (Windows NT 10.0; Win64; x64; rv:132.0) Gecko/20100101 Firefox/132.0"
108.162.241.180 - - [13/Nov/2024:06:41:01 +0000] "POST /code/main.php HTTP/2.0" 200 170 "https://craftnanny.org/signin.php?" "Mozilla/5.0 (Windows NT 10.0; Win64; x64; rv:132.0) Gecko/20100101 Firefox/132.0"
64.227.140.137 - - [13/Nov/2024:06:41:19 +0000] "GET / HTTP/1.1" 200 2286 "-" "Mozilla/5.0 (X11; Linux x86_64) AppleWebKit/537.36 (KHTML, like Gecko) Chrome/129.0.0.0 Safari/537.36"
172.69.214.134 - - [13/Nov/2024:06:41:20 +0000] "GET / HTTP/2.0" 200 2274 "-" "Mozilla/5.0 (Windows NT 10.0; Win64; x64; rv:132.0) Gecko/20100101 Firefox/132.0"
172.69.130.190 - - [13/Nov/2024:06:41:20 +0000] "GET /assets/js/vendor/modernizr.js HTTP/2.0" 200 11264 "https://craftnanny.org/" "Mozilla/5.0 (Windows NT 10.0; Win64; x64; rv:132.0) Gecko/20100101 Firefox/132.0"
172.69.130.154 - - [13/Nov/2024:06:41:20 +0000] "GET /assets/js/vendor/jquery.js HTTP/2.0" 200 84732 "https://craftnanny.org/" "Mozilla/5.0 (Windows NT 10.0; Win64; x64; rv:132.0) Gecko/20100101 Firefox/132.0"
172.69.130.243 - - [13/Nov/2024:06:41:21 +0000] "GET /assets/js/foundation/foundation.orbit.js HTTP/2.0" 200 15596 "https://craftnanny.org/" "Mozilla/5.0 (Windows NT 10.0; Win64; x64; rv:132.0) Gecko/20100101 Firefox/132.0"
172.69.214.36 - - [13/Nov/2024:06:41:21 +0000] "GET /favicon.ico HTTP/2.0" 200 20457 "https://craftnanny.org/" "Mozilla/5.0 (Windows NT 10.0; Win64; x64; rv:132.0) Gecko/20100101 Firefox/132.0"
108.162.241.180 - - [13/Nov/2024:06:41:22 +0000] "GET / HTTP/2.0" 200 2274 "-" "Mozilla/5.0 (Windows NT 10.0; Win64; x64; rv:132.0) Gecko/20100101 Firefox/132.0"
172.69.130.190 - - [13/Nov/2024:06:41:22 +0000] "GET /assets/js/vendor/modernizr.js HTTP/2.0" 200 11264 "https://craftnanny.org/" "Mozilla/5.0 (Windows NT 10.0; Win64; x64; rv:132.0) Gecko/20100101 Firefox/132.0"
172.69.130.154 - - [13/Nov/2024:06:41:22 +0000] "GET /assets/js/vendor/jquery.js HTTP/2.0" 200 84732 "https://craftnanny.org/" "Mozilla/5.0 (Windows NT 10.0; Win64; x64; rv:132.0) Gecko/20100101 Firefox/132.0"
172.69.130.243 - - [13/Nov/2024:06:41:22 +0000] "GET /assets/js/foundation/foundation.orbit.js HTTP/2.0" 200 15596 "https://craftnanny.org/" "Mozilla/5.0 (Windows NT 10.0; Win64; x64; rv:132.0) Gecko/20100101 Firefox/132.0"
172.69.214.36 - - [13/Nov/2024:06:41:23 +0000] "GET /favicon.ico HTTP/2.0" 200 20457 "https://craftnanny.org/" "Mozilla/5.0 (Windows NT 10.0; Win64; x64; rv:132.0) Gecko/20100101 Firefox/132.0"
64.227.140.137 - - [13/Nov/2024:06:41:26 +0000] "GET /favicon.ico HTTP/1.1" 200 20457 "https://pma.craftnanny.org/" "Mozilla/5.0 (X11; Linux x86_64) AppleWebKit/537.36 (KHTML, like Gecko) Chrome/129.0.0.0 Safari/537.36"
172.69.214.169 - - [13/Nov/2024:06:41:35 +0000] "GET /signin.php? HTTP/2.0" 200 1303 "https://craftnanny.org/" "Mozilla/5.0 (Windows NT 10.0; Win64; x64; rv:132.0) Gecko/20100101 Firefox/132.0"
172.69.130.154 - - [13/Nov/2024:06:41:35 +0000] "GET /assets/js/vendor/jquery.js HTTP/2.0" 200 84732 "https://craftnanny.org/signin.php?" "Mozilla/5.0 (Windows NT 10.0; Win64; x64; rv:132.0) Gecko/20100101 Firefox/132.0"
172.69.130.190 - - [13/Nov/2024:06:41:35 +0000] "GET /assets/js/vendor/modernizr.js HTTP/2.0" 200 11264 "https://craftnanny.org/signin.php?" "Mozilla/5.0 (Windows NT 10.0; Win64; x64; rv:132.0) Gecko/20100101 Firefox/132.0"
172.69.214.125 - - [13/Nov/2024:06:41:35 +0000] "GET /assets/js/login.js?v=1.9 HTTP/2.0" 200 1221 "https://craftnanny.org/signin.php?" "Mozilla/5.0 (Windows NT 10.0; Win64; x64; rv:132.0) Gecko/20100101 Firefox/132.0"
172.69.214.36 - - [13/Nov/2024:06:41:36 +0000] "GET /favicon.ico HTTP/2.0" 200 20457 "https://craftnanny.org/signin.php?" "Mozilla/5.0 (Windows NT 10.0; Win64; x64; rv:132.0) Gecko/20100101 Firefox/132.0"
172.69.214.169 - - [13/Nov/2024:06:41:40 +0000] "POST /code/main.php HTTP/2.0" 200 170 "https://craftnanny.org/signin.php?" "Mozilla/5.0 (Windows NT 10.0; Win64; x64; rv:132.0) Gecko/20100101 Firefox/132.0"
172.70.80.72 - - [13/Nov/2024:06:43:14 +0000] "GET /signin.php? HTTP/2.0" 200 1303 "https://craftnanny.org/" "Mozilla/5.0 (Windows NT 10.0; Win64; x64; rv:132.0) Gecko/20100101 Firefox/132.0"
172.69.214.124 - - [13/Nov/2024:06:43:14 +0000] "GET /assets/js/login.js?v=1.9 HTTP/2.0" 200 2122 "https://craftnanny.org/signin.php?" "Mozilla/5.0 (Windows NT 10.0; Win64; x64; rv:132.0) Gecko/20100101 Firefox/132.0"
172.69.130.191 - - [13/Nov/2024:06:43:14 +0000] "GET /assets/js/vendor/modernizr.js HTTP/2.0" 200 11264 "https://craftnanny.org/signin.php?" "Mozilla/5.0 (Windows NT 10.0; Win64; x64; rv:132.0) Gecko/20100101 Firefox/132.0"
172.69.130.155 - - [13/Nov/2024:06:43:14 +0000] "GET /assets/js/vendor/jquery.js HTTP/2.0" 200 84732 "https://craftnanny.org/signin.php?" "Mozilla/5.0 (Windows NT 10.0; Win64; x64; rv:132.0) Gecko/20100101 Firefox/132.0"
172.69.214.36 - - [13/Nov/2024:06:43:14 +0000] "GET /favicon.ico HTTP/2.0" 200 20457 "https://craftnanny.org/signin.php?" "Mozilla/5.0 (Windows NT 10.0; Win64; x64; rv:132.0) Gecko/20100101 Firefox/132.0"
172.69.130.249 - - [13/Nov/2024:06:43:15 +0000] "POST /code/main.php HTTP/2.0" 200 170 "https://craftnanny.org/signin.php?" "Mozilla/5.0 (Windows NT 10.0; Win64; x64; rv:132.0) Gecko/20100101 Firefox/132.0"
172.69.214.101 - - [13/Nov/2024:06:43:49 +0000] "GET /home.php HTTP/2.0" 200 2032 "-" "Mozilla/5.0 (Windows NT 10.0; Win64; x64; rv:132.0) Gecko/20100101 Firefox/132.0"
172.69.130.191 - - [13/Nov/2024:06:43:49 +0000] "GET /assets/js/vendor/modernizr.js HTTP/2.0" 200 11264 "https://craftnanny.org/home.php" "Mozilla/5.0 (Windows NT 10.0; Win64; x64; rv:132.0) Gecko/20100101 Firefox/132.0"
172.69.130.155 - - [13/Nov/2024:06:43:49 +0000] "GET /assets/js/vendor/jquery.js HTTP/2.0" 200 84732 "https://craftnanny.org/home.php" "Mozilla/5.0 (Windows NT 10.0; Win64; x64; rv:132.0) Gecko/20100101 Firefox/132.0"
172.69.130.23 - - [13/Nov/2024:06:43:49 +0000] "GET /assets/js/login_check.js HTTP/2.0" 200 540 "https://craftnanny.org/home.php" "Mozilla/5.0 (Windows NT 10.0; Win64; x64; rv:132.0) Gecko/20100101 Firefox/132.0"
108.162.241.194 - - [13/Nov/2024:06:43:49 +0000] "GET /assets/js/home.js HTTP/2.0" 200 7180 "https://craftnanny.org/home.php" "Mozilla/5.0 (Windows NT 10.0; Win64; x64; rv:132.0) Gecko/20100101 Firefox/132.0"
172.69.214.101 - - [13/Nov/2024:06:43:50 +0000] "GET /module_template.html HTTP/2.0" 200 141 "https://craftnanny.org/home.php" "Mozilla/5.0 (Windows NT 10.0; Win64; x64; rv:132.0) Gecko/20100101 Firefox/132.0"
172.69.214.101 - - [13/Nov/2024:06:43:50 +0000] "GET /signin.php HTTP/2.0" 200 1303 "https://craftnanny.org/home.php" "Mozilla/5.0 (Windows NT 10.0; Win64; x64; rv:132.0) Gecko/20100101 Firefox/132.0"
172.69.130.191 - - [13/Nov/2024:06:43:50 +0000] "GET /assets/js/vendor/modernizr.js HTTP/2.0" 200 11264 "https://craftnanny.org/signin.php" "Mozilla/5.0 (Windows NT 10.0; Win64; x64; rv:132.0) Gecko/20100101 Firefox/132.0"
172.69.130.155 - - [13/Nov/2024:06:43:50 +0000] "GET /assets/js/vendor/jquery.js HTTP/2.0" 200 84732 "https://craftnanny.org/signin.php" "Mozilla/5.0 (Windows NT 10.0; Win64; x64; rv:132.0) Gecko/20100101 Firefox/132.0"
172.69.214.124 - - [13/Nov/2024:06:43:50 +0000] "GET /assets/js/login.js?v=1.9 HTTP/2.0" 200 2122 "https://craftnanny.org/signin.php" "Mozilla/5.0 (Windows NT 10.0; Win64; x64; rv:132.0) Gecko/20100101 Firefox/132.0"
172.69.214.36 - - [13/Nov/2024:06:43:50 +0000] "GET /favicon.ico HTTP/2.0" 200 20457 "https://craftnanny.org/signin.php" "Mozilla/5.0 (Windows NT 10.0; Win64; x64; rv:132.0) Gecko/20100101 Firefox/132.0"
172.71.120.3 - - [13/Nov/2024:06:43:54 +0000] "GET /signin.php HTTP/2.0" 200 1303 "https://craftnanny.org/home.php" "Mozilla/5.0 (Windows NT 10.0; Win64; x64; rv:132.0) Gecko/20100101 Firefox/132.0"
172.69.214.124 - - [13/Nov/2024:06:43:54 +0000] "GET /assets/js/login.js?v=1.9 HTTP/2.0" 200 2119 "https://craftnanny.org/signin.php" "Mozilla/5.0 (Windows NT 10.0; Win64; x64; rv:132.0) Gecko/20100101 Firefox/132.0"
172.69.130.191 - - [13/Nov/2024:06:43:54 +0000] "GET /assets/js/vendor/modernizr.js HTTP/2.0" 200 11264 "https://craftnanny.org/signin.php" "Mozilla/5.0 (Windows NT 10.0; Win64; x64; rv:132.0) Gecko/20100101 Firefox/132.0"
172.69.130.155 - - [13/Nov/2024:06:43:54 +0000] "GET /assets/js/vendor/jquery.js HTTP/2.0" 200 84732 "https://craftnanny.org/signin.php" "Mozilla/5.0 (Windows NT 10.0; Win64; x64; rv:132.0) Gecko/20100101 Firefox/132.0"
172.69.214.36 - - [13/Nov/2024:06:43:54 +0000] "GET /favicon.ico HTTP/2.0" 200 20457 "https://craftnanny.org/signin.php" "Mozilla/5.0 (Windows NT 10.0; Win64; x64; rv:132.0) Gecko/20100101 Firefox/132.0"
172.69.214.204 - - [13/Nov/2024:06:44:03 +0000] "GET /signin.php HTTP/2.0" 200 1303 "https://craftnanny.org/home.php" "Mozilla/5.0 (Windows NT 10.0; Win64; x64; rv:132.0) Gecko/20100101 Firefox/132.0"
172.69.130.155 - - [13/Nov/2024:06:44:03 +0000] "GET /assets/js/vendor/jquery.js HTTP/2.0" 200 84732 "https://craftnanny.org/signin.php" "Mozilla/5.0 (Windows NT 10.0; Win64; x64; rv:132.0) Gecko/20100101 Firefox/132.0"
172.69.214.124 - - [13/Nov/2024:06:44:03 +0000] "GET /assets/js/login.js?v=1.9 HTTP/2.0" 200 2119 "https://craftnanny.org/signin.php" "Mozilla/5.0 (Windows NT 10.0; Win64; x64; rv:132.0) Gecko/20100101 Firefox/132.0"
172.69.130.191 - - [13/Nov/2024:06:44:03 +0000] "GET /assets/js/vendor/modernizr.js HTTP/2.0" 200 11264 "https://craftnanny.org/signin.php" "Mozilla/5.0 (Windows NT 10.0; Win64; x64; rv:132.0) Gecko/20100101 Firefox/132.0"
172.69.214.36 - - [13/Nov/2024:06:44:04 +0000] "GET /favicon.ico HTTP/2.0" 200 20457 "https://craftnanny.org/signin.php" "Mozilla/5.0 (Windows NT 10.0; Win64; x64; rv:132.0) Gecko/20100101 Firefox/132.0"
172.69.214.101 - - [13/Nov/2024:06:44:04 +0000] "POST /code/main.php HTTP/2.0" 200 170 "https://craftnanny.org/signin.php" "Mozilla/5.0 (Windows NT 10.0; Win64; x64; rv:132.0) Gecko/20100101 Firefox/132.0"
172.69.214.101 - - [13/Nov/2024:06:44:04 +0000] "GET /home.php HTTP/2.0" 200 2032 "https://craftnanny.org/signin.php" "Mozilla/5.0 (Windows NT 10.0; Win64; x64; rv:132.0) Gecko/20100101 Firefox/132.0"
172.69.130.191 - - [13/Nov/2024:06:44:04 +0000] "GET /assets/js/vendor/modernizr.js HTTP/2.0" 200 11264 "https://craftnanny.org/home.php" "Mozilla/5.0 (Windows NT 10.0; Win64; x64; rv:132.0) Gecko/20100101 Firefox/132.0"
172.69.130.155 - - [13/Nov/2024:06:44:04 +0000] "GET /assets/js/vendor/jquery.js HTTP/2.0" 200 84732 "https://craftnanny.org/home.php" "Mozilla/5.0 (Windows NT 10.0; Win64; x64; rv:132.0) Gecko/20100101 Firefox/132.0"
108.162.241.194 - - [13/Nov/2024:06:44:04 +0000] "GET /assets/js/home.js HTTP/2.0" 200 7180 "https://craftnanny.org/home.php" "Mozilla/5.0 (Windows NT 10.0; Win64; x64; rv:132.0) Gecko/20100101 Firefox/132.0"
172.69.130.23 - - [13/Nov/2024:06:44:04 +0000] "GET /assets/js/login_check.js HTTP/2.0" 200 540 "https://craftnanny.org/home.php" "Mozilla/5.0 (Windows NT 10.0; Win64; x64; rv:132.0) Gecko/20100101 Firefox/132.0"
172.69.214.101 - - [13/Nov/2024:06:44:05 +0000] "GET /signin.php HTTP/2.0" 200 1303 "https://craftnanny.org/home.php" "Mozilla/5.0 (Windows NT 10.0; Win64; x64; rv:132.0) Gecko/20100101 Firefox/132.0"
172.69.214.101 - - [13/Nov/2024:06:44:05 +0000] "GET /module_template.html HTTP/2.0" 200 141 "https://craftnanny.org/home.php" "Mozilla/5.0 (Windows NT 10.0; Win64; x64; rv:132.0) Gecko/20100101 Firefox/132.0"
172.69.214.101 - - [13/Nov/2024:06:44:05 +0000] "GET /event_template.html HTTP/2.0" 200 257 "https://craftnanny.org/home.php" "Mozilla/5.0 (Windows NT 10.0; Win64; x64; rv:132.0) Gecko/20100101 Firefox/132.0"
172.69.130.191 - - [13/Nov/2024:06:44:05 +0000] "GET /assets/js/vendor/modernizr.js HTTP/2.0" 200 11264 "https://craftnanny.org/signin.php" "Mozilla/5.0 (Windows NT 10.0; Win64; x64; rv:132.0) Gecko/20100101 Firefox/132.0"
172.69.214.124 - - [13/Nov/2024:06:44:05 +0000] "GET /assets/js/login.js?v=1.9 HTTP/2.0" 200 2119 "https://craftnanny.org/signin.php" "Mozilla/5.0 (Windows NT 10.0; Win64; x64; rv:132.0) Gecko/20100101 Firefox/132.0"
172.69.130.155 - - [13/Nov/2024:06:44:05 +0000] "GET /assets/js/vendor/jquery.js HTTP/2.0" 200 84732 "https://craftnanny.org/signin.php" "Mozilla/5.0 (Windows NT 10.0; Win64; x64; rv:132.0) Gecko/20100101 Firefox/132.0"
108.162.241.72 - - [13/Nov/2024:06:44:23 +0000] "GET /signin.php HTTP/2.0" 200 1303 "https://craftnanny.org/home.php" "Mozilla/5.0 (Windows NT 10.0; Win64; x64; rv:132.0) Gecko/20100101 Firefox/132.0"
172.69.214.124 - - [13/Nov/2024:06:44:23 +0000] "GET /assets/js/login.js?v=1.9 HTTP/2.0" 200 2119 "https://craftnanny.org/signin.php" "Mozilla/5.0 (Windows NT 10.0; Win64; x64; rv:132.0) Gecko/20100101 Firefox/132.0"
172.69.130.191 - - [13/Nov/2024:06:44:23 +0000] "GET /assets/js/vendor/modernizr.js HTTP/2.0" 200 11264 "https://craftnanny.org/signin.php" "Mozilla/5.0 (Windows NT 10.0; Win64; x64; rv:132.0) Gecko/20100101 Firefox/132.0"
172.69.130.155 - - [13/Nov/2024:06:44:23 +0000] "GET /assets/js/vendor/jquery.js HTTP/2.0" 200 84732 "https://craftnanny.org/signin.php" "Mozilla/5.0 (Windows NT 10.0; Win64; x64; rv:132.0) Gecko/20100101 Firefox/132.0"
172.69.214.36 - - [13/Nov/2024:06:44:23 +0000] "GET /favicon.ico HTTP/2.0" 200 20457 "https://craftnanny.org/signin.php" "Mozilla/5.0 (Windows NT 10.0; Win64; x64; rv:132.0) Gecko/20100101 Firefox/132.0"
172.69.214.134 - - [13/Nov/2024:06:44:24 +0000] "POST /code/main.php HTTP/2.0" 200 170 "https://craftnanny.org/signin.php" "Mozilla/5.0 (Windows NT 10.0; Win64; x64; rv:132.0) Gecko/20100101 Firefox/132.0"
172.69.214.134 - - [13/Nov/2024:06:44:24 +0000] "GET /home.php HTTP/2.0" 200 2032 "https://craftnanny.org/signin.php" "Mozilla/5.0 (Windows NT 10.0; Win64; x64; rv:132.0) Gecko/20100101 Firefox/132.0"
172.69.130.191 - - [13/Nov/2024:06:44:24 +0000] "GET /assets/js/vendor/modernizr.js HTTP/2.0" 200 11264 "https://craftnanny.org/home.php" "Mozilla/5.0 (Windows NT 10.0; Win64; x64; rv:132.0) Gecko/20100101 Firefox/132.0"
172.69.130.23 - - [13/Nov/2024:06:44:24 +0000] "GET /assets/js/login_check.js HTTP/2.0" 200 547 "https://craftnanny.org/home.php" "Mozilla/5.0 (Windows NT 10.0; Win64; x64; rv:132.0) Gecko/20100101 Firefox/132.0"
108.162.241.194 - - [13/Nov/2024:06:44:24 +0000] "GET /assets/js/home.js HTTP/2.0" 200 7180 "https://craftnanny.org/home.php" "Mozilla/5.0 (Windows NT 10.0; Win64; x64; rv:132.0) Gecko/20100101 Firefox/132.0"
172.69.130.155 - - [13/Nov/2024:06:44:24 +0000] "GET /assets/js/vendor/jquery.js HTTP/2.0" 200 84732 "https://craftnanny.org/home.php" "Mozilla/5.0 (Windows NT 10.0; Win64; x64; rv:132.0) Gecko/20100101 Firefox/132.0"
172.69.214.134 - - [13/Nov/2024:06:44:24 +0000] "GET /module_template.html HTTP/2.0" 200 141 "https://craftnanny.org/home.php" "Mozilla/5.0 (Windows NT 10.0; Win64; x64; rv:132.0) Gecko/20100101 Firefox/132.0"
172.69.214.134 - - [13/Nov/2024:06:44:24 +0000] "GET /event_template.html HTTP/2.0" 200 257 "https://craftnanny.org/home.php" "Mozilla/5.0 (Windows NT 10.0; Win64; x64; rv:132.0) Gecko/20100101 Firefox/132.0"
172.69.214.134 - - [13/Nov/2024:06:44:24 +0000] "POST /code/main.php HTTP/2.0" 200 49 "https://craftnanny.org/home.php" "Mozilla/5.0 (Windows NT 10.0; Win64; x64; rv:132.0) Gecko/20100101 Firefox/132.0"
172.69.214.134 - - [13/Nov/2024:06:44:25 +0000] "POST /code/main.php HTTP/2.0" 200 60 "https://craftnanny.org/home.php" "Mozilla/5.0 (Windows NT 10.0; Win64; x64; rv:132.0) Gecko/20100101 Firefox/132.0"
172.69.214.134 - - [13/Nov/2024:06:44:28 +0000] "POST /code/main.php HTTP/2.0" 200 67 "https://craftnanny.org/home.php" "Mozilla/5.0 (Windows NT 10.0; Win64; x64; rv:132.0) Gecko/20100101 Firefox/132.0"
172.69.214.134 - - [13/Nov/2024:06:44:28 +0000] "POST /code/main.php HTTP/2.0" 200 67 "https://craftnanny.org/home.php" "Mozilla/5.0 (Windows NT 10.0; Win64; x64; rv:132.0) Gecko/20100101 Firefox/132.0"
172.69.214.134 - - [13/Nov/2024:06:44:28 +0000] "POST /code/main.php HTTP/2.0" 200 67 "https://craftnanny.org/home.php" "Mozilla/5.0 (Windows NT 10.0; Win64; x64; rv:132.0) Gecko/20100101 Firefox/132.0"
172.69.214.134 - - [13/Nov/2024:06:44:28 +0000] "POST /code/main.php HTTP/2.0" 200 232 "https://craftnanny.org/home.php" "Mozilla/5.0 (Windows NT 10.0; Win64; x64; rv:132.0) Gecko/20100101 Firefox/132.0"
172.69.214.43 - - [13/Nov/2024:06:44:28 +0000] "GET /assets/img/offline.png HTTP/2.0" 200 277 "https://craftnanny.org/home.php" "Mozilla/5.0 (Windows NT 10.0; Win64; x64; rv:132.0) Gecko/20100101 Firefox/132.0"
108.162.241.181 - - [13/Nov/2024:06:45:14 +0000] "GET /home.php HTTP/2.0" 200 2032 "https://craftnanny.org/signin.php" "Mozilla/5.0 (Windows NT 10.0; Win64; x64; rv:132.0) Gecko/20100101 Firefox/132.0"
172.69.130.191 - - [13/Nov/2024:06:45:14 +0000] "GET /assets/js/vendor/modernizr.js HTTP/2.0" 200 11264 "https://craftnanny.org/home.php" "Mozilla/5.0 (Windows NT 10.0; Win64; x64; rv:132.0) Gecko/20100101 Firefox/132.0"
172.69.130.155 - - [13/Nov/2024:06:45:14 +0000] "GET /assets/js/vendor/jquery.js HTTP/2.0" 200 84732 "https://craftnanny.org/home.php" "Mozilla/5.0 (Windows NT 10.0; Win64; x64; rv:132.0) Gecko/20100101 Firefox/132.0"
172.69.130.23 - - [13/Nov/2024:06:45:14 +0000] "GET /assets/js/login_check.js HTTP/2.0" 200 550 "https://craftnanny.org/home.php" "Mozilla/5.0 (Windows NT 10.0; Win64; x64; rv:132.0) Gecko/20100101 Firefox/132.0"
108.162.241.194 - - [13/Nov/2024:06:45:14 +0000] "GET /assets/js/home.js HTTP/2.0" 200 7180 "https://craftnanny.org/home.php" "Mozilla/5.0 (Windows NT 10.0; Win64; x64; rv:132.0) Gecko/20100101 Firefox/132.0"
172.69.130.248 - - [13/Nov/2024:06:45:15 +0000] "GET /module_template.html HTTP/2.0" 200 141 "https://craftnanny.org/home.php" "Mozilla/5.0 (Windows NT 10.0; Win64; x64; rv:132.0) Gecko/20100101 Firefox/132.0"
172.69.130.248 - - [13/Nov/2024:06:45:15 +0000] "GET /event_template.html HTTP/2.0" 200 257 "https://craftnanny.org/home.php" "Mozilla/5.0 (Windows NT 10.0; Win64; x64; rv:132.0) Gecko/20100101 Firefox/132.0"
172.69.130.248 - - [13/Nov/2024:06:45:15 +0000] "POST /code/main.php HTTP/2.0" 200 49 "https://craftnanny.org/home.php" "Mozilla/5.0 (Windows NT 10.0; Win64; x64; rv:132.0) Gecko/20100101 Firefox/132.0"
172.69.214.36 - - [13/Nov/2024:06:45:15 +0000] "GET /favicon.ico HTTP/2.0" 200 20457 "https://craftnanny.org/home.php" "Mozilla/5.0 (Windows NT 10.0; Win64; x64; rv:132.0) Gecko/20100101 Firefox/132.0"
172.69.130.248 - - [13/Nov/2024:06:45:15 +0000] "POST /code/main.php HTTP/2.0" 200 60 "https://craftnanny.org/home.php" "Mozilla/5.0 (Windows NT 10.0; Win64; x64; rv:132.0) Gecko/20100101 Firefox/132.0"
172.69.130.248 - - [13/Nov/2024:06:45:24 +0000] "POST /code/main.php HTTP/2.0" 200 67 "https://craftnanny.org/home.php" "Mozilla/5.0 (Windows NT 10.0; Win64; x64; rv:132.0) Gecko/20100101 Firefox/132.0"
172.69.130.248 - - [13/Nov/2024:06:45:24 +0000] "POST /code/main.php HTTP/2.0" 200 67 "https://craftnanny.org/home.php" "Mozilla/5.0 (Windows NT 10.0; Win64; x64; rv:132.0) Gecko/20100101 Firefox/132.0"
172.69.130.248 - - [13/Nov/2024:06:45:24 +0000] "POST /code/main.php HTTP/2.0" 200 232 "https://craftnanny.org/home.php" "Mozilla/5.0 (Windows NT 10.0; Win64; x64; rv:132.0) Gecko/20100101 Firefox/132.0"
172.69.130.248 - - [13/Nov/2024:06:45:24 +0000] "POST /code/main.php HTTP/2.0" 200 67 "https://craftnanny.org/home.php" "Mozilla/5.0 (Windows NT 10.0; Win64; x64; rv:132.0) Gecko/20100101 Firefox/132.0"
172.69.214.43 - - [13/Nov/2024:06:45:24 +0000] "GET /assets/img/offline.png HTTP/2.0" 200 277 "https://craftnanny.org/home.php" "Mozilla/5.0 (Windows NT 10.0; Win64; x64; rv:132.0) Gecko/20100101 Firefox/132.0"
172.69.130.248 - - [13/Nov/2024:06:45:30 +0000] "GET /energy.php HTTP/2.0" 200 1788 "https://craftnanny.org/home.php" "Mozilla/5.0 (Windows NT 10.0; Win64; x64; rv:132.0) Gecko/20100101 Firefox/132.0"
172.69.130.191 - - [13/Nov/2024:06:45:30 +0000] "GET /assets/js/vendor/modernizr.js HTTP/2.0" 200 11264 "https://craftnanny.org/energy.php" "Mozilla/5.0 (Windows NT 10.0; Win64; x64; rv:132.0) Gecko/20100101 Firefox/132.0"
172.69.130.155 - - [13/Nov/2024:06:45:30 +0000] "GET /assets/js/vendor/jquery.js HTTP/2.0" 200 84732 "https://craftnanny.org/energy.php" "Mozilla/5.0 (Windows NT 10.0; Win64; x64; rv:132.0) Gecko/20100101 Firefox/132.0"
172.69.130.23 - - [13/Nov/2024:06:45:30 +0000] "GET /assets/js/login_check.js HTTP/2.0" 200 550 "https://craftnanny.org/energy.php" "Mozilla/5.0 (Windows NT 10.0; Win64; x64; rv:132.0) Gecko/20100101 Firefox/132.0"
108.162.241.214 - - [13/Nov/2024:06:45:30 +0000] "GET /assets/js/energy.js HTTP/2.0" 200 2779 "https://craftnanny.org/energy.php" "Mozilla/5.0 (Windows NT 10.0; Win64; x64; rv:132.0) Gecko/20100101 Firefox/132.0"
172.69.130.253 - - [13/Nov/2024:06:45:30 +0000] "GET /assets/js/block.js HTTP/2.0" 200 19979 "https://craftnanny.org/energy.php" "Mozilla/5.0 (Windows NT 10.0; Win64; x64; rv:132.0) Gecko/20100101 Firefox/132.0"
108.162.241.206 - - [13/Nov/2024:06:45:30 +0000] "GET /assets/img/mods/energy.png HTTP/2.0" 200 38862 "https://craftnanny.org/energy.php" "Mozilla/5.0 (Windows NT 10.0; Win64; x64; rv:132.0) Gecko/20100101 Firefox/132.0"
108.162.242.84 - - [13/Nov/2024:06:45:30 +0000] "GET /assets/img/screenshots/energy.PNG HTTP/2.0" 200 53392 "https://craftnanny.org/energy.php" "Mozilla/5.0 (Windows NT 10.0; Win64; x64; rv:132.0) Gecko/20100101 Firefox/132.0"
172.69.130.248 - - [13/Nov/2024:06:45:30 +0000] "GET /energy_template.html HTTP/2.0" 200 413 "https://craftnanny.org/energy.php" "Mozilla/5.0 (Windows NT 10.0; Win64; x64; rv:132.0) Gecko/20100101 Firefox/132.0"
172.69.214.43 - - [13/Nov/2024:06:45:30 +0000] "GET /assets/img/offline.png HTTP/2.0" 200 277 "https://craftnanny.org/energy.php" "Mozilla/5.0 (Windows NT 10.0; Win64; x64; rv:132.0) Gecko/20100101 Firefox/132.0"
172.69.130.248 - - [13/Nov/2024:06:45:30 +0000] "POST /code/main.php HTTP/2.0" 200 1218 "https://craftnanny.org/energy.php" "Mozilla/5.0 (Windows NT 10.0; Win64; x64; rv:132.0) Gecko/20100101 Firefox/132.0"
172.69.130.248 - - [13/Nov/2024:06:45:31 +0000] "GET /fluid.php HTTP/2.0" 200 1695 "https://craftnanny.org/energy.php" "Mozilla/5.0 (Windows NT 10.0; Win64; x64; rv:132.0) Gecko/20100101 Firefox/132.0"
172.69.130.191 - - [13/Nov/2024:06:45:31 +0000] "GET /assets/js/vendor/modernizr.js HTTP/2.0" 200 11264 "https://craftnanny.org/fluid.php" "Mozilla/5.0 (Windows NT 10.0; Win64; x64; rv:132.0) Gecko/20100101 Firefox/132.0"
172.69.130.155 - - [13/Nov/2024:06:45:31 +0000] "GET /assets/js/vendor/jquery.js HTTP/2.0" 200 84732 "https://craftnanny.org/fluid.php" "Mozilla/5.0 (Windows NT 10.0; Win64; x64; rv:132.0) Gecko/20100101 Firefox/132.0"
172.69.130.23 - - [13/Nov/2024:06:45:31 +0000] "GET /assets/js/login_check.js HTTP/2.0" 200 550 "https://craftnanny.org/fluid.php" "Mozilla/5.0 (Windows NT 10.0; Win64; x64; rv:132.0) Gecko/20100101 Firefox/132.0"
172.69.130.253 - - [13/Nov/2024:06:45:31 +0000] "GET /assets/js/block.js HTTP/2.0" 200 19979 "https://craftnanny.org/fluid.php" "Mozilla/5.0 (Windows NT 10.0; Win64; x64; rv:132.0) Gecko/20100101 Firefox/132.0"
172.70.80.18 - - [13/Nov/2024:06:45:31 +0000] "GET /assets/js/fluid.js HTTP/2.0" 200 3051 "https://craftnanny.org/fluid.php" "Mozilla/5.0 (Windows NT 10.0; Win64; x64; rv:132.0) Gecko/20100101 Firefox/132.0"
172.69.214.199 - - [13/Nov/2024:06:45:32 +0000] "GET /assets/img/mods/fluid.png HTTP/2.0" 200 50477 "https://craftnanny.org/fluid.php" "Mozilla/5.0 (Windows NT 10.0; Win64; x64; rv:132.0) Gecko/20100101 Firefox/132.0"
172.69.130.248 - - [13/Nov/2024:06:45:32 +0000] "GET /fluid_template.html HTTP/2.0" 200 399 "https://craftnanny.org/fluid.php" "Mozilla/5.0 (Windows NT 10.0; Win64; x64; rv:132.0) Gecko/20100101 Firefox/132.0"
172.69.130.248 - - [13/Nov/2024:06:45:32 +0000] "POST /code/main.php HTTP/2.0" 200 74 "https://craftnanny.org/fluid.php" "Mozilla/5.0 (Windows NT 10.0; Win64; x64; rv:132.0) Gecko/20100101 Firefox/132.0"
172.69.214.43 - - [13/Nov/2024:06:45:32 +0000] "GET /assets/img/offline.png HTTP/2.0" 200 277 "https://craftnanny.org/fluid.php" "Mozilla/5.0 (Windows NT 10.0; Win64; x64; rv:132.0) Gecko/20100101 Firefox/132.0"
108.162.241.85 - - [13/Nov/2024:06:45:32 +0000] "GET /assets/img/screenshots/fluid.PNG HTTP/2.0" 200 76866 "https://craftnanny.org/fluid.php" "Mozilla/5.0 (Windows NT 10.0; Win64; x64; rv:132.0) Gecko/20100101 Firefox/132.0"
172.69.130.5 - - [13/Nov/2024:06:45:32 +0000] "GET /assets/img/buckets/empty.png HTTP/2.0" 200 899 "https://craftnanny.org/fluid.php" "Mozilla/5.0 (Windows NT 10.0; Win64; x64; rv:132.0) Gecko/20100101 Firefox/132.0"
172.69.130.248 - - [13/Nov/2024:06:45:33 +0000] "GET /tracking.php HTTP/2.0" 200 1654 "https://craftnanny.org/fluid.php" "Mozilla/5.0 (Windows NT 10.0; Win64; x64; rv:132.0) Gecko/20100101 Firefox/132.0"
172.69.130.191 - - [13/Nov/2024:06:45:33 +0000] "GET /assets/js/vendor/modernizr.js HTTP/2.0" 200 11264 "https://craftnanny.org/tracking.php" "Mozilla/5.0 (Windows NT 10.0; Win64; x64; rv:132.0) Gecko/20100101 Firefox/132.0"
172.69.130.155 - - [13/Nov/2024:06:45:33 +0000] "GET /assets/js/vendor/jquery.js HTTP/2.0" 200 84732 "https://craftnanny.org/tracking.php" "Mozilla/5.0 (Windows NT 10.0; Win64; x64; rv:132.0) Gecko/20100101 Firefox/132.0"
172.69.130.23 - - [13/Nov/2024:06:45:33 +0000] "GET /assets/js/login_check.js HTTP/2.0" 200 550 "https://craftnanny.org/tracking.php" "Mozilla/5.0 (Windows NT 10.0; Win64; x64; rv:132.0) Gecko/20100101 Firefox/132.0"
172.69.214.111 - - [13/Nov/2024:06:45:33 +0000] "GET /assets/js/tracking.js HTTP/2.0" 200 5021 "https://craftnanny.org/tracking.php" "Mozilla/5.0 (Windows NT 10.0; Win64; x64; rv:132.0) Gecko/20100101 Firefox/132.0"
172.69.214.50 - - [13/Nov/2024:06:45:33 +0000] "GET /assets/img/skin.PNG HTTP/2.0" 200 25833 "https://craftnanny.org/tracking.php" "Mozilla/5.0 (Windows NT 10.0; Win64; x64; rv:132.0) Gecko/20100101 Firefox/132.0"
172.69.214.107 - - [13/Nov/2024:06:45:33 +0000] "GET /assets/img/screenshots/tracking.PNG HTTP/2.0" 200 89932 "https://craftnanny.org/tracking.php" "Mozilla/5.0 (Windows NT 10.0; Win64; x64; rv:132.0) Gecko/20100101 Firefox/132.0"
172.69.214.164 - - [13/Nov/2024:06:45:33 +0000] "GET /assets/img/mods/player.png HTTP/2.0" 200 57263 "https://craftnanny.org/tracking.php" "Mozilla/5.0 (Windows NT 10.0; Win64; x64; rv:132.0) Gecko/20100101 Firefox/132.0"
172.69.130.248 - - [13/Nov/2024:06:45:34 +0000] "POST /code/main.php HTTP/2.0" 200 60 "https://craftnanny.org/tracking.php" "Mozilla/5.0 (Windows NT 10.0; Win64; x64; rv:132.0) Gecko/20100101 Firefox/132.0"
172.69.130.248 - - [13/Nov/2024:06:45:35 +0000] "GET /visitor_template.html HTTP/2.0" 200 444 "https://craftnanny.org/tracking.php" "Mozilla/5.0 (Windows NT 10.0; Win64; x64; rv:132.0) Gecko/20100101 Firefox/132.0"
172.69.130.248 - - [13/Nov/2024:06:45:35 +0000] "GET /visit_template.html HTTP/2.0" 200 279 "https://craftnanny.org/tracking.php" "Mozilla/5.0 (Windows NT 10.0; Win64; x64; rv:132.0) Gecko/20100101 Firefox/132.0"
172.69.214.43 - - [13/Nov/2024:06:45:35 +0000] "GET /assets/img/offline.png HTTP/2.0" 200 277 "https://craftnanny.org/tracking.php" "Mozilla/5.0 (Windows NT 10.0; Win64; x64; rv:132.0) Gecko/20100101 Firefox/132.0"
172.69.130.248 - - [13/Nov/2024:06:45:35 +0000] "POST /code/main.php HTTP/2.0" 200 54 "https://craftnanny.org/tracking.php" "Mozilla/5.0 (Windows NT 10.0; Win64; x64; rv:132.0) Gecko/20100101 Firefox/132.0"
172.69.130.84 - - [13/Nov/2024:06:45:56 +0000] "GET /tracking.php HTTP/2.0" 200 1654 "https://craftnanny.org/fluid.php" "Mozilla/5.0 (Windows NT 10.0; Win64; x64; rv:132.0) Gecko/20100101 Firefox/132.0"
172.69.130.191 - - [13/Nov/2024:06:45:56 +0000] "GET /assets/js/vendor/modernizr.js HTTP/2.0" 200 11264 "https://craftnanny.org/tracking.php" "Mozilla/5.0 (Windows NT 10.0; Win64; x64; rv:132.0) Gecko/20100101 Firefox/132.0"
172.69.130.155 - - [13/Nov/2024:06:45:56 +0000] "GET /assets/js/vendor/jquery.js HTTP/2.0" 200 84732 "https://craftnanny.org/tracking.php" "Mozilla/5.0 (Windows NT 10.0; Win64; x64; rv:132.0) Gecko/20100101 Firefox/132.0"
172.69.130.23 - - [13/Nov/2024:06:45:56 +0000] "GET /assets/js/login_check.js HTTP/2.0" 200 550 "https://craftnanny.org/tracking.php" "Mozilla/5.0 (Windows NT 10.0; Win64; x64; rv:132.0) Gecko/20100101 Firefox/132.0"
172.69.214.111 - - [13/Nov/2024:06:45:56 +0000] "GET /assets/js/tracking.js HTTP/2.0" 200 5021 "https://craftnanny.org/tracking.php" "Mozilla/5.0 (Windows NT 10.0; Win64; x64; rv:132.0) Gecko/20100101 Firefox/132.0"
172.69.214.164 - - [13/Nov/2024:06:45:56 +0000] "GET /assets/img/mods/player.png HTTP/2.0" 200 57263 "https://craftnanny.org/tracking.php" "Mozilla/5.0 (Windows NT 10.0; Win64; x64; rv:132.0) Gecko/20100101 Firefox/132.0"
172.69.214.107 - - [13/Nov/2024:06:45:56 +0000] "GET /assets/img/screenshots/tracking.PNG HTTP/2.0" 200 89932 "https://craftnanny.org/tracking.php" "Mozilla/5.0 (Windows NT 10.0; Win64; x64; rv:132.0) Gecko/20100101 Firefox/132.0"
172.69.214.50 - - [13/Nov/2024:06:45:56 +0000] "GET /assets/img/skin.PNG HTTP/2.0" 200 25833 "https://craftnanny.org/tracking.php" "Mozilla/5.0 (Windows NT 10.0; Win64; x64; rv:132.0) Gecko/20100101 Firefox/132.0"
172.70.80.236 - - [13/Nov/2024:06:45:57 +0000] "POST /code/main.php HTTP/2.0" 200 60 "https://craftnanny.org/tracking.php" "Mozilla/5.0 (Windows NT 10.0; Win64; x64; rv:132.0) Gecko/20100101 Firefox/132.0"
172.69.214.36 - - [13/Nov/2024:06:45:57 +0000] "GET /favicon.ico HTTP/2.0" 200 20457 "https://craftnanny.org/tracking.php" "Mozilla/5.0 (Windows NT 10.0; Win64; x64; rv:132.0) Gecko/20100101 Firefox/132.0"
172.70.80.236 - - [13/Nov/2024:06:46:13 +0000] "GET /visitor_template.html HTTP/2.0" 200 444 "https://craftnanny.org/tracking.php" "Mozilla/5.0 (Windows NT 10.0; Win64; x64; rv:132.0) Gecko/20100101 Firefox/132.0"
172.70.80.236 - - [13/Nov/2024:06:46:13 +0000] "GET /visit_template.html HTTP/2.0" 200 279 "https://craftnanny.org/tracking.php" "Mozilla/5.0 (Windows NT 10.0; Win64; x64; rv:132.0) Gecko/20100101 Firefox/132.0"
172.70.80.236 - - [13/Nov/2024:06:46:13 +0000] "POST /code/main.php HTTP/2.0" 200 54 "https://craftnanny.org/tracking.php" "Mozilla/5.0 (Windows NT 10.0; Win64; x64; rv:132.0) Gecko/20100101 Firefox/132.0"
172.69.214.43 - - [13/Nov/2024:06:46:26 +0000] "GET /assets/img/offline.png HTTP/2.0" 200 277 "https://craftnanny.org/tracking.php" "Mozilla/5.0 (Windows NT 10.0; Win64; x64; rv:132.0) Gecko/20100101 Firefox/132.0"
172.70.80.236 - - [13/Nov/2024:06:46:27 +0000] "GET /setup.php HTTP/2.0" 200 1484 "https://craftnanny.org/tracking.php" "Mozilla/5.0 (Windows NT 10.0; Win64; x64; rv:132.0) Gecko/20100101 Firefox/132.0"
172.69.130.191 - - [13/Nov/2024:06:46:27 +0000] "GET /assets/js/vendor/modernizr.js HTTP/2.0" 200 11264 "https://craftnanny.org/setup.php" "Mozilla/5.0 (Windows NT 10.0; Win64; x64; rv:132.0) Gecko/20100101 Firefox/132.0"
172.69.130.155 - - [13/Nov/2024:06:46:27 +0000] "GET /assets/js/vendor/jquery.js HTTP/2.0" 200 84732 "https://craftnanny.org/setup.php" "Mozilla/5.0 (Windows NT 10.0; Win64; x64; rv:132.0) Gecko/20100101 Firefox/132.0"
172.70.80.178 - - [13/Nov/2024:06:46:27 +0000] "GET /assets/img/setup/register_module.png HTTP/2.0" 200 23117 "https://craftnanny.org/setup.php" "Mozilla/5.0 (Windows NT 10.0; Win64; x64; rv:132.0) Gecko/20100101 Firefox/132.0"
172.70.50.5 - - [13/Nov/2024:06:46:27 +0000] "GET /assets/img/setup/complete.png HTTP/2.0" 200 25804 "https://craftnanny.org/setup.php" "Mozilla/5.0 (Windows NT 10.0; Win64; x64; rv:132.0) Gecko/20100101 Firefox/132.0"
108.162.242.71 - - [13/Nov/2024:06:46:27 +0000] "GET /assets/img/setup/name_module.png HTTP/2.0" 200 22313 "https://craftnanny.org/setup.php" "Mozilla/5.0 (Windows NT 10.0; Win64; x64; rv:132.0) Gecko/20100101 Firefox/132.0"
172.69.214.67 - - [13/Nov/2024:06:46:27 +0000] "GET /assets/img/setup/select_module.png HTTP/2.0" 200 24555 "https://craftnanny.org/setup.php" "Mozilla/5.0 (Windows NT 10.0; Win64; x64; rv:132.0) Gecko/20100101 Firefox/132.0"
172.69.214.36 - - [13/Nov/2024:06:46:27 +0000] "GET /favicon.ico HTTP/2.0" 200 20457 "https://craftnanny.org/setup.php" "Mozilla/5.0 (Windows NT 10.0; Win64; x64; rv:132.0) Gecko/20100101 Firefox/132.0"
172.70.80.236 - - [13/Nov/2024:06:46:28 +0000] "GET /home.php HTTP/2.0" 200 2032 "https://craftnanny.org/setup.php" "Mozilla/5.0 (Windows NT 10.0; Win64; x64; rv:132.0) Gecko/20100101 Firefox/132.0"
172.69.130.191 - - [13/Nov/2024:06:46:28 +0000] "GET /assets/js/vendor/modernizr.js HTTP/2.0" 200 11264 "https://craftnanny.org/home.php" "Mozilla/5.0 (Windows NT 10.0; Win64; x64; rv:132.0) Gecko/20100101 Firefox/132.0"
172.69.130.155 - - [13/Nov/2024:06:46:28 +0000] "GET /assets/js/vendor/jquery.js HTTP/2.0" 200 84732 "https://craftnanny.org/home.php" "Mozilla/5.0 (Windows NT 10.0; Win64; x64; rv:132.0) Gecko/20100101 Firefox/132.0"
108.162.241.194 - - [13/Nov/2024:06:46:28 +0000] "GET /assets/js/home.js HTTP/2.0" 200 7180 "https://craftnanny.org/home.php" "Mozilla/5.0 (Windows NT 10.0; Win64; x64; rv:132.0) Gecko/20100101 Firefox/132.0"
172.69.130.23 - - [13/Nov/2024:06:46:28 +0000] "GET /assets/js/login_check.js HTTP/2.0" 200 550 "https://craftnanny.org/home.php" "Mozilla/5.0 (Windows NT 10.0; Win64; x64; rv:132.0) Gecko/20100101 Firefox/132.0"
172.70.80.236 - - [13/Nov/2024:06:46:28 +0000] "POST /code/main.php HTTP/2.0" 200 49 "https://craftnanny.org/home.php" "Mozilla/5.0 (Windows NT 10.0; Win64; x64; rv:132.0) Gecko/20100101 Firefox/132.0"
172.69.214.43 - - [13/Nov/2024:06:46:28 +0000] "GET /assets/img/offline.png HTTP/2.0" 200 277 "https://craftnanny.org/home.php" "Mozilla/5.0 (Windows NT 10.0; Win64; x64; rv:132.0) Gecko/20100101 Firefox/132.0"
172.70.80.236 - - [13/Nov/2024:06:46:28 +0000] "POST /code/main.php HTTP/2.0" 200 60 "https://craftnanny.org/home.php" "Mozilla/5.0 (Windows NT 10.0; Win64; x64; rv:132.0) Gecko/20100101 Firefox/132.0"
172.70.80.236 - - [13/Nov/2024:06:46:42 +0000] "POST /code/main.php HTTP/2.0" 200 67 "https://craftnanny.org/home.php" "Mozilla/5.0 (Windows NT 10.0; Win64; x64; rv:132.0) Gecko/20100101 Firefox/132.0"
172.70.80.236 - - [13/Nov/2024:06:46:42 +0000] "POST /code/main.php HTTP/2.0" 200 67 "https://craftnanny.org/home.php" "Mozilla/5.0 (Windows NT 10.0; Win64; x64; rv:132.0) Gecko/20100101 Firefox/132.0"
172.70.80.236 - - [13/Nov/2024:06:46:42 +0000] "POST /code/main.php HTTP/2.0" 200 67 "https://craftnanny.org/home.php" "Mozilla/5.0 (Windows NT 10.0; Win64; x64; rv:132.0) Gecko/20100101 Firefox/132.0"
172.70.80.236 - - [13/Nov/2024:06:46:42 +0000] "POST /code/main.php HTTP/2.0" 200 232 "https://craftnanny.org/home.php" "Mozilla/5.0 (Windows NT 10.0; Win64; x64; rv:132.0) Gecko/20100101 Firefox/132.0"
172.69.214.101 - - [13/Nov/2024:06:49:59 +0000] "GET /home.php HTTP/2.0" 200 2032 "https://craftnanny.org/setup.php" "Mozilla/5.0 (Windows NT 10.0; Win64; x64; rv:132.0) Gecko/20100101 Firefox/132.0"
172.69.130.191 - - [13/Nov/2024:06:49:59 +0000] "GET /assets/js/vendor/modernizr.js HTTP/2.0" 200 11264 "https://craftnanny.org/home.php" "Mozilla/5.0 (Windows NT 10.0; Win64; x64; rv:132.0) Gecko/20100101 Firefox/132.0"
172.69.130.23 - - [13/Nov/2024:06:49:59 +0000] "GET /assets/js/login_check.js HTTP/2.0" 200 550 "https://craftnanny.org/home.php" "Mozilla/5.0 (Windows NT 10.0; Win64; x64; rv:132.0) Gecko/20100101 Firefox/132.0"
172.69.130.155 - - [13/Nov/2024:06:49:59 +0000] "GET /assets/js/vendor/jquery.js HTTP/2.0" 200 84732 "https://craftnanny.org/home.php" "Mozilla/5.0 (Windows NT 10.0; Win64; x64; rv:132.0) Gecko/20100101 Firefox/132.0"
108.162.241.195 - - [13/Nov/2024:06:49:59 +0000] "GET /assets/js/home.js HTTP/2.0" 200 8847 "https://craftnanny.org/home.php" "Mozilla/5.0 (Windows NT 10.0; Win64; x64; rv:132.0) Gecko/20100101 Firefox/132.0"
172.69.214.101 - - [13/Nov/2024:06:49:59 +0000] "GET /module_template.html HTTP/2.0" 200 141 "https://craftnanny.org/home.php" "Mozilla/5.0 (Windows NT 10.0; Win64; x64; rv:132.0) Gecko/20100101 Firefox/132.0"
172.69.214.101 - - [13/Nov/2024:06:49:59 +0000] "GET /event_template.html HTTP/2.0" 200 257 "https://craftnanny.org/home.php" "Mozilla/5.0 (Windows NT 10.0; Win64; x64; rv:132.0) Gecko/20100101 Firefox/132.0"
172.69.214.36 - - [13/Nov/2024:06:49:59 +0000] "GET /favicon.ico HTTP/2.0" 200 20457 "https://craftnanny.org/home.php" "Mozilla/5.0 (Windows NT 10.0; Win64; x64; rv:132.0) Gecko/20100101 Firefox/132.0"
172.69.214.101 - - [13/Nov/2024:06:49:59 +0000] "POST /code/main.php HTTP/2.0" 200 49 "https://craftnanny.org/home.php" "Mozilla/5.0 (Windows NT 10.0; Win64; x64; rv:132.0) Gecko/20100101 Firefox/132.0"
172.69.214.101 - - [13/Nov/2024:06:50:02 +0000] "POST /code/main.php HTTP/2.0" 200 60 "https://craftnanny.org/home.php" "Mozilla/5.0 (Windows NT 10.0; Win64; x64; rv:132.0) Gecko/20100101 Firefox/132.0"
172.69.214.101 - - [13/Nov/2024:06:50:02 +0000] "POST /code/main.php HTTP/2.0" 200 67 "https://craftnanny.org/home.php" "Mozilla/5.0 (Windows NT 10.0; Win64; x64; rv:132.0) Gecko/20100101 Firefox/132.0"
172.69.214.101 - - [13/Nov/2024:06:50:02 +0000] "POST /code/main.php HTTP/2.0" 200 67 "https://craftnanny.org/home.php" "Mozilla/5.0 (Windows NT 10.0; Win64; x64; rv:132.0) Gecko/20100101 Firefox/132.0"
172.69.214.101 - - [13/Nov/2024:06:50:02 +0000] "POST /code/main.php HTTP/2.0" 200 232 "https://craftnanny.org/home.php" "Mozilla/5.0 (Windows NT 10.0; Win64; x64; rv:132.0) Gecko/20100101 Firefox/132.0"
172.69.214.101 - - [13/Nov/2024:06:50:02 +0000] "POST /code/main.php HTTP/2.0" 200 67 "https://craftnanny.org/home.php" "Mozilla/5.0 (Windows NT 10.0; Win64; x64; rv:132.0) Gecko/20100101 Firefox/132.0"
