172.69.214.43 - - [13/Nov/2024:07:02:32 +0000] "GET /assets/img/offline.png HTTP/2.0" 200 277 "https://craftnanny.org/home.php" "Mozilla/5.0 (Windows NT 10.0; Win64; x64; rv:132.0) Gecko/20100101 Firefox/132.0"
108.162.241.236 - - [13/Nov/2024:07:02:32 +0000] "POST /code/main.php HTTP/2.0" 200 0 "https://craftnanny.org/home.php" "Mozilla/5.0 (Windows NT 10.0; Win64; x64; rv:132.0) Gecko/20100101 Firefox/132.0"
108.162.241.236 - - [13/Nov/2024:07:02:33 +0000] "POST /code/main.php HTTP/2.0" 200 0 "https://craftnanny.org/home.php" "Mozilla/5.0 (Windows NT 10.0; Win64; x64; rv:132.0) Gecko/20100101 Firefox/132.0"
108.162.241.236 - - [13/Nov/2024:07:02:33 +0000] "POST /code/main.php HTTP/2.0" 200 0 "https://craftnanny.org/home.php" "Mozilla/5.0 (Windows NT 10.0; Win64; x64; rv:132.0) Gecko/20100101 Firefox/132.0"
108.162.241.236 - - [13/Nov/2024:07:02:33 +0000] "POST /code/main.php HTTP/2.0" 200 0 "https://craftnanny.org/home.php" "Mozilla/5.0 (Windows NT 10.0; Win64; x64; rv:132.0) Gecko/20100101 Firefox/132.0"
108.162.241.236 - - [13/Nov/2024:07:02:33 +0000] "POST /code/main.php HTTP/2.0" 200 0 "https://craftnanny.org/home.php" "Mozilla/5.0 (Windows NT 10.0; Win64; x64; rv:132.0) Gecko/20100101 Firefox/132.0"
108.162.241.236 - - [13/Nov/2024:07:02:34 +0000] "GET /energy.php HTTP/2.0" 200 1788 "https://craftnanny.org/home.php" "Mozilla/5.0 (Windows NT 10.0; Win64; x64; rv:132.0) Gecko/20100101 Firefox/132.0"
172.69.130.155 - - [13/Nov/2024:07:02:34 +0000] "GET /assets/js/vendor/jquery.js HTTP/2.0" 200 84732 "https://craftnanny.org/energy.php" "Mozilla/5.0 (Windows NT 10.0; Win64; x64; rv:132.0) Gecko/20100101 Firefox/132.0"
172.69.130.191 - - [13/Nov/2024:07:02:34 +0000] "GET /assets/js/vendor/modernizr.js HTTP/2.0" 200 11264 "https://craftnanny.org/energy.php" "Mozilla/5.0 (Windows NT 10.0; Win64; x64; rv:132.0) Gecko/20100101 Firefox/132.0"
172.69.130.22 - - [13/Nov/2024:07:02:34 +0000] "GET /assets/js/login_check.js HTTP/2.0" 200 550 "https://craftnanny.org/energy.php" "Mozilla/5.0 (Windows NT 10.0; Win64; x64; rv:132.0) Gecko/20100101 Firefox/132.0"
108.162.241.215 - - [13/Nov/2024:07:02:35 +0000] "GET /assets/js/energy.js HTTP/2.0" 200 3679 "https://craftnanny.org/energy.php" "Mozilla/5.0 (Windows NT 10.0; Win64; x64; rv:132.0) Gecko/20100101 Firefox/132.0"
172.69.130.252 - - [13/Nov/2024:07:02:35 +0000] "GET /assets/js/block.js HTTP/2.0" 200 19979 "https://craftnanny.org/energy.php" "Mozilla/5.0 (Windows NT 10.0; Win64; x64; rv:132.0) Gecko/20100101 Firefox/132.0"
108.162.241.206 - - [13/Nov/2024:07:02:35 +0000] "GET /assets/img/mods/energy.png HTTP/2.0" 200 38862 "https://craftnanny.org/energy.php" "Mozilla/5.0 (Windows NT 10.0; Win64; x64; rv:132.0) Gecko/20100101 Firefox/132.0"
108.162.242.84 - - [13/Nov/2024:07:02:35 +0000] "GET /assets/img/screenshots/energy.PNG HTTP/2.0" 200 53392 "https://craftnanny.org/energy.php" "Mozilla/5.0 (Windows NT 10.0; Win64; x64; rv:132.0) Gecko/20100101 Firefox/132.0"
172.69.214.43 - - [13/Nov/2024:07:02:35 +0000] "GET /assets/img/offline.png HTTP/2.0" 200 277 "https://craftnanny.org/energy.php" "Mozilla/5.0 (Windows NT 10.0; Win64; x64; rv:132.0) Gecko/20100101 Firefox/132.0"
108.162.241.236 - - [13/Nov/2024:07:02:35 +0000] "POST /code/main.php HTTP/2.0" 200 0 "https://craftnanny.org/energy.php" "Mozilla/5.0 (Windows NT 10.0; Win64; x64; rv:132.0) Gecko/20100101 Firefox/132.0"
108.162.241.236 - - [13/Nov/2024:07:02:36 +0000] "GET /tracking.php HTTP/2.0" 200 1654 "https://craftnanny.org/energy.php" "Mozilla/5.0 (Windows NT 10.0; Win64; x64; rv:132.0) Gecko/20100101 Firefox/132.0"
172.69.130.191 - - [13/Nov/2024:07:02:36 +0000] "GET /assets/js/vendor/modernizr.js HTTP/2.0" 200 11264 "https://craftnanny.org/tracking.php" "Mozilla/5.0 (Windows NT 10.0; Win64; x64; rv:132.0) Gecko/20100101 Firefox/132.0"
172.69.130.155 - - [13/Nov/2024:07:02:36 +0000] "GET /assets/js/vendor/jquery.js HTTP/2.0" 200 84732 "https://craftnanny.org/tracking.php" "Mozilla/5.0 (Windows NT 10.0; Win64; x64; rv:132.0) Gecko/20100101 Firefox/132.0"
172.69.130.22 - - [13/Nov/2024:07:02:36 +0000] "GET /assets/js/login_check.js HTTP/2.0" 200 550 "https://craftnanny.org/tracking.php" "Mozilla/5.0 (Windows NT 10.0; Win64; x64; rv:132.0) Gecko/20100101 Firefox/132.0"
172.69.214.110 - - [13/Nov/2024:07:02:36 +0000] "GET /assets/js/tracking.js HTTP/2.0" 200 5033 "https://craftnanny.org/tracking.php" "Mozilla/5.0 (Windows NT 10.0; Win64; x64; rv:132.0) Gecko/20100101 Firefox/132.0"
108.162.241.236 - - [13/Nov/2024:07:02:36 +0000] "POST /code/main.php HTTP/2.0" 200 0 "https://craftnanny.org/tracking.php" "Mozilla/5.0 (Windows NT 10.0; Win64; x64; rv:132.0) Gecko/20100101 Firefox/132.0"
172.69.214.164 - - [13/Nov/2024:07:02:36 +0000] "GET /assets/img/mods/player.png HTTP/2.0" 200 57263 "https://craftnanny.org/tracking.php" "Mozilla/5.0 (Windows NT 10.0; Win64; x64; rv:132.0) Gecko/20100101 Firefox/132.0"
172.69.214.50 - - [13/Nov/2024:07:02:36 +0000] "GET /assets/img/skin.PNG HTTP/2.0" 200 25833 "https://craftnanny.org/tracking.php" "Mozilla/5.0 (Windows NT 10.0; Win64; x64; rv:132.0) Gecko/20100101 Firefox/132.0"
172.69.214.43 - - [13/Nov/2024:07:02:36 +0000] "GET /assets/img/offline.png HTTP/2.0" 200 277 "https://craftnanny.org/tracking.php" "Mozilla/5.0 (Windows NT 10.0; Win64; x64; rv:132.0) Gecko/20100101 Firefox/132.0"
108.162.241.236 - - [13/Nov/2024:07:02:36 +0000] "POST /code/main.php HTTP/2.0" 200 0 "https://craftnanny.org/tracking.php" "Mozilla/5.0 (Windows NT 10.0; Win64; x64; rv:132.0) Gecko/20100101 Firefox/132.0"
172.69.214.106 - - [13/Nov/2024:07:02:36 +0000] "GET /assets/img/screenshots/tracking.PNG HTTP/2.0" 200 89932 "https://craftnanny.org/tracking.php" "Mozilla/5.0 (Windows NT 10.0; Win64; x64; rv:132.0) Gecko/20100101 Firefox/132.0"
108.162.241.236 - - [13/Nov/2024:07:02:37 +0000] "GET /setup.php HTTP/2.0" 200 1484 "https://craftnanny.org/tracking.php" "Mozilla/5.0 (Windows NT 10.0; Win64; x64; rv:132.0) Gecko/20100101 Firefox/132.0"
172.69.130.191 - - [13/Nov/2024:07:02:37 +0000] "GET /assets/js/vendor/modernizr.js HTTP/2.0" 200 11264 "https://craftnanny.org/setup.php" "Mozilla/5.0 (Windows NT 10.0; Win64; x64; rv:132.0) Gecko/20100101 Firefox/132.0"
172.69.130.155 - - [13/Nov/2024:07:02:37 +0000] "GET /assets/js/vendor/jquery.js HTTP/2.0" 200 84732 "https://craftnanny.org/setup.php" "Mozilla/5.0 (Windows NT 10.0; Win64; x64; rv:132.0) Gecko/20100101 Firefox/132.0"
172.69.214.66 - - [13/Nov/2024:07:02:37 +0000] "GET /assets/img/setup/select_module.png HTTP/2.0" 200 24555 "https://craftnanny.org/setup.php" "Mozilla/5.0 (Windows NT 10.0; Win64; x64; rv:132.0) Gecko/20100101 Firefox/132.0"
108.162.242.72 - - [13/Nov/2024:07:02:37 +0000] "GET /assets/img/setup/name_module.png HTTP/2.0" 200 22313 "https://craftnanny.org/setup.php" "Mozilla/5.0 (Windows NT 10.0; Win64; x64; rv:132.0) Gecko/20100101 Firefox/132.0"
172.70.80.178 - - [13/Nov/2024:07:02:37 +0000] "GET /assets/img/setup/register_module.png HTTP/2.0" 200 23117 "https://craftnanny.org/setup.php" "Mozilla/5.0 (Windows NT 10.0; Win64; x64; rv:132.0) Gecko/20100101 Firefox/132.0"
172.70.50.4 - - [13/Nov/2024:07:02:37 +0000] "GET /assets/img/setup/complete.png HTTP/2.0" 200 25804 "https://craftnanny.org/setup.php" "Mozilla/5.0 (Windows NT 10.0; Win64; x64; rv:132.0) Gecko/20100101 Firefox/132.0"
108.162.241.236 - - [13/Nov/2024:07:02:38 +0000] "GET /home.php HTTP/2.0" 200 2032 "https://craftnanny.org/setup.php" "Mozilla/5.0 (Windows NT 10.0; Win64; x64; rv:132.0) Gecko/20100101 Firefox/132.0"
172.69.130.191 - - [13/Nov/2024:07:02:38 +0000] "GET /assets/js/vendor/modernizr.js HTTP/2.0" 200 11264 "https://craftnanny.org/home.php" "Mozilla/5.0 (Windows NT 10.0; Win64; x64; rv:132.0) Gecko/20100101 Firefox/132.0"
172.69.130.155 - - [13/Nov/2024:07:02:38 +0000] "GET /assets/js/vendor/jquery.js HTTP/2.0" 200 84732 "https://craftnanny.org/home.php" "Mozilla/5.0 (Windows NT 10.0; Win64; x64; rv:132.0) Gecko/20100101 Firefox/132.0"
172.69.130.22 - - [13/Nov/2024:07:02:38 +0000] "GET /assets/js/login_check.js HTTP/2.0" 200 550 "https://craftnanny.org/home.php" "Mozilla/5.0 (Windows NT 10.0; Win64; x64; rv:132.0) Gecko/20100101 Firefox/132.0"
108.162.241.195 - - [13/Nov/2024:07:02:38 +0000] "GET /assets/js/home.js HTTP/2.0" 200 8865 "https://craftnanny.org/home.php" "Mozilla/5.0 (Windows NT 10.0; Win64; x64; rv:132.0) Gecko/20100101 Firefox/132.0"
172.69.214.43 - - [13/Nov/2024:07:02:38 +0000] "GET /assets/img/offline.png HTTP/2.0" 200 277 "https://craftnanny.org/home.php" "Mozilla/5.0 (Windows NT 10.0; Win64; x64; rv:132.0) Gecko/20100101 Firefox/132.0"
108.162.241.236 - - [13/Nov/2024:07:02:38 +0000] "POST /code/main.php HTTP/2.0" 200 0 "https://craftnanny.org/home.php" "Mozilla/5.0 (Windows NT 10.0; Win64; x64; rv:132.0) Gecko/20100101 Firefox/132.0"
108.162.241.236 - - [13/Nov/2024:07:02:38 +0000] "POST /code/main.php HTTP/2.0" 200 0 "https://craftnanny.org/home.php" "Mozilla/5.0 (Windows NT 10.0; Win64; x64; rv:132.0) Gecko/20100101 Firefox/132.0"
108.162.241.236 - - [13/Nov/2024:07:02:40 +0000] "POST /code/main.php HTTP/2.0" 200 0 "https://craftnanny.org/home.php" "Mozilla/5.0 (Windows NT 10.0; Win64; x64; rv:132.0) Gecko/20100101 Firefox/132.0"
108.162.241.236 - - [13/Nov/2024:07:02:40 +0000] "POST /code/main.php HTTP/2.0" 200 0 "https://craftnanny.org/home.php" "Mozilla/5.0 (Windows NT 10.0; Win64; x64; rv:132.0) Gecko/20100101 Firefox/132.0"
108.162.241.236 - - [13/Nov/2024:07:02:40 +0000] "POST /code/main.php HTTP/2.0" 200 0 "https://craftnanny.org/home.php" "Mozilla/5.0 (Windows NT 10.0; Win64; x64; rv:132.0) Gecko/20100101 Firefox/132.0"
108.162.241.236 - - [13/Nov/2024:07:02:40 +0000] "POST /code/main.php HTTP/2.0" 200 0 "https://craftnanny.org/home.php" "Mozilla/5.0 (Windows NT 10.0; Win64; x64; rv:132.0) Gecko/20100101 Firefox/132.0"
108.162.241.236 - - [13/Nov/2024:07:02:46 +0000] "GET /home.php HTTP/2.0" 200 2032 "https://craftnanny.org/setup.php" "Mozilla/5.0 (Windows NT 10.0; Win64; x64; rv:132.0) Gecko/20100101 Firefox/132.0"
172.69.130.191 - - [13/Nov/2024:07:02:46 +0000] "GET /assets/js/vendor/modernizr.js HTTP/2.0" 200 11264 "https://craftnanny.org/home.php" "Mozilla/5.0 (Windows NT 10.0; Win64; x64; rv:132.0) Gecko/20100101 Firefox/132.0"
172.69.130.155 - - [13/Nov/2024:07:02:46 +0000] "GET /assets/js/vendor/jquery.js HTTP/2.0" 200 84732 "https://craftnanny.org/home.php" "Mozilla/5.0 (Windows NT 10.0; Win64; x64; rv:132.0) Gecko/20100101 Firefox/132.0"
172.69.130.22 - - [13/Nov/2024:07:02:46 +0000] "GET /assets/js/login_check.js HTTP/2.0" 200 550 "https://craftnanny.org/home.php" "Mozilla/5.0 (Windows NT 10.0; Win64; x64; rv:132.0) Gecko/20100101 Firefox/132.0"
108.162.241.195 - - [13/Nov/2024:07:02:46 +0000] "GET /assets/js/home.js HTTP/2.0" 200 8865 "https://craftnanny.org/home.php" "Mozilla/5.0 (Windows NT 10.0; Win64; x64; rv:132.0) Gecko/20100101 Firefox/132.0"
108.162.241.236 - - [13/Nov/2024:07:02:46 +0000] "POST /code/main.php HTTP/2.0" 200 0 "https://craftnanny.org/home.php" "Mozilla/5.0 (Windows NT 10.0; Win64; x64; rv:132.0) Gecko/20100101 Firefox/132.0"
172.69.214.43 - - [13/Nov/2024:07:02:46 +0000] "GET /assets/img/offline.png HTTP/2.0" 200 277 "https://craftnanny.org/home.php" "Mozilla/5.0 (Windows NT 10.0; Win64; x64; rv:132.0) Gecko/20100101 Firefox/132.0"
108.162.241.236 - - [13/Nov/2024:07:02:46 +0000] "POST /code/main.php HTTP/2.0" 200 0 "https://craftnanny.org/home.php" "Mozilla/5.0 (Windows NT 10.0; Win64; x64; rv:132.0) Gecko/20100101 Firefox/132.0"
108.162.241.236 - - [13/Nov/2024:07:02:49 +0000] "POST /code/main.php HTTP/2.0" 200 0 "https://craftnanny.org/home.php" "Mozilla/5.0 (Windows NT 10.0; Win64; x64; rv:132.0) Gecko/20100101 Firefox/132.0"
108.162.241.236 - - [13/Nov/2024:07:02:49 +0000] "POST /code/main.php HTTP/2.0" 200 0 "https://craftnanny.org/home.php" "Mozilla/5.0 (Windows NT 10.0; Win64; x64; rv:132.0) Gecko/20100101 Firefox/132.0"
108.162.241.236 - - [13/Nov/2024:07:02:49 +0000] "POST /code/main.php HTTP/2.0" 200 0 "https://craftnanny.org/home.php" "Mozilla/5.0 (Windows NT 10.0; Win64; x64; rv:132.0) Gecko/20100101 Firefox/132.0"
108.162.241.236 - - [13/Nov/2024:07:02:49 +0000] "POST /code/main.php HTTP/2.0" 200 0 "https://craftnanny.org/home.php" "Mozilla/5.0 (Windows NT 10.0; Win64; x64; rv:132.0) Gecko/20100101 Firefox/132.0"
172.69.130.166 - - [13/Nov/2024:07:03:39 +0000] "GET /home.php HTTP/2.0" 200 2032 "https://craftnanny.org/setup.php" "Mozilla/5.0 (Windows NT 10.0; Win64; x64; rv:132.0) Gecko/20100101 Firefox/132.0"
172.69.130.191 - - [13/Nov/2024:07:03:39 +0000] "GET /assets/js/vendor/modernizr.js HTTP/2.0" 200 11264 "https://craftnanny.org/home.php" "Mozilla/5.0 (Windows NT 10.0; Win64; x64; rv:132.0) Gecko/20100101 Firefox/132.0"
108.162.241.195 - - [13/Nov/2024:07:03:39 +0000] "GET /assets/js/home.js HTTP/2.0" 200 8847 "https://craftnanny.org/home.php" "Mozilla/5.0 (Windows NT 10.0; Win64; x64; rv:132.0) Gecko/20100101 Firefox/132.0"
172.69.130.22 - - [13/Nov/2024:07:03:39 +0000] "GET /assets/js/login_check.js HTTP/2.0" 200 550 "https://craftnanny.org/home.php" "Mozilla/5.0 (Windows NT 10.0; Win64; x64; rv:132.0) Gecko/20100101 Firefox/132.0"
172.69.130.155 - - [13/Nov/2024:07:03:40 +0000] "GET /assets/js/vendor/jquery.js HTTP/2.0" 200 84732 "https://craftnanny.org/home.php" "Mozilla/5.0 (Windows NT 10.0; Win64; x64; rv:132.0) Gecko/20100101 Firefox/132.0"
172.70.80.153 - - [13/Nov/2024:07:03:40 +0000] "GET /assets/js/foundation.min.js HTTP/2.0" 200 99152 "https://craftnanny.org/home.php" "Mozilla/5.0 (Windows NT 10.0; Win64; x64; rv:132.0) Gecko/20100101 Firefox/132.0"
172.70.80.26 - - [13/Nov/2024:07:03:40 +0000] "GET /assets/img/git.png HTTP/2.0" 304 0 "https://craftnanny.org/home.php" "Mozilla/5.0 (Windows NT 10.0; Win64; x64; rv:132.0) Gecko/20100101 Firefox/132.0"
172.71.120.2 - - [13/Nov/2024:07:03:40 +0000] "GET /assets/css/foundation.css HTTP/2.0" 200 206885 "https://craftnanny.org/home.php" "Mozilla/5.0 (Windows NT 10.0; Win64; x64; rv:132.0) Gecko/20100101 Firefox/132.0"
172.69.214.205 - - [13/Nov/2024:07:03:40 +0000] "GET /module_template.html HTTP/2.0" 200 141 "https://craftnanny.org/home.php" "Mozilla/5.0 (Windows NT 10.0; Win64; x64; rv:132.0) Gecko/20100101 Firefox/132.0"
172.69.214.36 - - [13/Nov/2024:07:03:40 +0000] "GET /favicon.ico HTTP/2.0" 200 20457 "https://craftnanny.org/home.php" "Mozilla/5.0 (Windows NT 10.0; Win64; x64; rv:132.0) Gecko/20100101 Firefox/132.0"
172.69.214.205 - - [13/Nov/2024:07:03:40 +0000] "GET /event_template.html HTTP/2.0" 200 257 "https://craftnanny.org/home.php" "Mozilla/5.0 (Windows NT 10.0; Win64; x64; rv:132.0) Gecko/20100101 Firefox/132.0"
172.69.214.205 - - [13/Nov/2024:07:03:40 +0000] "POST /code/main.php HTTP/2.0" 200 0 "https://craftnanny.org/home.php" "Mozilla/5.0 (Windows NT 10.0; Win64; x64; rv:132.0) Gecko/20100101 Firefox/132.0"
172.69.214.205 - - [13/Nov/2024:07:03:42 +0000] "POST /code/main.php HTTP/2.0" 200 0 "https://craftnanny.org/home.php" "Mozilla/5.0 (Windows NT 10.0; Win64; x64; rv:132.0) Gecko/20100101 Firefox/132.0"
172.69.214.205 - - [13/Nov/2024:07:03:43 +0000] "POST /code/main.php HTTP/2.0" 200 0 "https://craftnanny.org/home.php" "Mozilla/5.0 (Windows NT 10.0; Win64; x64; rv:132.0) Gecko/20100101 Firefox/132.0"
172.69.214.205 - - [13/Nov/2024:07:03:43 +0000] "POST /code/main.php HTTP/2.0" 200 0 "https://craftnanny.org/home.php" "Mozilla/5.0 (Windows NT 10.0; Win64; x64; rv:132.0) Gecko/20100101 Firefox/132.0"
172.69.214.205 - - [13/Nov/2024:07:03:43 +0000] "POST /code/main.php HTTP/2.0" 200 0 "https://craftnanny.org/home.php" "Mozilla/5.0 (Windows NT 10.0; Win64; x64; rv:132.0) Gecko/20100101 Firefox/132.0"
172.69.214.205 - - [13/Nov/2024:07:03:43 +0000] "POST /code/main.php HTTP/2.0" 200 0 "https://craftnanny.org/home.php" "Mozilla/5.0 (Windows NT 10.0; Win64; x64; rv:132.0) Gecko/20100101 Firefox/132.0"
172.69.214.43 - - [13/Nov/2024:07:03:43 +0000] "GET /assets/img/offline.png HTTP/2.0" 200 277 "https://craftnanny.org/home.php" "Mozilla/5.0 (Windows NT 10.0; Win64; x64; rv:132.0) Gecko/20100101 Firefox/132.0"
172.69.130.248 - - [13/Nov/2024:07:05:59 +0000] "GET /home.php HTTP/2.0" 200 2032 "https://craftnanny.org/setup.php" "Mozilla/5.0 (Windows NT 10.0; Win64; x64; rv:132.0) Gecko/20100101 Firefox/132.0"
172.69.130.190 - - [13/Nov/2024:07:05:59 +0000] "GET /assets/js/vendor/modernizr.js HTTP/2.0" 200 11264 "https://craftnanny.org/home.php" "Mozilla/5.0 (Windows NT 10.0; Win64; x64; rv:132.0) Gecko/20100101 Firefox/132.0"
172.69.130.23 - - [13/Nov/2024:07:05:59 +0000] "GET /assets/js/login_check.js HTTP/2.0" 200 550 "https://craftnanny.org/home.php" "Mozilla/5.0 (Windows NT 10.0; Win64; x64; rv:132.0) Gecko/20100101 Firefox/132.0"
108.162.241.195 - - [13/Nov/2024:07:05:59 +0000] "GET /assets/js/home.js HTTP/2.0" 200 8847 "https://craftnanny.org/home.php" "Mozilla/5.0 (Windows NT 10.0; Win64; x64; rv:132.0) Gecko/20100101 Firefox/132.0"
172.70.80.27 - - [13/Nov/2024:07:05:59 +0000] "GET /assets/img/git.png HTTP/2.0" 200 6088 "https://craftnanny.org/home.php" "Mozilla/5.0 (Windows NT 10.0; Win64; x64; rv:132.0) Gecko/20100101 Firefox/132.0"
172.70.80.152 - - [13/Nov/2024:07:05:59 +0000] "GET /assets/js/foundation.min.js HTTP/2.0" 200 99152 "https://craftnanny.org/home.php" "Mozilla/5.0 (Windows NT 10.0; Win64; x64; rv:132.0) Gecko/20100101 Firefox/132.0"
172.69.130.155 - - [13/Nov/2024:07:05:59 +0000] "GET /assets/js/vendor/jquery.js HTTP/2.0" 200 84732 "https://craftnanny.org/home.php" "Mozilla/5.0 (Windows NT 10.0; Win64; x64; rv:132.0) Gecko/20100101 Firefox/132.0"
172.69.130.254 - - [13/Nov/2024:07:05:59 +0000] "GET /assets/css/foundation.css HTTP/2.0" 200 206885 "https://craftnanny.org/home.php" "Mozilla/5.0 (Windows NT 10.0; Win64; x64; rv:132.0) Gecko/20100101 Firefox/132.0"
172.69.130.248 - - [13/Nov/2024:07:05:59 +0000] "GET /module_template.html HTTP/2.0" 200 141 "https://craftnanny.org/home.php" "Mozilla/5.0 (Windows NT 10.0; Win64; x64; rv:132.0) Gecko/20100101 Firefox/132.0"
172.69.130.248 - - [13/Nov/2024:07:05:59 +0000] "GET /event_template.html HTTP/2.0" 200 257 "https://craftnanny.org/home.php" "Mozilla/5.0 (Windows NT 10.0; Win64; x64; rv:132.0) Gecko/20100101 Firefox/132.0"
172.69.214.36 - - [13/Nov/2024:07:06:00 +0000] "GET /favicon.ico HTTP/2.0" 200 20457 "https://craftnanny.org/home.php" "Mozilla/5.0 (Windows NT 10.0; Win64; x64; rv:132.0) Gecko/20100101 Firefox/132.0"
172.69.130.248 - - [13/Nov/2024:07:06:00 +0000] "POST /code/main.php HTTP/2.0" 200 13 "https://craftnanny.org/home.php" "Mozilla/5.0 (Windows NT 10.0; Win64; x64; rv:132.0) Gecko/20100101 Firefox/132.0"
172.69.130.248 - - [13/Nov/2024:07:06:00 +0000] "POST /code/main.php HTTP/2.0" 200 0 "https://craftnanny.org/home.php" "Mozilla/5.0 (Windows NT 10.0; Win64; x64; rv:132.0) Gecko/20100101 Firefox/132.0"
172.69.130.248 - - [13/Nov/2024:07:06:01 +0000] "POST /code/main.php HTTP/2.0" 200 37 "https://craftnanny.org/home.php" "Mozilla/5.0 (Windows NT 10.0; Win64; x64; rv:132.0) Gecko/20100101 Firefox/132.0"
172.69.130.248 - - [13/Nov/2024:07:06:01 +0000] "POST /code/main.php HTTP/2.0" 200 37 "https://craftnanny.org/home.php" "Mozilla/5.0 (Windows NT 10.0; Win64; x64; rv:132.0) Gecko/20100101 Firefox/132.0"
172.69.130.248 - - [13/Nov/2024:07:06:01 +0000] "POST /code/main.php HTTP/2.0" 200 37 "https://craftnanny.org/home.php" "Mozilla/5.0 (Windows NT 10.0; Win64; x64; rv:132.0) Gecko/20100101 Firefox/132.0"
172.69.130.248 - - [13/Nov/2024:07:06:01 +0000] "POST /code/main.php HTTP/2.0" 200 202 "https://craftnanny.org/home.php" "Mozilla/5.0 (Windows NT 10.0; Win64; x64; rv:132.0) Gecko/20100101 Firefox/132.0"
172.69.214.43 - - [13/Nov/2024:07:06:01 +0000] "GET /assets/img/offline.png HTTP/2.0" 200 277 "https://craftnanny.org/home.php" "Mozilla/5.0 (Windows NT 10.0; Win64; x64; rv:132.0) Gecko/20100101 Firefox/132.0"
172.69.214.135 - - [13/Nov/2024:07:07:05 +0000] "GET /home.php HTTP/2.0" 200 2032 "https://craftnanny.org/setup.php" "Mozilla/5.0 (Windows NT 10.0; Win64; x64; rv:132.0) Gecko/20100101 Firefox/132.0"
172.69.130.190 - - [13/Nov/2024:07:07:05 +0000] "GET /assets/js/vendor/modernizr.js HTTP/2.0" 200 11264 "https://craftnanny.org/home.php" "Mozilla/5.0 (Windows NT 10.0; Win64; x64; rv:132.0) Gecko/20100101 Firefox/132.0"
172.70.80.27 - - [13/Nov/2024:07:07:05 +0000] "GET /assets/img/git.png HTTP/2.0" 200 6088 "https://craftnanny.org/home.php" "Mozilla/5.0 (Windows NT 10.0; Win64; x64; rv:132.0) Gecko/20100101 Firefox/132.0"
172.70.80.152 - - [13/Nov/2024:07:07:05 +0000] "GET /assets/js/foundation.min.js HTTP/2.0" 200 99152 "https://craftnanny.org/home.php" "Mozilla/5.0 (Windows NT 10.0; Win64; x64; rv:132.0) Gecko/20100101 Firefox/132.0"
172.69.130.155 - - [13/Nov/2024:07:07:05 +0000] "GET /assets/js/vendor/jquery.js HTTP/2.0" 200 84732 "https://craftnanny.org/home.php" "Mozilla/5.0 (Windows NT 10.0; Win64; x64; rv:132.0) Gecko/20100101 Firefox/132.0"
108.162.241.195 - - [13/Nov/2024:07:07:05 +0000] "GET /assets/js/home.js HTTP/2.0" 200 8847 "https://craftnanny.org/home.php" "Mozilla/5.0 (Windows NT 10.0; Win64; x64; rv:132.0) Gecko/20100101 Firefox/132.0"
172.69.130.23 - - [13/Nov/2024:07:07:05 +0000] "GET /assets/js/login_check.js HTTP/2.0" 200 550 "https://craftnanny.org/home.php" "Mozilla/5.0 (Windows NT 10.0; Win64; x64; rv:132.0) Gecko/20100101 Firefox/132.0"
172.69.130.254 - - [13/Nov/2024:07:07:05 +0000] "GET /assets/css/foundation.css HTTP/2.0" 200 206885 "https://craftnanny.org/home.php" "Mozilla/5.0 (Windows NT 10.0; Win64; x64; rv:132.0) Gecko/20100101 Firefox/132.0"
172.69.130.85 - - [13/Nov/2024:07:07:06 +0000] "GET /module_template.html HTTP/2.0" 200 141 "https://craftnanny.org/home.php" "Mozilla/5.0 (Windows NT 10.0; Win64; x64; rv:132.0) Gecko/20100101 Firefox/132.0"
172.69.214.36 - - [13/Nov/2024:07:07:06 +0000] "GET /favicon.ico HTTP/2.0" 200 20457 "https://craftnanny.org/home.php" "Mozilla/5.0 (Windows NT 10.0; Win64; x64; rv:132.0) Gecko/20100101 Firefox/132.0"
172.69.130.85 - - [13/Nov/2024:07:07:06 +0000] "GET /event_template.html HTTP/2.0" 200 257 "https://craftnanny.org/home.php" "Mozilla/5.0 (Windows NT 10.0; Win64; x64; rv:132.0) Gecko/20100101 Firefox/132.0"
172.69.130.85 - - [13/Nov/2024:07:07:06 +0000] "POST /code/main.php HTTP/2.0" 200 13 "https://craftnanny.org/home.php" "Mozilla/5.0 (Windows NT 10.0; Win64; x64; rv:132.0) Gecko/20100101 Firefox/132.0"
172.69.130.85 - - [13/Nov/2024:07:07:06 +0000] "POST /code/main.php HTTP/2.0" 200 0 "https://craftnanny.org/home.php" "Mozilla/5.0 (Windows NT 10.0; Win64; x64; rv:132.0) Gecko/20100101 Firefox/132.0"
172.69.130.85 - - [13/Nov/2024:07:07:07 +0000] "POST /code/main.php HTTP/2.0" 200 37 "https://craftnanny.org/home.php" "Mozilla/5.0 (Windows NT 10.0; Win64; x64; rv:132.0) Gecko/20100101 Firefox/132.0"
172.69.130.85 - - [13/Nov/2024:07:07:07 +0000] "POST /code/main.php HTTP/2.0" 200 37 "https://craftnanny.org/home.php" "Mozilla/5.0 (Windows NT 10.0; Win64; x64; rv:132.0) Gecko/20100101 Firefox/132.0"
172.69.130.85 - - [13/Nov/2024:07:07:07 +0000] "POST /code/main.php HTTP/2.0" 200 202 "https://craftnanny.org/home.php" "Mozilla/5.0 (Windows NT 10.0; Win64; x64; rv:132.0) Gecko/20100101 Firefox/132.0"
172.69.130.85 - - [13/Nov/2024:07:07:07 +0000] "POST /code/main.php HTTP/2.0" 200 37 "https://craftnanny.org/home.php" "Mozilla/5.0 (Windows NT 10.0; Win64; x64; rv:132.0) Gecko/20100101 Firefox/132.0"
172.69.214.43 - - [13/Nov/2024:07:07:07 +0000] "GET /assets/img/offline.png HTTP/2.0" 200 277 "https://craftnanny.org/home.php" "Mozilla/5.0 (Windows NT 10.0; Win64; x64; rv:132.0) Gecko/20100101 Firefox/132.0"
108.162.241.94 - - [13/Nov/2024:07:08:10 +0000] "GET /home.php HTTP/2.0" 200 2032 "https://craftnanny.org/setup.php" "Mozilla/5.0 (Windows NT 10.0; Win64; x64; rv:132.0) Gecko/20100101 Firefox/132.0"
172.69.130.254 - - [13/Nov/2024:07:08:10 +0000] "GET /assets/css/foundation.css HTTP/2.0" 200 206885 "https://craftnanny.org/home.php" "Mozilla/5.0 (Windows NT 10.0; Win64; x64; rv:132.0) Gecko/20100101 Firefox/132.0"
172.69.130.190 - - [13/Nov/2024:07:08:10 +0000] "GET /assets/js/vendor/modernizr.js HTTP/2.0" 200 11264 "https://craftnanny.org/home.php" "Mozilla/5.0 (Windows NT 10.0; Win64; x64; rv:132.0) Gecko/20100101 Firefox/132.0"
172.70.80.152 - - [13/Nov/2024:07:08:10 +0000] "GET /assets/js/foundation.min.js HTTP/2.0" 200 99152 "https://craftnanny.org/home.php" "Mozilla/5.0 (Windows NT 10.0; Win64; x64; rv:132.0) Gecko/20100101 Firefox/132.0"
172.69.130.155 - - [13/Nov/2024:07:08:10 +0000] "GET /assets/js/vendor/jquery.js HTTP/2.0" 200 84732 "https://craftnanny.org/home.php" "Mozilla/5.0 (Windows NT 10.0; Win64; x64; rv:132.0) Gecko/20100101 Firefox/132.0"
172.70.80.27 - - [13/Nov/2024:07:08:10 +0000] "GET /assets/img/git.png HTTP/2.0" 200 6088 "https://craftnanny.org/home.php" "Mozilla/5.0 (Windows NT 10.0; Win64; x64; rv:132.0) Gecko/20100101 Firefox/132.0"
172.69.130.23 - - [13/Nov/2024:07:08:10 +0000] "GET /assets/js/login_check.js HTTP/2.0" 200 550 "https://craftnanny.org/home.php" "Mozilla/5.0 (Windows NT 10.0; Win64; x64; rv:132.0) Gecko/20100101 Firefox/132.0"
108.162.241.195 - - [13/Nov/2024:07:08:10 +0000] "GET /assets/js/home.js HTTP/2.0" 200 8847 "https://craftnanny.org/home.php" "Mozilla/5.0 (Windows NT 10.0; Win64; x64; rv:132.0) Gecko/20100101 Firefox/132.0"
108.162.241.94 - - [13/Nov/2024:07:08:11 +0000] "GET /module_template.html HTTP/2.0" 200 141 "https://craftnanny.org/home.php" "Mozilla/5.0 (Windows NT 10.0; Win64; x64; rv:132.0) Gecko/20100101 Firefox/132.0"
172.69.214.36 - - [13/Nov/2024:07:08:11 +0000] "GET /favicon.ico HTTP/2.0" 200 20457 "https://craftnanny.org/home.php" "Mozilla/5.0 (Windows NT 10.0; Win64; x64; rv:132.0) Gecko/20100101 Firefox/132.0"
108.162.241.94 - - [13/Nov/2024:07:08:11 +0000] "GET /event_template.html HTTP/2.0" 200 257 "https://craftnanny.org/home.php" "Mozilla/5.0 (Windows NT 10.0; Win64; x64; rv:132.0) Gecko/20100101 Firefox/132.0"
108.162.241.94 - - [13/Nov/2024:07:08:11 +0000] "POST /code/main.php HTTP/2.0" 200 13 "https://craftnanny.org/home.php" "Mozilla/5.0 (Windows NT 10.0; Win64; x64; rv:132.0) Gecko/20100101 Firefox/132.0"
108.162.241.94 - - [13/Nov/2024:07:08:11 +0000] "POST /code/main.php HTTP/2.0" 200 33 "https://craftnanny.org/home.php" "Mozilla/5.0 (Windows NT 10.0; Win64; x64; rv:132.0) Gecko/20100101 Firefox/132.0"
108.162.241.94 - - [13/Nov/2024:07:08:11 +0000] "POST /code/main.php HTTP/2.0" 200 37 "https://craftnanny.org/home.php" "Mozilla/5.0 (Windows NT 10.0; Win64; x64; rv:132.0) Gecko/20100101 Firefox/132.0"
108.162.241.94 - - [13/Nov/2024:07:08:11 +0000] "POST /code/main.php HTTP/2.0" 200 37 "https://craftnanny.org/home.php" "Mozilla/5.0 (Windows NT 10.0; Win64; x64; rv:132.0) Gecko/20100101 Firefox/132.0"
108.162.241.94 - - [13/Nov/2024:07:08:11 +0000] "POST /code/main.php HTTP/2.0" 200 37 "https://craftnanny.org/home.php" "Mozilla/5.0 (Windows NT 10.0; Win64; x64; rv:132.0) Gecko/20100101 Firefox/132.0"
108.162.241.94 - - [13/Nov/2024:07:08:11 +0000] "POST /code/main.php HTTP/2.0" 200 202 "https://craftnanny.org/home.php" "Mozilla/5.0 (Windows NT 10.0; Win64; x64; rv:132.0) Gecko/20100101 Firefox/132.0"
172.69.214.43 - - [13/Nov/2024:07:08:11 +0000] "GET /assets/img/offline.png HTTP/2.0" 200 277 "https://craftnanny.org/home.php" "Mozilla/5.0 (Windows NT 10.0; Win64; x64; rv:132.0) Gecko/20100101 Firefox/132.0"
108.162.241.94 - - [13/Nov/2024:07:08:13 +0000] "GET /index.php HTTP/2.0" 200 2274 "https://craftnanny.org/home.php" "Mozilla/5.0 (Windows NT 10.0; Win64; x64; rv:132.0) Gecko/20100101 Firefox/132.0"
172.69.130.190 - - [13/Nov/2024:07:08:13 +0000] "GET /assets/js/vendor/modernizr.js HTTP/2.0" 200 11264 "https://craftnanny.org/index.php" "Mozilla/5.0 (Windows NT 10.0; Win64; x64; rv:132.0) Gecko/20100101 Firefox/132.0"
172.69.130.155 - - [13/Nov/2024:07:08:13 +0000] "GET /assets/js/vendor/jquery.js HTTP/2.0" 200 84732 "https://craftnanny.org/index.php" "Mozilla/5.0 (Windows NT 10.0; Win64; x64; rv:132.0) Gecko/20100101 Firefox/132.0"
172.70.80.152 - - [13/Nov/2024:07:08:13 +0000] "GET /assets/js/foundation.min.js HTTP/2.0" 200 99152 "https://craftnanny.org/index.php" "Mozilla/5.0 (Windows NT 10.0; Win64; x64; rv:132.0) Gecko/20100101 Firefox/132.0"
172.69.130.243 - - [13/Nov/2024:07:08:13 +0000] "GET /assets/js/foundation/foundation.orbit.js HTTP/2.0" 200 15596 "https://craftnanny.org/index.php" "Mozilla/5.0 (Windows NT 10.0; Win64; x64; rv:132.0) Gecko/20100101 Firefox/132.0"
172.69.130.254 - - [13/Nov/2024:07:08:13 +0000] "GET /assets/css/foundation.css HTTP/2.0" 200 206885 "https://craftnanny.org/index.php" "Mozilla/5.0 (Windows NT 10.0; Win64; x64; rv:132.0) Gecko/20100101 Firefox/132.0"
172.70.80.27 - - [13/Nov/2024:07:08:13 +0000] "GET /assets/img/git.png HTTP/2.0" 200 6088 "https://craftnanny.org/index.php" "Mozilla/5.0 (Windows NT 10.0; Win64; x64; rv:132.0) Gecko/20100101 Firefox/132.0"
108.162.241.94 - - [13/Nov/2024:07:08:16 +0000] "GET /home.php HTTP/2.0" 200 2032 "https://craftnanny.org/setup.php" "Mozilla/5.0 (Windows NT 10.0; Win64; x64; rv:132.0) Gecko/20100101 Firefox/132.0"
172.69.130.190 - - [13/Nov/2024:07:08:16 +0000] "GET /assets/js/vendor/modernizr.js HTTP/2.0" 200 11264 "https://craftnanny.org/home.php" "Mozilla/5.0 (Windows NT 10.0; Win64; x64; rv:132.0) Gecko/20100101 Firefox/132.0"
172.70.80.152 - - [13/Nov/2024:07:08:16 +0000] "GET /assets/js/foundation.min.js HTTP/2.0" 200 99152 "https://craftnanny.org/home.php" "Mozilla/5.0 (Windows NT 10.0; Win64; x64; rv:132.0) Gecko/20100101 Firefox/132.0"
172.69.130.155 - - [13/Nov/2024:07:08:16 +0000] "GET /assets/js/vendor/jquery.js HTTP/2.0" 200 84732 "https://craftnanny.org/home.php" "Mozilla/5.0 (Windows NT 10.0; Win64; x64; rv:132.0) Gecko/20100101 Firefox/132.0"
172.69.130.23 - - [13/Nov/2024:07:08:16 +0000] "GET /assets/js/login_check.js HTTP/2.0" 200 550 "https://craftnanny.org/home.php" "Mozilla/5.0 (Windows NT 10.0; Win64; x64; rv:132.0) Gecko/20100101 Firefox/132.0"
108.162.241.195 - - [13/Nov/2024:07:08:16 +0000] "GET /assets/js/home.js HTTP/2.0" 200 8847 "https://craftnanny.org/home.php" "Mozilla/5.0 (Windows NT 10.0; Win64; x64; rv:132.0) Gecko/20100101 Firefox/132.0"
172.69.130.254 - - [13/Nov/2024:07:08:16 +0000] "GET /assets/css/foundation.css HTTP/2.0" 200 206885 "https://craftnanny.org/home.php" "Mozilla/5.0 (Windows NT 10.0; Win64; x64; rv:132.0) Gecko/20100101 Firefox/132.0"
172.70.80.27 - - [13/Nov/2024:07:08:17 +0000] "GET /assets/img/git.png HTTP/2.0" 200 6088 "https://craftnanny.org/home.php" "Mozilla/5.0 (Windows NT 10.0; Win64; x64; rv:132.0) Gecko/20100101 Firefox/132.0"
172.69.214.43 - - [13/Nov/2024:07:08:17 +0000] "GET /assets/img/offline.png HTTP/2.0" 200 277 "https://craftnanny.org/home.php" "Mozilla/5.0 (Windows NT 10.0; Win64; x64; rv:132.0) Gecko/20100101 Firefox/132.0"
108.162.241.94 - - [13/Nov/2024:07:08:17 +0000] "POST /code/main.php HTTP/2.0" 200 13 "https://craftnanny.org/home.php" "Mozilla/5.0 (Windows NT 10.0; Win64; x64; rv:132.0) Gecko/20100101 Firefox/132.0"
108.162.241.94 - - [13/Nov/2024:07:08:17 +0000] "POST /code/main.php HTTP/2.0" 200 33 "https://craftnanny.org/home.php" "Mozilla/5.0 (Windows NT 10.0; Win64; x64; rv:132.0) Gecko/20100101 Firefox/132.0"
108.162.241.94 - - [13/Nov/2024:07:08:17 +0000] "POST /code/main.php HTTP/2.0" 200 37 "https://craftnanny.org/home.php" "Mozilla/5.0 (Windows NT 10.0; Win64; x64; rv:132.0) Gecko/20100101 Firefox/132.0"
108.162.241.94 - - [13/Nov/2024:07:08:17 +0000] "POST /code/main.php HTTP/2.0" 200 37 "https://craftnanny.org/home.php" "Mozilla/5.0 (Windows NT 10.0; Win64; x64; rv:132.0) Gecko/20100101 Firefox/132.0"
108.162.241.94 - - [13/Nov/2024:07:08:17 +0000] "POST /code/main.php HTTP/2.0" 200 37 "https://craftnanny.org/home.php" "Mozilla/5.0 (Windows NT 10.0; Win64; x64; rv:132.0) Gecko/20100101 Firefox/132.0"
108.162.241.94 - - [13/Nov/2024:07:08:17 +0000] "POST /code/main.php HTTP/2.0" 200 202 "https://craftnanny.org/home.php" "Mozilla/5.0 (Windows NT 10.0; Win64; x64; rv:132.0) Gecko/20100101 Firefox/132.0"
172.69.130.166 - - [13/Nov/2024:07:08:22 +0000] "GET /home.php HTTP/2.0" 200 2032 "https://craftnanny.org/setup.php" "Mozilla/5.0 (Windows NT 10.0; Win64; x64; rv:132.0) Gecko/20100101 Firefox/132.0"
172.69.130.190 - - [13/Nov/2024:07:08:22 +0000] "GET /assets/js/vendor/modernizr.js HTTP/2.0" 200 11264 "https://craftnanny.org/home.php" "Mozilla/5.0 (Windows NT 10.0; Win64; x64; rv:132.0) Gecko/20100101 Firefox/132.0"
172.70.80.27 - - [13/Nov/2024:07:08:22 +0000] "GET /assets/img/git.png HTTP/2.0" 200 6088 "https://craftnanny.org/home.php" "Mozilla/5.0 (Windows NT 10.0; Win64; x64; rv:132.0) Gecko/20100101 Firefox/132.0"
172.69.130.155 - - [13/Nov/2024:07:08:22 +0000] "GET /assets/js/vendor/jquery.js HTTP/2.0" 200 84732 "https://craftnanny.org/home.php" "Mozilla/5.0 (Windows NT 10.0; Win64; x64; rv:132.0) Gecko/20100101 Firefox/132.0"
172.69.130.23 - - [13/Nov/2024:07:08:22 +0000] "GET /assets/js/login_check.js HTTP/2.0" 200 550 "https://craftnanny.org/home.php" "Mozilla/5.0 (Windows NT 10.0; Win64; x64; rv:132.0) Gecko/20100101 Firefox/132.0"
172.70.80.152 - - [13/Nov/2024:07:08:22 +0000] "GET /assets/js/foundation.min.js HTTP/2.0" 200 99152 "https://craftnanny.org/home.php" "Mozilla/5.0 (Windows NT 10.0; Win64; x64; rv:132.0) Gecko/20100101 Firefox/132.0"
108.162.241.195 - - [13/Nov/2024:07:08:22 +0000] "GET /assets/js/home.js HTTP/2.0" 200 8847 "https://craftnanny.org/home.php" "Mozilla/5.0 (Windows NT 10.0; Win64; x64; rv:132.0) Gecko/20100101 Firefox/132.0"
172.69.130.254 - - [13/Nov/2024:07:08:22 +0000] "GET /assets/css/foundation.css HTTP/2.0" 200 206885 "https://craftnanny.org/home.php" "Mozilla/5.0 (Windows NT 10.0; Win64; x64; rv:132.0) Gecko/20100101 Firefox/132.0"
172.71.120.3 - - [13/Nov/2024:07:08:23 +0000] "GET /module_template.html HTTP/2.0" 200 141 "https://craftnanny.org/home.php" "Mozilla/5.0 (Windows NT 10.0; Win64; x64; rv:132.0) Gecko/20100101 Firefox/132.0"
172.71.120.3 - - [13/Nov/2024:07:08:23 +0000] "GET /event_template.html HTTP/2.0" 200 257 "https://craftnanny.org/home.php" "Mozilla/5.0 (Windows NT 10.0; Win64; x64; rv:132.0) Gecko/20100101 Firefox/132.0"
172.69.214.36 - - [13/Nov/2024:07:08:23 +0000] "GET /favicon.ico HTTP/2.0" 200 20457 "https://craftnanny.org/home.php" "Mozilla/5.0 (Windows NT 10.0; Win64; x64; rv:132.0) Gecko/20100101 Firefox/132.0"
172.71.120.3 - - [13/Nov/2024:07:08:23 +0000] "POST /code/main.php HTTP/2.0" 200 13 "https://craftnanny.org/home.php" "Mozilla/5.0 (Windows NT 10.0; Win64; x64; rv:132.0) Gecko/20100101 Firefox/132.0"
172.71.120.3 - - [13/Nov/2024:07:08:23 +0000] "POST /code/main.php HTTP/2.0" 200 33 "https://craftnanny.org/home.php" "Mozilla/5.0 (Windows NT 10.0; Win64; x64; rv:132.0) Gecko/20100101 Firefox/132.0"
172.71.120.3 - - [13/Nov/2024:07:08:23 +0000] "POST /code/main.php HTTP/2.0" 200 37 "https://craftnanny.org/home.php" "Mozilla/5.0 (Windows NT 10.0; Win64; x64; rv:132.0) Gecko/20100101 Firefox/132.0"
172.71.120.3 - - [13/Nov/2024:07:08:23 +0000] "POST /code/main.php HTTP/2.0" 200 37 "https://craftnanny.org/home.php" "Mozilla/5.0 (Windows NT 10.0; Win64; x64; rv:132.0) Gecko/20100101 Firefox/132.0"
172.71.120.3 - - [13/Nov/2024:07:08:23 +0000] "POST /code/main.php HTTP/2.0" 200 37 "https://craftnanny.org/home.php" "Mozilla/5.0 (Windows NT 10.0; Win64; x64; rv:132.0) Gecko/20100101 Firefox/132.0"
172.71.120.3 - - [13/Nov/2024:07:08:23 +0000] "POST /code/main.php HTTP/2.0" 200 202 "https://craftnanny.org/home.php" "Mozilla/5.0 (Windows NT 10.0; Win64; x64; rv:132.0) Gecko/20100101 Firefox/132.0"
172.69.214.43 - - [13/Nov/2024:07:08:23 +0000] "GET /assets/img/offline.png HTTP/2.0" 200 277 "https://craftnanny.org/home.php" "Mozilla/5.0 (Windows NT 10.0; Win64; x64; rv:132.0) Gecko/20100101 Firefox/132.0"
172.71.120.3 - - [13/Nov/2024:07:08:29 +0000] "GET /home.php HTTP/2.0" 200 2032 "https://craftnanny.org/setup.php" "Mozilla/5.0 (Windows NT 10.0; Win64; x64; rv:132.0) Gecko/20100101 Firefox/132.0"
172.69.130.155 - - [13/Nov/2024:07:08:29 +0000] "GET /assets/js/vendor/jquery.js HTTP/2.0" 200 84732 "https://craftnanny.org/home.php" "Mozilla/5.0 (Windows NT 10.0; Win64; x64; rv:132.0) Gecko/20100101 Firefox/132.0"
172.69.130.190 - - [13/Nov/2024:07:08:29 +0000] "GET /assets/js/vendor/modernizr.js HTTP/2.0" 200 11264 "https://craftnanny.org/home.php" "Mozilla/5.0 (Windows NT 10.0; Win64; x64; rv:132.0) Gecko/20100101 Firefox/132.0"
172.70.80.152 - - [13/Nov/2024:07:08:29 +0000] "GET /assets/js/foundation.min.js HTTP/2.0" 200 99152 "https://craftnanny.org/home.php" "Mozilla/5.0 (Windows NT 10.0; Win64; x64; rv:132.0) Gecko/20100101 Firefox/132.0"
108.162.241.195 - - [13/Nov/2024:07:08:29 +0000] "GET /assets/js/home.js HTTP/2.0" 200 8847 "https://craftnanny.org/home.php" "Mozilla/5.0 (Windows NT 10.0; Win64; x64; rv:132.0) Gecko/20100101 Firefox/132.0"
172.69.130.23 - - [13/Nov/2024:07:08:29 +0000] "GET /assets/js/login_check.js HTTP/2.0" 200 550 "https://craftnanny.org/home.php" "Mozilla/5.0 (Windows NT 10.0; Win64; x64; rv:132.0) Gecko/20100101 Firefox/132.0"
172.69.130.254 - - [13/Nov/2024:07:08:29 +0000] "GET /assets/css/foundation.css HTTP/2.0" 200 206885 "https://craftnanny.org/home.php" "Mozilla/5.0 (Windows NT 10.0; Win64; x64; rv:132.0) Gecko/20100101 Firefox/132.0"
172.70.80.27 - - [13/Nov/2024:07:08:30 +0000] "GET /assets/img/git.png HTTP/2.0" 200 6088 "https://craftnanny.org/home.php" "Mozilla/5.0 (Windows NT 10.0; Win64; x64; rv:132.0) Gecko/20100101 Firefox/132.0"
172.69.214.43 - - [13/Nov/2024:07:08:30 +0000] "GET /assets/img/offline.png HTTP/2.0" 200 277 "https://craftnanny.org/home.php" "Mozilla/5.0 (Windows NT 10.0; Win64; x64; rv:132.0) Gecko/20100101 Firefox/132.0"
172.71.120.3 - - [13/Nov/2024:07:08:30 +0000] "POST /code/main.php HTTP/2.0" 200 13 "https://craftnanny.org/home.php" "Mozilla/5.0 (Windows NT 10.0; Win64; x64; rv:132.0) Gecko/20100101 Firefox/132.0"
172.71.120.3 - - [13/Nov/2024:07:08:30 +0000] "POST /code/main.php HTTP/2.0" 200 33 "https://craftnanny.org/home.php" "Mozilla/5.0 (Windows NT 10.0; Win64; x64; rv:132.0) Gecko/20100101 Firefox/132.0"
172.71.120.3 - - [13/Nov/2024:07:08:30 +0000] "POST /code/main.php HTTP/2.0" 200 37 "https://craftnanny.org/home.php" "Mozilla/5.0 (Windows NT 10.0; Win64; x64; rv:132.0) Gecko/20100101 Firefox/132.0"
172.71.120.3 - - [13/Nov/2024:07:08:30 +0000] "POST /code/main.php HTTP/2.0" 200 37 "https://craftnanny.org/home.php" "Mozilla/5.0 (Windows NT 10.0; Win64; x64; rv:132.0) Gecko/20100101 Firefox/132.0"
172.71.120.3 - - [13/Nov/2024:07:08:30 +0000] "POST /code/main.php HTTP/2.0" 200 37 "https://craftnanny.org/home.php" "Mozilla/5.0 (Windows NT 10.0; Win64; x64; rv:132.0) Gecko/20100101 Firefox/132.0"
172.71.120.3 - - [13/Nov/2024:07:08:30 +0000] "POST /code/main.php HTTP/2.0" 200 202 "https://craftnanny.org/home.php" "Mozilla/5.0 (Windows NT 10.0; Win64; x64; rv:132.0) Gecko/20100101 Firefox/132.0"
172.69.214.36 - - [13/Nov/2024:07:08:30 +0000] "GET /favicon.ico HTTP/2.0" 200 20457 "https://craftnanny.org/home.php" "Mozilla/5.0 (Windows NT 10.0; Win64; x64; rv:132.0) Gecko/20100101 Firefox/132.0"
172.71.120.3 - - [13/Nov/2024:07:08:43 +0000] "GET /home.php HTTP/2.0" 200 2032 "https://craftnanny.org/setup.php" "Mozilla/5.0 (Windows NT 10.0; Win64; x64; rv:132.0) Gecko/20100101 Firefox/132.0"
172.69.130.254 - - [13/Nov/2024:07:08:43 +0000] "GET /assets/css/foundation.css HTTP/2.0" 200 206885 "https://craftnanny.org/home.php" "Mozilla/5.0 (Windows NT 10.0; Win64; x64; rv:132.0) Gecko/20100101 Firefox/132.0"
172.69.130.190 - - [13/Nov/2024:07:08:43 +0000] "GET /assets/js/vendor/modernizr.js HTTP/2.0" 200 11264 "https://craftnanny.org/home.php" "Mozilla/5.0 (Windows NT 10.0; Win64; x64; rv:132.0) Gecko/20100101 Firefox/132.0"
172.69.130.155 - - [13/Nov/2024:07:08:43 +0000] "GET /assets/js/vendor/jquery.js HTTP/2.0" 200 84732 "https://craftnanny.org/home.php" "Mozilla/5.0 (Windows NT 10.0; Win64; x64; rv:132.0) Gecko/20100101 Firefox/132.0"
172.69.130.23 - - [13/Nov/2024:07:08:43 +0000] "GET /assets/js/login_check.js HTTP/2.0" 200 550 "https://craftnanny.org/home.php" "Mozilla/5.0 (Windows NT 10.0; Win64; x64; rv:132.0) Gecko/20100101 Firefox/132.0"
172.70.80.152 - - [13/Nov/2024:07:08:43 +0000] "GET /assets/js/foundation.min.js HTTP/2.0" 200 99152 "https://craftnanny.org/home.php" "Mozilla/5.0 (Windows NT 10.0; Win64; x64; rv:132.0) Gecko/20100101 Firefox/132.0"
108.162.241.195 - - [13/Nov/2024:07:08:43 +0000] "GET /assets/js/home.js HTTP/2.0" 200 8847 "https://craftnanny.org/home.php" "Mozilla/5.0 (Windows NT 10.0; Win64; x64; rv:132.0) Gecko/20100101 Firefox/132.0"
172.70.80.27 - - [13/Nov/2024:07:08:44 +0000] "GET /assets/img/git.png HTTP/2.0" 200 6088 "https://craftnanny.org/home.php" "Mozilla/5.0 (Windows NT 10.0; Win64; x64; rv:132.0) Gecko/20100101 Firefox/132.0"
172.69.214.43 - - [13/Nov/2024:07:08:44 +0000] "GET /assets/img/offline.png HTTP/2.0" 200 277 "https://craftnanny.org/home.php" "Mozilla/5.0 (Windows NT 10.0; Win64; x64; rv:132.0) Gecko/20100101 Firefox/132.0"
172.71.120.3 - - [13/Nov/2024:07:08:44 +0000] "POST /code/main.php HTTP/2.0" 200 13 "https://craftnanny.org/home.php" "Mozilla/5.0 (Windows NT 10.0; Win64; x64; rv:132.0) Gecko/20100101 Firefox/132.0"
172.71.120.3 - - [13/Nov/2024:07:08:44 +0000] "POST /code/main.php HTTP/2.0" 200 0 "https://craftnanny.org/home.php" "Mozilla/5.0 (Windows NT 10.0; Win64; x64; rv:132.0) Gecko/20100101 Firefox/132.0"
172.69.214.36 - - [13/Nov/2024:07:08:44 +0000] "GET /favicon.ico HTTP/2.0" 200 20457 "https://craftnanny.org/home.php" "Mozilla/5.0 (Windows NT 10.0; Win64; x64; rv:132.0) Gecko/20100101 Firefox/132.0"
172.71.120.3 - - [13/Nov/2024:07:08:45 +0000] "POST /code/main.php HTTP/2.0" 200 37 "https://craftnanny.org/home.php" "Mozilla/5.0 (Windows NT 10.0; Win64; x64; rv:132.0) Gecko/20100101 Firefox/132.0"
172.71.120.3 - - [13/Nov/2024:07:08:45 +0000] "POST /code/main.php HTTP/2.0" 200 37 "https://craftnanny.org/home.php" "Mozilla/5.0 (Windows NT 10.0; Win64; x64; rv:132.0) Gecko/20100101 Firefox/132.0"
172.71.120.3 - - [13/Nov/2024:07:08:45 +0000] "POST /code/main.php HTTP/2.0" 200 37 "https://craftnanny.org/home.php" "Mozilla/5.0 (Windows NT 10.0; Win64; x64; rv:132.0) Gecko/20100101 Firefox/132.0"
172.71.120.3 - - [13/Nov/2024:07:08:45 +0000] "POST /code/main.php HTTP/2.0" 200 202 "https://craftnanny.org/home.php" "Mozilla/5.0 (Windows NT 10.0; Win64; x64; rv:132.0) Gecko/20100101 Firefox/132.0"
172.70.80.72 - - [13/Nov/2024:07:08:53 +0000] "GET /home.php HTTP/2.0" 200 2032 "https://craftnanny.org/setup.php" "Mozilla/5.0 (Windows NT 10.0; Win64; x64; rv:132.0) Gecko/20100101 Firefox/132.0"
172.69.130.190 - - [13/Nov/2024:07:08:53 +0000] "GET /assets/js/vendor/modernizr.js HTTP/2.0" 200 11264 "https://craftnanny.org/home.php" "Mozilla/5.0 (Windows NT 10.0; Win64; x64; rv:132.0) Gecko/20100101 Firefox/132.0"
172.70.80.152 - - [13/Nov/2024:07:08:53 +0000] "GET /assets/js/foundation.min.js HTTP/2.0" 200 99152 "https://craftnanny.org/home.php" "Mozilla/5.0 (Windows NT 10.0; Win64; x64; rv:132.0) Gecko/20100101 Firefox/132.0"
172.69.130.155 - - [13/Nov/2024:07:08:53 +0000] "GET /assets/js/vendor/jquery.js HTTP/2.0" 200 84732 "https://craftnanny.org/home.php" "Mozilla/5.0 (Windows NT 10.0; Win64; x64; rv:132.0) Gecko/20100101 Firefox/132.0"
172.69.130.23 - - [13/Nov/2024:07:08:53 +0000] "GET /assets/js/login_check.js HTTP/2.0" 200 550 "https://craftnanny.org/home.php" "Mozilla/5.0 (Windows NT 10.0; Win64; x64; rv:132.0) Gecko/20100101 Firefox/132.0"
108.162.241.195 - - [13/Nov/2024:07:08:53 +0000] "GET /assets/js/home.js HTTP/2.0" 200 8847 "https://craftnanny.org/home.php" "Mozilla/5.0 (Windows NT 10.0; Win64; x64; rv:132.0) Gecko/20100101 Firefox/132.0"
172.70.80.27 - - [13/Nov/2024:07:08:53 +0000] "GET /assets/img/git.png HTTP/2.0" 200 6088 "https://craftnanny.org/home.php" "Mozilla/5.0 (Windows NT 10.0; Win64; x64; rv:132.0) Gecko/20100101 Firefox/132.0"
172.69.130.254 - - [13/Nov/2024:07:08:53 +0000] "GET /assets/css/foundation.css HTTP/2.0" 200 206885 "https://craftnanny.org/home.php" "Mozilla/5.0 (Windows NT 10.0; Win64; x64; rv:132.0) Gecko/20100101 Firefox/132.0"
108.162.241.73 - - [13/Nov/2024:07:08:54 +0000] "GET /module_template.html HTTP/2.0" 200 141 "https://craftnanny.org/home.php" "Mozilla/5.0 (Windows NT 10.0; Win64; x64; rv:132.0) Gecko/20100101 Firefox/132.0"
172.69.214.36 - - [13/Nov/2024:07:08:54 +0000] "GET /favicon.ico HTTP/2.0" 200 20457 "https://craftnanny.org/home.php" "Mozilla/5.0 (Windows NT 10.0; Win64; x64; rv:132.0) Gecko/20100101 Firefox/132.0"
108.162.241.73 - - [13/Nov/2024:07:08:54 +0000] "GET /event_template.html HTTP/2.0" 200 257 "https://craftnanny.org/home.php" "Mozilla/5.0 (Windows NT 10.0; Win64; x64; rv:132.0) Gecko/20100101 Firefox/132.0"
108.162.241.73 - - [13/Nov/2024:07:08:54 +0000] "POST /code/main.php HTTP/2.0" 200 13 "https://craftnanny.org/home.php" "Mozilla/5.0 (Windows NT 10.0; Win64; x64; rv:132.0) Gecko/20100101 Firefox/132.0"
108.162.241.73 - - [13/Nov/2024:07:08:54 +0000] "POST /code/main.php HTTP/2.0" 200 33 "https://craftnanny.org/home.php" "Mozilla/5.0 (Windows NT 10.0; Win64; x64; rv:132.0) Gecko/20100101 Firefox/132.0"
108.162.241.73 - - [13/Nov/2024:07:08:54 +0000] "POST /code/main.php HTTP/2.0" 200 37 "https://craftnanny.org/home.php" "Mozilla/5.0 (Windows NT 10.0; Win64; x64; rv:132.0) Gecko/20100101 Firefox/132.0"
108.162.241.73 - - [13/Nov/2024:07:08:54 +0000] "POST /code/main.php HTTP/2.0" 200 37 "https://craftnanny.org/home.php" "Mozilla/5.0 (Windows NT 10.0; Win64; x64; rv:132.0) Gecko/20100101 Firefox/132.0"
108.162.241.73 - - [13/Nov/2024:07:08:54 +0000] "POST /code/main.php HTTP/2.0" 200 37 "https://craftnanny.org/home.php" "Mozilla/5.0 (Windows NT 10.0; Win64; x64; rv:132.0) Gecko/20100101 Firefox/132.0"
108.162.241.73 - - [13/Nov/2024:07:08:54 +0000] "POST /code/main.php HTTP/2.0" 200 202 "https://craftnanny.org/home.php" "Mozilla/5.0 (Windows NT 10.0; Win64; x64; rv:132.0) Gecko/20100101 Firefox/132.0"
172.69.214.43 - - [13/Nov/2024:07:08:54 +0000] "GET /assets/img/offline.png HTTP/2.0" 200 277 "https://craftnanny.org/home.php" "Mozilla/5.0 (Windows NT 10.0; Win64; x64; rv:132.0) Gecko/20100101 Firefox/132.0"
172.70.50.5 - - [13/Nov/2024:07:08:56 +0000] "GET /home.php HTTP/2.0" 200 2032 "https://craftnanny.org/setup.php" "Mozilla/5.0 (Windows NT 10.0; Win64; x64; rv:132.0) Gecko/20100101 Firefox/132.0"
172.69.130.155 - - [13/Nov/2024:07:08:56 +0000] "GET /assets/js/vendor/jquery.js HTTP/2.0" 200 84732 "https://craftnanny.org/home.php" "Mozilla/5.0 (Windows NT 10.0; Win64; x64; rv:132.0) Gecko/20100101 Firefox/132.0"
172.69.130.23 - - [13/Nov/2024:07:08:56 +0000] "GET /assets/js/login_check.js HTTP/2.0" 200 550 "https://craftnanny.org/home.php" "Mozilla/5.0 (Windows NT 10.0; Win64; x64; rv:132.0) Gecko/20100101 Firefox/132.0"
172.70.80.27 - - [13/Nov/2024:07:08:56 +0000] "GET /assets/img/git.png HTTP/2.0" 200 6088 "https://craftnanny.org/home.php" "Mozilla/5.0 (Windows NT 10.0; Win64; x64; rv:132.0) Gecko/20100101 Firefox/132.0"
172.69.130.254 - - [13/Nov/2024:07:08:56 +0000] "GET /assets/css/foundation.css HTTP/2.0" 200 206885 "https://craftnanny.org/home.php" "Mozilla/5.0 (Windows NT 10.0; Win64; x64; rv:132.0) Gecko/20100101 Firefox/132.0"
108.162.241.195 - - [13/Nov/2024:07:08:56 +0000] "GET /assets/js/home.js HTTP/2.0" 200 8847 "https://craftnanny.org/home.php" "Mozilla/5.0 (Windows NT 10.0; Win64; x64; rv:132.0) Gecko/20100101 Firefox/132.0"
172.69.130.190 - - [13/Nov/2024:07:08:56 +0000] "GET /assets/js/vendor/modernizr.js HTTP/2.0" 200 11264 "https://craftnanny.org/home.php" "Mozilla/5.0 (Windows NT 10.0; Win64; x64; rv:132.0) Gecko/20100101 Firefox/132.0"
172.70.80.152 - - [13/Nov/2024:07:08:56 +0000] "GET /assets/js/foundation.min.js HTTP/2.0" 200 99152 "https://craftnanny.org/home.php" "Mozilla/5.0 (Windows NT 10.0; Win64; x64; rv:132.0) Gecko/20100101 Firefox/132.0"
172.69.130.248 - - [13/Nov/2024:07:08:57 +0000] "GET /module_template.html HTTP/2.0" 200 141 "https://craftnanny.org/home.php" "Mozilla/5.0 (Windows NT 10.0; Win64; x64; rv:132.0) Gecko/20100101 Firefox/132.0"
172.69.130.248 - - [13/Nov/2024:07:08:57 +0000] "GET /event_template.html HTTP/2.0" 200 257 "https://craftnanny.org/home.php" "Mozilla/5.0 (Windows NT 10.0; Win64; x64; rv:132.0) Gecko/20100101 Firefox/132.0"
172.69.130.248 - - [13/Nov/2024:07:08:57 +0000] "POST /code/main.php HTTP/2.0" 200 13 "https://craftnanny.org/home.php" "Mozilla/5.0 (Windows NT 10.0; Win64; x64; rv:132.0) Gecko/20100101 Firefox/132.0"
172.69.214.36 - - [13/Nov/2024:07:08:57 +0000] "GET /favicon.ico HTTP/2.0" 200 20457 "https://craftnanny.org/home.php" "Mozilla/5.0 (Windows NT 10.0; Win64; x64; rv:132.0) Gecko/20100101 Firefox/132.0"
172.69.130.248 - - [13/Nov/2024:07:08:57 +0000] "POST /code/main.php HTTP/2.0" 200 33 "https://craftnanny.org/home.php" "Mozilla/5.0 (Windows NT 10.0; Win64; x64; rv:132.0) Gecko/20100101 Firefox/132.0"
172.69.130.248 - - [13/Nov/2024:07:08:57 +0000] "POST /code/main.php HTTP/2.0" 200 202 "https://craftnanny.org/home.php" "Mozilla/5.0 (Windows NT 10.0; Win64; x64; rv:132.0) Gecko/20100101 Firefox/132.0"
172.69.130.248 - - [13/Nov/2024:07:08:57 +0000] "POST /code/main.php HTTP/2.0" 200 37 "https://craftnanny.org/home.php" "Mozilla/5.0 (Windows NT 10.0; Win64; x64; rv:132.0) Gecko/20100101 Firefox/132.0"
172.69.130.248 - - [13/Nov/2024:07:08:57 +0000] "POST /code/main.php HTTP/2.0" 200 37 "https://craftnanny.org/home.php" "Mozilla/5.0 (Windows NT 10.0; Win64; x64; rv:132.0) Gecko/20100101 Firefox/132.0"
172.69.130.248 - - [13/Nov/2024:07:08:57 +0000] "POST /code/main.php HTTP/2.0" 200 37 "https://craftnanny.org/home.php" "Mozilla/5.0 (Windows NT 10.0; Win64; x64; rv:132.0) Gecko/20100101 Firefox/132.0"
172.69.214.43 - - [13/Nov/2024:07:08:57 +0000] "GET /assets/img/offline.png HTTP/2.0" 200 277 "https://craftnanny.org/home.php" "Mozilla/5.0 (Windows NT 10.0; Win64; x64; rv:132.0) Gecko/20100101 Firefox/132.0"
172.69.130.84 - - [13/Nov/2024:07:09:43 +0000] "GET /code/main.php?a=getUser&user_id=5153651828957276289173587621240038055 HTTP/2.0" 200 33 "-" "PostmanRuntime/7.42.0"
