172.69.214.43 - - [13/Nov/2024:06:50:02 +0000] "GET /assets/img/offline.png HTTP/2.0" 200 277 "https://craftnanny.org/home.php" "Mozilla/5.0 (Windows NT 10.0; Win64; x64; rv:132.0) Gecko/20100101 Firefox/132.0"
172.69.214.101 - - [13/Nov/2024:06:50:06 +0000] "GET /index.php HTTP/2.0" 200 2274 "https://craftnanny.org/home.php" "Mozilla/5.0 (Windows NT 10.0; Win64; x64; rv:132.0) Gecko/20100101 Firefox/132.0"
172.69.130.191 - - [13/Nov/2024:06:50:06 +0000] "GET /assets/js/vendor/modernizr.js HTTP/2.0" 200 11264 "https://craftnanny.org/index.php" "Mozilla/5.0 (Windows NT 10.0; Win64; x64; rv:132.0) Gecko/20100101 Firefox/132.0"
172.69.130.155 - - [13/Nov/2024:06:50:06 +0000] "GET /assets/js/vendor/jquery.js HTTP/2.0" 200 84732 "https://craftnanny.org/index.php" "Mozilla/5.0 (Windows NT 10.0; Win64; x64; rv:132.0) Gecko/20100101 Firefox/132.0"
172.69.130.242 - - [13/Nov/2024:06:50:06 +0000] "GET /assets/js/foundation/foundation.orbit.js HTTP/2.0" 200 15596 "https://craftnanny.org/index.php" "Mozilla/5.0 (Windows NT 10.0; Win64; x64; rv:132.0) Gecko/20100101 Firefox/132.0"
172.69.214.101 - - [13/Nov/2024:06:50:07 +0000] "GET /signin.php? HTTP/2.0" 200 1303 "https://craftnanny.org/index.php" "Mozilla/5.0 (Windows NT 10.0; Win64; x64; rv:132.0) Gecko/20100101 Firefox/132.0"
172.69.130.191 - - [13/Nov/2024:06:50:07 +0000] "GET /assets/js/vendor/modernizr.js HTTP/2.0" 200 11264 "https://craftnanny.org/signin.php?" "Mozilla/5.0 (Windows NT 10.0; Win64; x64; rv:132.0) Gecko/20100101 Firefox/132.0"
172.69.130.155 - - [13/Nov/2024:06:50:07 +0000] "GET /assets/js/vendor/jquery.js HTTP/2.0" 200 84732 "https://craftnanny.org/signin.php?" "Mozilla/5.0 (Windows NT 10.0; Win64; x64; rv:132.0) Gecko/20100101 Firefox/132.0"
172.69.214.124 - - [13/Nov/2024:06:50:07 +0000] "GET /assets/js/login.js?v=1.9 HTTP/2.0" 200 2119 "https://craftnanny.org/signin.php?" "Mozilla/5.0 (Windows NT 10.0; Win64; x64; rv:132.0) Gecko/20100101 Firefox/132.0"
172.69.214.101 - - [13/Nov/2024:06:50:08 +0000] "POST /code/main.php HTTP/2.0" 200 170 "https://craftnanny.org/signin.php?" "Mozilla/5.0 (Windows NT 10.0; Win64; x64; rv:132.0) Gecko/20100101 Firefox/132.0"
172.69.214.101 - - [13/Nov/2024:06:50:09 +0000] "GET /home.php HTTP/2.0" 200 2032 "https://craftnanny.org/signin.php?" "Mozilla/5.0 (Windows NT 10.0; Win64; x64; rv:132.0) Gecko/20100101 Firefox/132.0"
172.69.130.191 - - [13/Nov/2024:06:50:09 +0000] "GET /assets/js/vendor/modernizr.js HTTP/2.0" 200 11264 "https://craftnanny.org/home.php" "Mozilla/5.0 (Windows NT 10.0; Win64; x64; rv:132.0) Gecko/20100101 Firefox/132.0"
172.69.130.155 - - [13/Nov/2024:06:50:09 +0000] "GET /assets/js/vendor/jquery.js HTTP/2.0" 200 84732 "https://craftnanny.org/home.php" "Mozilla/5.0 (Windows NT 10.0; Win64; x64; rv:132.0) Gecko/20100101 Firefox/132.0"
172.69.130.23 - - [13/Nov/2024:06:50:09 +0000] "GET /assets/js/login_check.js HTTP/2.0" 200 550 "https://craftnanny.org/home.php" "Mozilla/5.0 (Windows NT 10.0; Win64; x64; rv:132.0) Gecko/20100101 Firefox/132.0"
108.162.241.195 - - [13/Nov/2024:06:50:09 +0000] "GET /assets/js/home.js HTTP/2.0" 200 8847 "https://craftnanny.org/home.php" "Mozilla/5.0 (Windows NT 10.0; Win64; x64; rv:132.0) Gecko/20100101 Firefox/132.0"
172.69.214.36 - - [13/Nov/2024:06:50:09 +0000] "GET /favicon.ico HTTP/2.0" 200 20457 "https://craftnanny.org/home.php" "Mozilla/5.0 (Windows NT 10.0; Win64; x64; rv:132.0) Gecko/20100101 Firefox/132.0"
172.69.214.101 - - [13/Nov/2024:06:50:09 +0000] "POST /code/main.php HTTP/2.0" 200 49 "https://craftnanny.org/home.php" "Mozilla/5.0 (Windows NT 10.0; Win64; x64; rv:132.0) Gecko/20100101 Firefox/132.0"
172.69.214.43 - - [13/Nov/2024:06:50:09 +0000] "GET /assets/img/offline.png HTTP/2.0" 200 277 "https://craftnanny.org/home.php" "Mozilla/5.0 (Windows NT 10.0; Win64; x64; rv:132.0) Gecko/20100101 Firefox/132.0"
172.69.214.101 - - [13/Nov/2024:06:50:11 +0000] "POST /code/main.php HTTP/2.0" 200 60 "https://craftnanny.org/home.php" "Mozilla/5.0 (Windows NT 10.0; Win64; x64; rv:132.0) Gecko/20100101 Firefox/132.0"
172.69.214.101 - - [13/Nov/2024:06:50:11 +0000] "POST /code/main.php HTTP/2.0" 200 67 "https://craftnanny.org/home.php" "Mozilla/5.0 (Windows NT 10.0; Win64; x64; rv:132.0) Gecko/20100101 Firefox/132.0"
172.69.214.101 - - [13/Nov/2024:06:50:11 +0000] "POST /code/main.php HTTP/2.0" 200 67 "https://craftnanny.org/home.php" "Mozilla/5.0 (Windows NT 10.0; Win64; x64; rv:132.0) Gecko/20100101 Firefox/132.0"
172.69.214.101 - - [13/Nov/2024:06:50:11 +0000] "POST /code/main.php HTTP/2.0" 200 67 "https://craftnanny.org/home.php" "Mozilla/5.0 (Windows NT 10.0; Win64; x64; rv:132.0) Gecko/20100101 Firefox/132.0"
172.69.214.101 - - [13/Nov/2024:06:50:11 +0000] "POST /code/main.php HTTP/2.0" 200 232 "https://craftnanny.org/home.php" "Mozilla/5.0 (Windows NT 10.0; Win64; x64; rv:132.0) Gecko/20100101 Firefox/132.0"
172.70.80.157 - - [13/Nov/2024:06:50:52 +0000] "GET /tracking.php HTTP/2.0" 200 1654 "https://craftnanny.org/home.php" "Mozilla/5.0 (Windows NT 10.0; Win64; x64; rv:132.0) Gecko/20100101 Firefox/132.0"
172.69.130.191 - - [13/Nov/2024:06:50:52 +0000] "GET /assets/js/vendor/modernizr.js HTTP/2.0" 200 11264 "https://craftnanny.org/tracking.php" "Mozilla/5.0 (Windows NT 10.0; Win64; x64; rv:132.0) Gecko/20100101 Firefox/132.0"
172.69.130.155 - - [13/Nov/2024:06:50:52 +0000] "GET /assets/js/vendor/jquery.js HTTP/2.0" 200 84732 "https://craftnanny.org/tracking.php" "Mozilla/5.0 (Windows NT 10.0; Win64; x64; rv:132.0) Gecko/20100101 Firefox/132.0"
172.69.130.23 - - [13/Nov/2024:06:50:52 +0000] "GET /assets/js/login_check.js HTTP/2.0" 200 550 "https://craftnanny.org/tracking.php" "Mozilla/5.0 (Windows NT 10.0; Win64; x64; rv:132.0) Gecko/20100101 Firefox/132.0"
172.69.214.111 - - [13/Nov/2024:06:50:52 +0000] "GET /assets/js/tracking.js HTTP/2.0" 200 5021 "https://craftnanny.org/tracking.php" "Mozilla/5.0 (Windows NT 10.0; Win64; x64; rv:132.0) Gecko/20100101 Firefox/132.0"
172.69.214.164 - - [13/Nov/2024:06:50:52 +0000] "GET /assets/img/mods/player.png HTTP/2.0" 200 57263 "https://craftnanny.org/tracking.php" "Mozilla/5.0 (Windows NT 10.0; Win64; x64; rv:132.0) Gecko/20100101 Firefox/132.0"
172.69.214.50 - - [13/Nov/2024:06:50:52 +0000] "GET /assets/img/skin.PNG HTTP/2.0" 200 25833 "https://craftnanny.org/tracking.php" "Mozilla/5.0 (Windows NT 10.0; Win64; x64; rv:132.0) Gecko/20100101 Firefox/132.0"
172.69.214.106 - - [13/Nov/2024:06:50:52 +0000] "GET /assets/img/screenshots/tracking.PNG HTTP/2.0" 200 89932 "https://craftnanny.org/tracking.php" "Mozilla/5.0 (Windows NT 10.0; Win64; x64; rv:132.0) Gecko/20100101 Firefox/132.0"
172.70.80.157 - - [13/Nov/2024:06:50:53 +0000] "POST /code/main.php HTTP/2.0" 200 60 "https://craftnanny.org/tracking.php" "Mozilla/5.0 (Windows NT 10.0; Win64; x64; rv:132.0) Gecko/20100101 Firefox/132.0"
172.70.80.157 - - [13/Nov/2024:06:50:55 +0000] "POST /code/main.php HTTP/2.0" 200 54 "https://craftnanny.org/tracking.php" "Mozilla/5.0 (Windows NT 10.0; Win64; x64; rv:132.0) Gecko/20100101 Firefox/132.0"
172.69.214.43 - - [13/Nov/2024:06:50:55 +0000] "GET /assets/img/offline.png HTTP/2.0" 200 277 "https://craftnanny.org/tracking.php" "Mozilla/5.0 (Windows NT 10.0; Win64; x64; rv:132.0) Gecko/20100101 Firefox/132.0"
172.70.80.157 - - [13/Nov/2024:06:51:01 +0000] "GET /home.php HTTP/2.0" 200 2032 "https://craftnanny.org/tracking.php" "Mozilla/5.0 (Windows NT 10.0; Win64; x64; rv:132.0) Gecko/20100101 Firefox/132.0"
172.69.130.191 - - [13/Nov/2024:06:51:01 +0000] "GET /assets/js/vendor/modernizr.js HTTP/2.0" 200 11264 "https://craftnanny.org/home.php" "Mozilla/5.0 (Windows NT 10.0; Win64; x64; rv:132.0) Gecko/20100101 Firefox/132.0"
172.69.130.155 - - [13/Nov/2024:06:51:01 +0000] "GET /assets/js/vendor/jquery.js HTTP/2.0" 200 84732 "https://craftnanny.org/home.php" "Mozilla/5.0 (Windows NT 10.0; Win64; x64; rv:132.0) Gecko/20100101 Firefox/132.0"
172.69.130.23 - - [13/Nov/2024:06:51:01 +0000] "GET /assets/js/login_check.js HTTP/2.0" 200 550 "https://craftnanny.org/home.php" "Mozilla/5.0 (Windows NT 10.0; Win64; x64; rv:132.0) Gecko/20100101 Firefox/132.0"
108.162.241.195 - - [13/Nov/2024:06:51:01 +0000] "GET /assets/js/home.js HTTP/2.0" 200 8847 "https://craftnanny.org/home.php" "Mozilla/5.0 (Windows NT 10.0; Win64; x64; rv:132.0) Gecko/20100101 Firefox/132.0"
172.69.214.43 - - [13/Nov/2024:06:51:01 +0000] "GET /assets/img/offline.png HTTP/2.0" 200 277 "https://craftnanny.org/home.php" "Mozilla/5.0 (Windows NT 10.0; Win64; x64; rv:132.0) Gecko/20100101 Firefox/132.0"
172.70.80.157 - - [13/Nov/2024:06:51:01 +0000] "POST /code/main.php HTTP/2.0" 200 49 "https://craftnanny.org/home.php" "Mozilla/5.0 (Windows NT 10.0; Win64; x64; rv:132.0) Gecko/20100101 Firefox/132.0"
172.70.80.157 - - [13/Nov/2024:06:51:03 +0000] "POST /code/main.php HTTP/2.0" 200 60 "https://craftnanny.org/home.php" "Mozilla/5.0 (Windows NT 10.0; Win64; x64; rv:132.0) Gecko/20100101 Firefox/132.0"
172.70.80.157 - - [13/Nov/2024:06:51:03 +0000] "POST /code/main.php HTTP/2.0" 200 67 "https://craftnanny.org/home.php" "Mozilla/5.0 (Windows NT 10.0; Win64; x64; rv:132.0) Gecko/20100101 Firefox/132.0"
172.70.80.157 - - [13/Nov/2024:06:51:03 +0000] "POST /code/main.php HTTP/2.0" 200 232 "https://craftnanny.org/home.php" "Mozilla/5.0 (Windows NT 10.0; Win64; x64; rv:132.0) Gecko/20100101 Firefox/132.0"
172.70.80.157 - - [13/Nov/2024:06:51:03 +0000] "POST /code/main.php HTTP/2.0" 200 67 "https://craftnanny.org/home.php" "Mozilla/5.0 (Windows NT 10.0; Win64; x64; rv:132.0) Gecko/20100101 Firefox/132.0"
172.70.80.157 - - [13/Nov/2024:06:51:03 +0000] "POST /code/main.php HTTP/2.0" 200 67 "https://craftnanny.org/home.php" "Mozilla/5.0 (Windows NT 10.0; Win64; x64; rv:132.0) Gecko/20100101 Firefox/132.0"
108.162.241.236 - - [13/Nov/2024:06:53:02 +0000] "GET /home.php HTTP/2.0" 200 2032 "https://craftnanny.org/tracking.php" "Mozilla/5.0 (Windows NT 10.0; Win64; x64; rv:132.0) Gecko/20100101 Firefox/132.0"
172.69.130.23 - - [13/Nov/2024:06:53:02 +0000] "GET /assets/js/login_check.js HTTP/2.0" 200 550 "https://craftnanny.org/home.php" "Mozilla/5.0 (Windows NT 10.0; Win64; x64; rv:132.0) Gecko/20100101 Firefox/132.0"
108.162.241.194 - - [13/Nov/2024:06:53:02 +0000] "GET /assets/js/home.js HTTP/2.0" 200 8847 "https://craftnanny.org/home.php" "Mozilla/5.0 (Windows NT 10.0; Win64; x64; rv:132.0) Gecko/20100101 Firefox/132.0"
172.69.130.155 - - [13/Nov/2024:06:53:02 +0000] "GET /assets/js/vendor/jquery.js HTTP/2.0" 200 84732 "https://craftnanny.org/home.php" "Mozilla/5.0 (Windows NT 10.0; Win64; x64; rv:132.0) Gecko/20100101 Firefox/132.0"
172.69.130.190 - - [13/Nov/2024:06:53:02 +0000] "GET /assets/js/vendor/modernizr.js HTTP/2.0" 200 11264 "https://craftnanny.org/home.php" "Mozilla/5.0 (Windows NT 10.0; Win64; x64; rv:132.0) Gecko/20100101 Firefox/132.0"
172.69.130.248 - - [13/Nov/2024:06:53:02 +0000] "GET /module_template.html HTTP/2.0" 200 141 "https://craftnanny.org/home.php" "Mozilla/5.0 (Windows NT 10.0; Win64; x64; rv:132.0) Gecko/20100101 Firefox/132.0"
172.69.130.248 - - [13/Nov/2024:06:53:02 +0000] "GET /event_template.html HTTP/2.0" 200 257 "https://craftnanny.org/home.php" "Mozilla/5.0 (Windows NT 10.0; Win64; x64; rv:132.0) Gecko/20100101 Firefox/132.0"
172.69.214.36 - - [13/Nov/2024:06:53:02 +0000] "GET /favicon.ico HTTP/2.0" 200 20457 "https://craftnanny.org/home.php" "Mozilla/5.0 (Windows NT 10.0; Win64; x64; rv:132.0) Gecko/20100101 Firefox/132.0"
172.69.130.248 - - [13/Nov/2024:06:53:02 +0000] "POST /code/main.php HTTP/2.0" 200 0 "https://craftnanny.org/home.php" "Mozilla/5.0 (Windows NT 10.0; Win64; x64; rv:132.0) Gecko/20100101 Firefox/132.0"
172.69.130.248 - - [13/Nov/2024:06:53:04 +0000] "POST /code/main.php HTTP/2.0" 200 0 "https://craftnanny.org/home.php" "Mozilla/5.0 (Windows NT 10.0; Win64; x64; rv:132.0) Gecko/20100101 Firefox/132.0"
172.69.130.248 - - [13/Nov/2024:06:53:05 +0000] "POST /code/main.php HTTP/2.0" 200 0 "https://craftnanny.org/home.php" "Mozilla/5.0 (Windows NT 10.0; Win64; x64; rv:132.0) Gecko/20100101 Firefox/132.0"
172.69.130.248 - - [13/Nov/2024:06:53:05 +0000] "POST /code/main.php HTTP/2.0" 200 0 "https://craftnanny.org/home.php" "Mozilla/5.0 (Windows NT 10.0; Win64; x64; rv:132.0) Gecko/20100101 Firefox/132.0"
172.69.130.248 - - [13/Nov/2024:06:53:05 +0000] "POST /code/main.php HTTP/2.0" 200 0 "https://craftnanny.org/home.php" "Mozilla/5.0 (Windows NT 10.0; Win64; x64; rv:132.0) Gecko/20100101 Firefox/132.0"
172.69.130.248 - - [13/Nov/2024:06:53:05 +0000] "POST /code/main.php HTTP/2.0" 200 0 "https://craftnanny.org/home.php" "Mozilla/5.0 (Windows NT 10.0; Win64; x64; rv:132.0) Gecko/20100101 Firefox/132.0"
172.69.214.42 - - [13/Nov/2024:06:53:05 +0000] "GET /assets/img/offline.png HTTP/2.0" 200 277 "https://craftnanny.org/home.php" "Mozilla/5.0 (Windows NT 10.0; Win64; x64; rv:132.0) Gecko/20100101 Firefox/132.0"
172.69.214.205 - - [13/Nov/2024:06:54:06 +0000] "GET /home.php HTTP/2.0" 200 2032 "https://craftnanny.org/tracking.php" "Mozilla/5.0 (Windows NT 10.0; Win64; x64; rv:132.0) Gecko/20100101 Firefox/132.0"
172.69.130.190 - - [13/Nov/2024:06:54:06 +0000] "GET /assets/js/vendor/modernizr.js HTTP/2.0" 200 11264 "https://craftnanny.org/home.php" "Mozilla/5.0 (Windows NT 10.0; Win64; x64; rv:132.0) Gecko/20100101 Firefox/132.0"
108.162.241.194 - - [13/Nov/2024:06:54:06 +0000] "GET /assets/js/home.js HTTP/2.0" 200 8868 "https://craftnanny.org/home.php" "Mozilla/5.0 (Windows NT 10.0; Win64; x64; rv:132.0) Gecko/20100101 Firefox/132.0"
172.69.130.155 - - [13/Nov/2024:06:54:06 +0000] "GET /assets/js/vendor/jquery.js HTTP/2.0" 200 84732 "https://craftnanny.org/home.php" "Mozilla/5.0 (Windows NT 10.0; Win64; x64; rv:132.0) Gecko/20100101 Firefox/132.0"
172.69.130.23 - - [13/Nov/2024:06:54:06 +0000] "GET /assets/js/login_check.js HTTP/2.0" 200 550 "https://craftnanny.org/home.php" "Mozilla/5.0 (Windows NT 10.0; Win64; x64; rv:132.0) Gecko/20100101 Firefox/132.0"
172.69.214.36 - - [13/Nov/2024:06:54:07 +0000] "GET /favicon.ico HTTP/2.0" 200 20457 "https://craftnanny.org/home.php" "Mozilla/5.0 (Windows NT 10.0; Win64; x64; rv:132.0) Gecko/20100101 Firefox/132.0"
172.69.214.42 - - [13/Nov/2024:06:54:07 +0000] "GET /assets/img/offline.png HTTP/2.0" 200 277 "https://craftnanny.org/home.php" "Mozilla/5.0 (Windows NT 10.0; Win64; x64; rv:132.0) Gecko/20100101 Firefox/132.0"
172.69.214.205 - - [13/Nov/2024:06:54:07 +0000] "POST /code/main.php HTTP/2.0" 200 0 "https://craftnanny.org/home.php" "Mozilla/5.0 (Windows NT 10.0; Win64; x64; rv:132.0) Gecko/20100101 Firefox/132.0"
172.69.214.205 - - [13/Nov/2024:06:54:07 +0000] "POST /code/main.php HTTP/2.0" 200 0 "https://craftnanny.org/home.php" "Mozilla/5.0 (Windows NT 10.0; Win64; x64; rv:132.0) Gecko/20100101 Firefox/132.0"
172.69.214.205 - - [13/Nov/2024:06:54:07 +0000] "POST /code/main.php HTTP/2.0" 200 0 "https://craftnanny.org/home.php" "Mozilla/5.0 (Windows NT 10.0; Win64; x64; rv:132.0) Gecko/20100101 Firefox/132.0"
172.69.214.205 - - [13/Nov/2024:06:54:07 +0000] "POST /code/main.php HTTP/2.0" 200 0 "https://craftnanny.org/home.php" "Mozilla/5.0 (Windows NT 10.0; Win64; x64; rv:132.0) Gecko/20100101 Firefox/132.0"
172.69.214.205 - - [13/Nov/2024:06:54:07 +0000] "POST /code/main.php HTTP/2.0" 200 0 "https://craftnanny.org/home.php" "Mozilla/5.0 (Windows NT 10.0; Win64; x64; rv:132.0) Gecko/20100101 Firefox/132.0"
172.69.214.205 - - [13/Nov/2024:06:54:07 +0000] "POST /code/main.php HTTP/2.0" 200 0 "https://craftnanny.org/home.php" "Mozilla/5.0 (Windows NT 10.0; Win64; x64; rv:132.0) Gecko/20100101 Firefox/132.0"
172.69.214.205 - - [13/Nov/2024:06:54:08 +0000] "GET /tracking.php HTTP/2.0" 200 1654 "https://craftnanny.org/home.php" "Mozilla/5.0 (Windows NT 10.0; Win64; x64; rv:132.0) Gecko/20100101 Firefox/132.0"
172.69.130.190 - - [13/Nov/2024:06:54:08 +0000] "GET /assets/js/vendor/modernizr.js HTTP/2.0" 200 11264 "https://craftnanny.org/tracking.php" "Mozilla/5.0 (Windows NT 10.0; Win64; x64; rv:132.0) Gecko/20100101 Firefox/132.0"
172.69.130.23 - - [13/Nov/2024:06:54:08 +0000] "GET /assets/js/login_check.js HTTP/2.0" 200 550 "https://craftnanny.org/tracking.php" "Mozilla/5.0 (Windows NT 10.0; Win64; x64; rv:132.0) Gecko/20100101 Firefox/132.0"
172.69.130.155 - - [13/Nov/2024:06:54:08 +0000] "GET /assets/js/vendor/jquery.js HTTP/2.0" 200 84732 "https://craftnanny.org/tracking.php" "Mozilla/5.0 (Windows NT 10.0; Win64; x64; rv:132.0) Gecko/20100101 Firefox/132.0"
172.69.214.110 - - [13/Nov/2024:06:54:08 +0000] "GET /assets/js/tracking.js HTTP/2.0" 200 5033 "https://craftnanny.org/tracking.php" "Mozilla/5.0 (Windows NT 10.0; Win64; x64; rv:132.0) Gecko/20100101 Firefox/132.0"
172.69.214.205 - - [13/Nov/2024:06:54:08 +0000] "POST /code/main.php HTTP/2.0" 200 0 "https://craftnanny.org/tracking.php" "Mozilla/5.0 (Windows NT 10.0; Win64; x64; rv:132.0) Gecko/20100101 Firefox/132.0"
172.69.214.106 - - [13/Nov/2024:06:54:08 +0000] "GET /assets/img/screenshots/tracking.PNG HTTP/2.0" 200 89932 "https://craftnanny.org/tracking.php" "Mozilla/5.0 (Windows NT 10.0; Win64; x64; rv:132.0) Gecko/20100101 Firefox/132.0"
172.69.214.164 - - [13/Nov/2024:06:54:08 +0000] "GET /assets/img/mods/player.png HTTP/2.0" 200 57263 "https://craftnanny.org/tracking.php" "Mozilla/5.0 (Windows NT 10.0; Win64; x64; rv:132.0) Gecko/20100101 Firefox/132.0"
172.69.214.50 - - [13/Nov/2024:06:54:08 +0000] "GET /assets/img/skin.PNG HTTP/2.0" 200 25833 "https://craftnanny.org/tracking.php" "Mozilla/5.0 (Windows NT 10.0; Win64; x64; rv:132.0) Gecko/20100101 Firefox/132.0"
172.69.214.205 - - [13/Nov/2024:06:54:08 +0000] "POST /code/main.php HTTP/2.0" 200 0 "https://craftnanny.org/tracking.php" "Mozilla/5.0 (Windows NT 10.0; Win64; x64; rv:132.0) Gecko/20100101 Firefox/132.0"
172.69.214.42 - - [13/Nov/2024:06:54:08 +0000] "GET /assets/img/offline.png HTTP/2.0" 200 277 "https://craftnanny.org/tracking.php" "Mozilla/5.0 (Windows NT 10.0; Win64; x64; rv:132.0) Gecko/20100101 Firefox/132.0"
172.69.214.205 - - [13/Nov/2024:06:54:09 +0000] "GET /energy.php HTTP/2.0" 200 1788 "https://craftnanny.org/tracking.php" "Mozilla/5.0 (Windows NT 10.0; Win64; x64; rv:132.0) Gecko/20100101 Firefox/132.0"
172.69.130.190 - - [13/Nov/2024:06:54:09 +0000] "GET /assets/js/vendor/modernizr.js HTTP/2.0" 200 11264 "https://craftnanny.org/energy.php" "Mozilla/5.0 (Windows NT 10.0; Win64; x64; rv:132.0) Gecko/20100101 Firefox/132.0"
172.69.130.155 - - [13/Nov/2024:06:54:09 +0000] "GET /assets/js/vendor/jquery.js HTTP/2.0" 200 84732 "https://craftnanny.org/energy.php" "Mozilla/5.0 (Windows NT 10.0; Win64; x64; rv:132.0) Gecko/20100101 Firefox/132.0"
172.69.130.23 - - [13/Nov/2024:06:54:09 +0000] "GET /assets/js/login_check.js HTTP/2.0" 200 550 "https://craftnanny.org/energy.php" "Mozilla/5.0 (Windows NT 10.0; Win64; x64; rv:132.0) Gecko/20100101 Firefox/132.0"
108.162.241.214 - - [13/Nov/2024:06:54:09 +0000] "GET /assets/js/energy.js HTTP/2.0" 200 2785 "https://craftnanny.org/energy.php" "Mozilla/5.0 (Windows NT 10.0; Win64; x64; rv:132.0) Gecko/20100101 Firefox/132.0"
172.69.130.252 - - [13/Nov/2024:06:54:09 +0000] "GET /assets/js/block.js HTTP/2.0" 200 19979 "https://craftnanny.org/energy.php" "Mozilla/5.0 (Windows NT 10.0; Win64; x64; rv:132.0) Gecko/20100101 Firefox/132.0"
108.162.242.83 - - [13/Nov/2024:06:54:09 +0000] "GET /assets/img/screenshots/energy.PNG HTTP/2.0" 200 53392 "https://craftnanny.org/energy.php" "Mozilla/5.0 (Windows NT 10.0; Win64; x64; rv:132.0) Gecko/20100101 Firefox/132.0"
108.162.241.206 - - [13/Nov/2024:06:54:09 +0000] "GET /assets/img/mods/energy.png HTTP/2.0" 200 38862 "https://craftnanny.org/energy.php" "Mozilla/5.0 (Windows NT 10.0; Win64; x64; rv:132.0) Gecko/20100101 Firefox/132.0"
172.69.214.42 - - [13/Nov/2024:06:54:10 +0000] "GET /assets/img/offline.png HTTP/2.0" 200 277 "https://craftnanny.org/energy.php" "Mozilla/5.0 (Windows NT 10.0; Win64; x64; rv:132.0) Gecko/20100101 Firefox/132.0"
172.69.214.205 - - [13/Nov/2024:06:54:10 +0000] "POST /code/main.php HTTP/2.0" 200 0 "https://craftnanny.org/energy.php" "Mozilla/5.0 (Windows NT 10.0; Win64; x64; rv:132.0) Gecko/20100101 Firefox/132.0"
172.69.214.205 - - [13/Nov/2024:06:54:11 +0000] "GET /energy.php HTTP/2.0" 200 1788 "https://craftnanny.org/energy.php" "Mozilla/5.0 (Windows NT 10.0; Win64; x64; rv:132.0) Gecko/20100101 Firefox/132.0"
172.69.130.190 - - [13/Nov/2024:06:54:11 +0000] "GET /assets/js/vendor/modernizr.js HTTP/2.0" 200 11264 "https://craftnanny.org/energy.php" "Mozilla/5.0 (Windows NT 10.0; Win64; x64; rv:132.0) Gecko/20100101 Firefox/132.0"
108.162.241.214 - - [13/Nov/2024:06:54:11 +0000] "GET /assets/js/energy.js HTTP/2.0" 200 2785 "https://craftnanny.org/energy.php" "Mozilla/5.0 (Windows NT 10.0; Win64; x64; rv:132.0) Gecko/20100101 Firefox/132.0"
172.69.130.252 - - [13/Nov/2024:06:54:11 +0000] "GET /assets/js/block.js HTTP/2.0" 200 19979 "https://craftnanny.org/energy.php" "Mozilla/5.0 (Windows NT 10.0; Win64; x64; rv:132.0) Gecko/20100101 Firefox/132.0"
172.69.130.155 - - [13/Nov/2024:06:54:11 +0000] "GET /assets/js/vendor/jquery.js HTTP/2.0" 200 84732 "https://craftnanny.org/energy.php" "Mozilla/5.0 (Windows NT 10.0; Win64; x64; rv:132.0) Gecko/20100101 Firefox/132.0"
172.69.130.23 - - [13/Nov/2024:06:54:11 +0000] "GET /assets/js/login_check.js HTTP/2.0" 200 550 "https://craftnanny.org/energy.php" "Mozilla/5.0 (Windows NT 10.0; Win64; x64; rv:132.0) Gecko/20100101 Firefox/132.0"
108.162.241.206 - - [13/Nov/2024:06:54:11 +0000] "GET /assets/img/mods/energy.png HTTP/2.0" 200 38862 "https://craftnanny.org/energy.php" "Mozilla/5.0 (Windows NT 10.0; Win64; x64; rv:132.0) Gecko/20100101 Firefox/132.0"
108.162.242.83 - - [13/Nov/2024:06:54:11 +0000] "GET /assets/img/screenshots/energy.PNG HTTP/2.0" 200 53392 "https://craftnanny.org/energy.php" "Mozilla/5.0 (Windows NT 10.0; Win64; x64; rv:132.0) Gecko/20100101 Firefox/132.0"
172.69.214.42 - - [13/Nov/2024:06:54:11 +0000] "GET /assets/img/offline.png HTTP/2.0" 200 277 "https://craftnanny.org/energy.php" "Mozilla/5.0 (Windows NT 10.0; Win64; x64; rv:132.0) Gecko/20100101 Firefox/132.0"
172.69.214.205 - - [13/Nov/2024:06:54:11 +0000] "POST /code/main.php HTTP/2.0" 200 0 "https://craftnanny.org/energy.php" "Mozilla/5.0 (Windows NT 10.0; Win64; x64; rv:132.0) Gecko/20100101 Firefox/132.0"
172.69.214.205 - - [13/Nov/2024:06:54:12 +0000] "GET /tracking.php HTTP/2.0" 200 1654 "https://craftnanny.org/energy.php" "Mozilla/5.0 (Windows NT 10.0; Win64; x64; rv:132.0) Gecko/20100101 Firefox/132.0"
172.69.130.190 - - [13/Nov/2024:06:54:12 +0000] "GET /assets/js/vendor/modernizr.js HTTP/2.0" 200 11264 "https://craftnanny.org/tracking.php" "Mozilla/5.0 (Windows NT 10.0; Win64; x64; rv:132.0) Gecko/20100101 Firefox/132.0"
172.69.130.155 - - [13/Nov/2024:06:54:12 +0000] "GET /assets/js/vendor/jquery.js HTTP/2.0" 200 84732 "https://craftnanny.org/tracking.php" "Mozilla/5.0 (Windows NT 10.0; Win64; x64; rv:132.0) Gecko/20100101 Firefox/132.0"
172.69.130.23 - - [13/Nov/2024:06:54:12 +0000] "GET /assets/js/login_check.js HTTP/2.0" 200 550 "https://craftnanny.org/tracking.php" "Mozilla/5.0 (Windows NT 10.0; Win64; x64; rv:132.0) Gecko/20100101 Firefox/132.0"
172.69.214.110 - - [13/Nov/2024:06:54:12 +0000] "GET /assets/js/tracking.js HTTP/2.0" 200 5033 "https://craftnanny.org/tracking.php" "Mozilla/5.0 (Windows NT 10.0; Win64; x64; rv:132.0) Gecko/20100101 Firefox/132.0"
172.69.214.164 - - [13/Nov/2024:06:54:12 +0000] "GET /assets/img/mods/player.png HTTP/2.0" 200 57263 "https://craftnanny.org/tracking.php" "Mozilla/5.0 (Windows NT 10.0; Win64; x64; rv:132.0) Gecko/20100101 Firefox/132.0"
172.69.214.205 - - [13/Nov/2024:06:54:12 +0000] "POST /code/main.php HTTP/2.0" 200 0 "https://craftnanny.org/tracking.php" "Mozilla/5.0 (Windows NT 10.0; Win64; x64; rv:132.0) Gecko/20100101 Firefox/132.0"
172.69.214.106 - - [13/Nov/2024:06:54:12 +0000] "GET /assets/img/screenshots/tracking.PNG HTTP/2.0" 200 89932 "https://craftnanny.org/tracking.php" "Mozilla/5.0 (Windows NT 10.0; Win64; x64; rv:132.0) Gecko/20100101 Firefox/132.0"
172.69.214.50 - - [13/Nov/2024:06:54:12 +0000] "GET /assets/img/skin.PNG HTTP/2.0" 200 25833 "https://craftnanny.org/tracking.php" "Mozilla/5.0 (Windows NT 10.0; Win64; x64; rv:132.0) Gecko/20100101 Firefox/132.0"
172.69.214.42 - - [13/Nov/2024:06:54:12 +0000] "GET /assets/img/offline.png HTTP/2.0" 200 277 "https://craftnanny.org/tracking.php" "Mozilla/5.0 (Windows NT 10.0; Win64; x64; rv:132.0) Gecko/20100101 Firefox/132.0"
172.69.214.205 - - [13/Nov/2024:06:54:12 +0000] "POST /code/main.php HTTP/2.0" 200 0 "https://craftnanny.org/tracking.php" "Mozilla/5.0 (Windows NT 10.0; Win64; x64; rv:132.0) Gecko/20100101 Firefox/132.0"
172.69.214.205 - - [13/Nov/2024:06:54:13 +0000] "GET /home.php HTTP/2.0" 200 2032 "https://craftnanny.org/tracking.php" "Mozilla/5.0 (Windows NT 10.0; Win64; x64; rv:132.0) Gecko/20100101 Firefox/132.0"
172.69.130.190 - - [13/Nov/2024:06:54:13 +0000] "GET /assets/js/vendor/modernizr.js HTTP/2.0" 200 11264 "https://craftnanny.org/home.php" "Mozilla/5.0 (Windows NT 10.0; Win64; x64; rv:132.0) Gecko/20100101 Firefox/132.0"
172.69.130.155 - - [13/Nov/2024:06:54:13 +0000] "GET /assets/js/vendor/jquery.js HTTP/2.0" 200 84732 "https://craftnanny.org/home.php" "Mozilla/5.0 (Windows NT 10.0; Win64; x64; rv:132.0) Gecko/20100101 Firefox/132.0"
172.69.130.23 - - [13/Nov/2024:06:54:13 +0000] "GET /assets/js/login_check.js HTTP/2.0" 200 550 "https://craftnanny.org/home.php" "Mozilla/5.0 (Windows NT 10.0; Win64; x64; rv:132.0) Gecko/20100101 Firefox/132.0"
108.162.241.194 - - [13/Nov/2024:06:54:13 +0000] "GET /assets/js/home.js HTTP/2.0" 200 8868 "https://craftnanny.org/home.php" "Mozilla/5.0 (Windows NT 10.0; Win64; x64; rv:132.0) Gecko/20100101 Firefox/132.0"
172.69.214.42 - - [13/Nov/2024:06:54:13 +0000] "GET /assets/img/offline.png HTTP/2.0" 200 277 "https://craftnanny.org/home.php" "Mozilla/5.0 (Windows NT 10.0; Win64; x64; rv:132.0) Gecko/20100101 Firefox/132.0"
172.69.214.205 - - [13/Nov/2024:06:54:13 +0000] "POST /code/main.php HTTP/2.0" 200 0 "https://craftnanny.org/home.php" "Mozilla/5.0 (Windows NT 10.0; Win64; x64; rv:132.0) Gecko/20100101 Firefox/132.0"
172.69.214.205 - - [13/Nov/2024:06:54:13 +0000] "POST /code/main.php HTTP/2.0" 200 0 "https://craftnanny.org/home.php" "Mozilla/5.0 (Windows NT 10.0; Win64; x64; rv:132.0) Gecko/20100101 Firefox/132.0"
172.69.214.205 - - [13/Nov/2024:06:54:13 +0000] "POST /code/main.php HTTP/2.0" 200 0 "https://craftnanny.org/home.php" "Mozilla/5.0 (Windows NT 10.0; Win64; x64; rv:132.0) Gecko/20100101 Firefox/132.0"
172.69.214.205 - - [13/Nov/2024:06:54:13 +0000] "POST /code/main.php HTTP/2.0" 200 0 "https://craftnanny.org/home.php" "Mozilla/5.0 (Windows NT 10.0; Win64; x64; rv:132.0) Gecko/20100101 Firefox/132.0"
172.69.214.205 - - [13/Nov/2024:06:54:13 +0000] "POST /code/main.php HTTP/2.0" 200 0 "https://craftnanny.org/home.php" "Mozilla/5.0 (Windows NT 10.0; Win64; x64; rv:132.0) Gecko/20100101 Firefox/132.0"
172.69.214.205 - - [13/Nov/2024:06:54:13 +0000] "POST /code/main.php HTTP/2.0" 200 0 "https://craftnanny.org/home.php" "Mozilla/5.0 (Windows NT 10.0; Win64; x64; rv:132.0) Gecko/20100101 Firefox/132.0"
172.70.80.73 - - [13/Nov/2024:06:57:05 +0000] "GET /home.php HTTP/2.0" 200 2032 "https://craftnanny.org/tracking.php" "Mozilla/5.0 (Windows NT 10.0; Win64; x64; rv:132.0) Gecko/20100101 Firefox/132.0"
172.69.130.190 - - [13/Nov/2024:06:57:05 +0000] "GET /assets/js/vendor/modernizr.js HTTP/2.0" 200 11264 "https://craftnanny.org/home.php" "Mozilla/5.0 (Windows NT 10.0; Win64; x64; rv:132.0) Gecko/20100101 Firefox/132.0"
172.69.130.155 - - [13/Nov/2024:06:57:05 +0000] "GET /assets/js/vendor/jquery.js HTTP/2.0" 200 84732 "https://craftnanny.org/home.php" "Mozilla/5.0 (Windows NT 10.0; Win64; x64; rv:132.0) Gecko/20100101 Firefox/132.0"
108.162.241.195 - - [13/Nov/2024:06:57:05 +0000] "GET /assets/js/home.js HTTP/2.0" 200 8865 "https://craftnanny.org/home.php" "Mozilla/5.0 (Windows NT 10.0; Win64; x64; rv:132.0) Gecko/20100101 Firefox/132.0"
172.69.130.23 - - [13/Nov/2024:06:57:05 +0000] "GET /assets/js/login_check.js HTTP/2.0" 200 550 "https://craftnanny.org/home.php" "Mozilla/5.0 (Windows NT 10.0; Win64; x64; rv:132.0) Gecko/20100101 Firefox/132.0"
172.70.80.73 - - [13/Nov/2024:06:57:05 +0000] "GET /module_template.html HTTP/2.0" 200 141 "https://craftnanny.org/home.php" "Mozilla/5.0 (Windows NT 10.0; Win64; x64; rv:132.0) Gecko/20100101 Firefox/132.0"
172.70.80.73 - - [13/Nov/2024:06:57:05 +0000] "GET /event_template.html HTTP/2.0" 200 257 "https://craftnanny.org/home.php" "Mozilla/5.0 (Windows NT 10.0; Win64; x64; rv:132.0) Gecko/20100101 Firefox/132.0"
172.69.214.36 - - [13/Nov/2024:06:57:05 +0000] "GET /favicon.ico HTTP/2.0" 200 20457 "https://craftnanny.org/home.php" "Mozilla/5.0 (Windows NT 10.0; Win64; x64; rv:132.0) Gecko/20100101 Firefox/132.0"
172.70.80.73 - - [13/Nov/2024:06:57:05 +0000] "POST /code/main.php HTTP/2.0" 200 0 "https://craftnanny.org/home.php" "Mozilla/5.0 (Windows NT 10.0; Win64; x64; rv:132.0) Gecko/20100101 Firefox/132.0"
172.70.80.73 - - [13/Nov/2024:06:57:05 +0000] "POST /code/main.php HTTP/2.0" 200 0 "https://craftnanny.org/home.php" "Mozilla/5.0 (Windows NT 10.0; Win64; x64; rv:132.0) Gecko/20100101 Firefox/132.0"
172.70.80.73 - - [13/Nov/2024:06:57:06 +0000] "POST /code/main.php HTTP/2.0" 200 0 "https://craftnanny.org/home.php" "Mozilla/5.0 (Windows NT 10.0; Win64; x64; rv:132.0) Gecko/20100101 Firefox/132.0"
172.70.80.73 - - [13/Nov/2024:06:57:06 +0000] "POST /code/main.php HTTP/2.0" 200 0 "https://craftnanny.org/home.php" "Mozilla/5.0 (Windows NT 10.0; Win64; x64; rv:132.0) Gecko/20100101 Firefox/132.0"
172.70.80.73 - - [13/Nov/2024:06:57:06 +0000] "POST /code/main.php HTTP/2.0" 200 0 "https://craftnanny.org/home.php" "Mozilla/5.0 (Windows NT 10.0; Win64; x64; rv:132.0) Gecko/20100101 Firefox/132.0"
172.70.80.73 - - [13/Nov/2024:06:57:06 +0000] "POST /code/main.php HTTP/2.0" 200 0 "https://craftnanny.org/home.php" "Mozilla/5.0 (Windows NT 10.0; Win64; x64; rv:132.0) Gecko/20100101 Firefox/132.0"
172.69.214.43 - - [13/Nov/2024:06:57:06 +0000] "GET /assets/img/offline.png HTTP/2.0" 200 277 "https://craftnanny.org/home.php" "Mozilla/5.0 (Windows NT 10.0; Win64; x64; rv:132.0) Gecko/20100101 Firefox/132.0"
172.69.214.134 - - [13/Nov/2024:06:57:20 +0000] "GET /home.php HTTP/2.0" 200 2032 "https://craftnanny.org/tracking.php" "Mozilla/5.0 (Windows NT 10.0; Win64; x64; rv:132.0) Gecko/20100101 Firefox/132.0"
172.69.130.190 - - [13/Nov/2024:06:57:20 +0000] "GET /assets/js/vendor/modernizr.js HTTP/2.0" 200 11264 "https://craftnanny.org/home.php" "Mozilla/5.0 (Windows NT 10.0; Win64; x64; rv:132.0) Gecko/20100101 Firefox/132.0"
172.69.130.155 - - [13/Nov/2024:06:57:20 +0000] "GET /assets/js/vendor/jquery.js HTTP/2.0" 200 84732 "https://craftnanny.org/home.php" "Mozilla/5.0 (Windows NT 10.0; Win64; x64; rv:132.0) Gecko/20100101 Firefox/132.0"
172.69.130.23 - - [13/Nov/2024:06:57:20 +0000] "GET /assets/js/login_check.js HTTP/2.0" 200 550 "https://craftnanny.org/home.php" "Mozilla/5.0 (Windows NT 10.0; Win64; x64; rv:132.0) Gecko/20100101 Firefox/132.0"
108.162.241.195 - - [13/Nov/2024:06:57:20 +0000] "GET /assets/js/home.js HTTP/2.0" 200 8865 "https://craftnanny.org/home.php" "Mozilla/5.0 (Windows NT 10.0; Win64; x64; rv:132.0) Gecko/20100101 Firefox/132.0"
172.69.214.204 - - [13/Nov/2024:06:57:21 +0000] "GET /module_template.html HTTP/2.0" 200 141 "https://craftnanny.org/home.php" "Mozilla/5.0 (Windows NT 10.0; Win64; x64; rv:132.0) Gecko/20100101 Firefox/132.0"
172.69.214.36 - - [13/Nov/2024:06:57:21 +0000] "GET /favicon.ico HTTP/2.0" 200 20457 "https://craftnanny.org/home.php" "Mozilla/5.0 (Windows NT 10.0; Win64; x64; rv:132.0) Gecko/20100101 Firefox/132.0"
172.69.214.204 - - [13/Nov/2024:06:57:21 +0000] "GET /event_template.html HTTP/2.0" 200 257 "https://craftnanny.org/home.php" "Mozilla/5.0 (Windows NT 10.0; Win64; x64; rv:132.0) Gecko/20100101 Firefox/132.0"
172.69.214.204 - - [13/Nov/2024:06:57:21 +0000] "POST /code/main.php HTTP/2.0" 200 0 "https://craftnanny.org/home.php" "Mozilla/5.0 (Windows NT 10.0; Win64; x64; rv:132.0) Gecko/20100101 Firefox/132.0"
172.69.214.204 - - [13/Nov/2024:06:57:21 +0000] "POST /code/main.php HTTP/2.0" 200 0 "https://craftnanny.org/home.php" "Mozilla/5.0 (Windows NT 10.0; Win64; x64; rv:132.0) Gecko/20100101 Firefox/132.0"
172.69.214.204 - - [13/Nov/2024:06:57:22 +0000] "POST /code/main.php HTTP/2.0" 200 0 "https://craftnanny.org/home.php" "Mozilla/5.0 (Windows NT 10.0; Win64; x64; rv:132.0) Gecko/20100101 Firefox/132.0"
172.69.214.204 - - [13/Nov/2024:06:57:22 +0000] "POST /code/main.php HTTP/2.0" 200 0 "https://craftnanny.org/home.php" "Mozilla/5.0 (Windows NT 10.0; Win64; x64; rv:132.0) Gecko/20100101 Firefox/132.0"
172.69.214.204 - - [13/Nov/2024:06:57:22 +0000] "POST /code/main.php HTTP/2.0" 200 0 "https://craftnanny.org/home.php" "Mozilla/5.0 (Windows NT 10.0; Win64; x64; rv:132.0) Gecko/20100101 Firefox/132.0"
172.69.214.204 - - [13/Nov/2024:06:57:22 +0000] "POST /code/main.php HTTP/2.0" 200 0 "https://craftnanny.org/home.php" "Mozilla/5.0 (Windows NT 10.0; Win64; x64; rv:132.0) Gecko/20100101 Firefox/132.0"
172.69.214.43 - - [13/Nov/2024:06:57:22 +0000] "GET /assets/img/offline.png HTTP/2.0" 200 277 "https://craftnanny.org/home.php" "Mozilla/5.0 (Windows NT 10.0; Win64; x64; rv:132.0) Gecko/20100101 Firefox/132.0"
172.69.214.168 - - [13/Nov/2024:06:57:34 +0000] "GET /home.php HTTP/2.0" 200 2032 "https://craftnanny.org/tracking.php" "Mozilla/5.0 (Windows NT 10.0; Win64; x64; rv:132.0) Gecko/20100101 Firefox/132.0"
172.69.130.190 - - [13/Nov/2024:06:57:34 +0000] "GET /assets/js/vendor/modernizr.js HTTP/2.0" 200 11264 "https://craftnanny.org/home.php" "Mozilla/5.0 (Windows NT 10.0; Win64; x64; rv:132.0) Gecko/20100101 Firefox/132.0"
172.69.130.155 - - [13/Nov/2024:06:57:34 +0000] "GET /assets/js/vendor/jquery.js HTTP/2.0" 200 84732 "https://craftnanny.org/home.php" "Mozilla/5.0 (Windows NT 10.0; Win64; x64; rv:132.0) Gecko/20100101 Firefox/132.0"
108.162.241.195 - - [13/Nov/2024:06:57:34 +0000] "GET /assets/js/home.js HTTP/2.0" 200 8865 "https://craftnanny.org/home.php" "Mozilla/5.0 (Windows NT 10.0; Win64; x64; rv:132.0) Gecko/20100101 Firefox/132.0"
172.69.130.23 - - [13/Nov/2024:06:57:34 +0000] "GET /assets/js/login_check.js HTTP/2.0" 200 550 "https://craftnanny.org/home.php" "Mozilla/5.0 (Windows NT 10.0; Win64; x64; rv:132.0) Gecko/20100101 Firefox/132.0"
172.70.80.73 - - [13/Nov/2024:06:57:35 +0000] "GET /module_template.html HTTP/2.0" 200 141 "https://craftnanny.org/home.php" "Mozilla/5.0 (Windows NT 10.0; Win64; x64; rv:132.0) Gecko/20100101 Firefox/132.0"
172.69.214.36 - - [13/Nov/2024:06:57:35 +0000] "GET /favicon.ico HTTP/2.0" 200 20457 "https://craftnanny.org/home.php" "Mozilla/5.0 (Windows NT 10.0; Win64; x64; rv:132.0) Gecko/20100101 Firefox/132.0"
172.70.80.73 - - [13/Nov/2024:06:57:35 +0000] "GET /event_template.html HTTP/2.0" 200 257 "https://craftnanny.org/home.php" "Mozilla/5.0 (Windows NT 10.0; Win64; x64; rv:132.0) Gecko/20100101 Firefox/132.0"
172.70.80.73 - - [13/Nov/2024:06:57:35 +0000] "POST /code/main.php HTTP/2.0" 200 0 "https://craftnanny.org/home.php" "Mozilla/5.0 (Windows NT 10.0; Win64; x64; rv:132.0) Gecko/20100101 Firefox/132.0"
172.70.80.73 - - [13/Nov/2024:06:57:35 +0000] "POST /code/main.php HTTP/2.0" 200 0 "https://craftnanny.org/home.php" "Mozilla/5.0 (Windows NT 10.0; Win64; x64; rv:132.0) Gecko/20100101 Firefox/132.0"
172.70.80.73 - - [13/Nov/2024:06:57:37 +0000] "POST /code/main.php HTTP/2.0" 200 0 "https://craftnanny.org/home.php" "Mozilla/5.0 (Windows NT 10.0; Win64; x64; rv:132.0) Gecko/20100101 Firefox/132.0"
172.70.80.73 - - [13/Nov/2024:06:57:37 +0000] "POST /code/main.php HTTP/2.0" 200 0 "https://craftnanny.org/home.php" "Mozilla/5.0 (Windows NT 10.0; Win64; x64; rv:132.0) Gecko/20100101 Firefox/132.0"
172.70.80.73 - - [13/Nov/2024:06:57:37 +0000] "POST /code/main.php HTTP/2.0" 200 0 "https://craftnanny.org/home.php" "Mozilla/5.0 (Windows NT 10.0; Win64; x64; rv:132.0) Gecko/20100101 Firefox/132.0"
172.70.80.73 - - [13/Nov/2024:06:57:37 +0000] "POST /code/main.php HTTP/2.0" 200 0 "https://craftnanny.org/home.php" "Mozilla/5.0 (Windows NT 10.0; Win64; x64; rv:132.0) Gecko/20100101 Firefox/132.0"
172.69.214.43 - - [13/Nov/2024:06:57:37 +0000] "GET /assets/img/offline.png HTTP/2.0" 200 277 "https://craftnanny.org/home.php" "Mozilla/5.0 (Windows NT 10.0; Win64; x64; rv:132.0) Gecko/20100101 Firefox/132.0"
172.70.80.73 - - [13/Nov/2024:06:57:51 +0000] "GET /home.php HTTP/2.0" 200 2032 "https://craftnanny.org/tracking.php" "Mozilla/5.0 (Windows NT 10.0; Win64; x64; rv:132.0) Gecko/20100101 Firefox/132.0"
172.69.130.190 - - [13/Nov/2024:06:57:51 +0000] "GET /assets/js/vendor/modernizr.js HTTP/2.0" 200 11264 "https://craftnanny.org/home.php" "Mozilla/5.0 (Windows NT 10.0; Win64; x64; rv:132.0) Gecko/20100101 Firefox/132.0"
172.69.130.155 - - [13/Nov/2024:06:57:51 +0000] "GET /assets/js/vendor/jquery.js HTTP/2.0" 200 84732 "https://craftnanny.org/home.php" "Mozilla/5.0 (Windows NT 10.0; Win64; x64; rv:132.0) Gecko/20100101 Firefox/132.0"
172.69.130.23 - - [13/Nov/2024:06:57:51 +0000] "GET /assets/js/login_check.js HTTP/2.0" 200 550 "https://craftnanny.org/home.php" "Mozilla/5.0 (Windows NT 10.0; Win64; x64; rv:132.0) Gecko/20100101 Firefox/132.0"
108.162.241.195 - - [13/Nov/2024:06:57:51 +0000] "GET /assets/js/home.js HTTP/2.0" 200 8865 "https://craftnanny.org/home.php" "Mozilla/5.0 (Windows NT 10.0; Win64; x64; rv:132.0) Gecko/20100101 Firefox/132.0"
172.69.214.43 - - [13/Nov/2024:06:57:51 +0000] "GET /assets/img/offline.png HTTP/2.0" 200 277 "https://craftnanny.org/home.php" "Mozilla/5.0 (Windows NT 10.0; Win64; x64; rv:132.0) Gecko/20100101 Firefox/132.0"
172.70.80.73 - - [13/Nov/2024:06:57:51 +0000] "POST /code/main.php HTTP/2.0" 200 0 "https://craftnanny.org/home.php" "Mozilla/5.0 (Windows NT 10.0; Win64; x64; rv:132.0) Gecko/20100101 Firefox/132.0"
172.70.80.73 - - [13/Nov/2024:06:57:51 +0000] "POST /code/main.php HTTP/2.0" 200 0 "https://craftnanny.org/home.php" "Mozilla/5.0 (Windows NT 10.0; Win64; x64; rv:132.0) Gecko/20100101 Firefox/132.0"
172.70.80.73 - - [13/Nov/2024:06:57:52 +0000] "POST /code/main.php HTTP/2.0" 200 0 "https://craftnanny.org/home.php" "Mozilla/5.0 (Windows NT 10.0; Win64; x64; rv:132.0) Gecko/20100101 Firefox/132.0"
172.70.80.73 - - [13/Nov/2024:06:57:52 +0000] "POST /code/main.php HTTP/2.0" 200 0 "https://craftnanny.org/home.php" "Mozilla/5.0 (Windows NT 10.0; Win64; x64; rv:132.0) Gecko/20100101 Firefox/132.0"
172.70.80.73 - - [13/Nov/2024:06:57:52 +0000] "POST /code/main.php HTTP/2.0" 200 0 "https://craftnanny.org/home.php" "Mozilla/5.0 (Windows NT 10.0; Win64; x64; rv:132.0) Gecko/20100101 Firefox/132.0"
172.70.80.73 - - [13/Nov/2024:06:57:52 +0000] "POST /code/main.php HTTP/2.0" 200 0 "https://craftnanny.org/home.php" "Mozilla/5.0 (Windows NT 10.0; Win64; x64; rv:132.0) Gecko/20100101 Firefox/132.0"
172.70.50.5 - - [13/Nov/2024:06:57:57 +0000] "GET /home.php HTTP/2.0" 200 2032 "https://craftnanny.org/tracking.php" "Mozilla/5.0 (Windows NT 10.0; Win64; x64; rv:132.0) Gecko/20100101 Firefox/132.0"
172.69.130.155 - - [13/Nov/2024:06:57:57 +0000] "GET /assets/js/vendor/jquery.js HTTP/2.0" 200 84732 "https://craftnanny.org/home.php" "Mozilla/5.0 (Windows NT 10.0; Win64; x64; rv:132.0) Gecko/20100101 Firefox/132.0"
108.162.241.195 - - [13/Nov/2024:06:57:57 +0000] "GET /assets/js/home.js HTTP/2.0" 200 8865 "https://craftnanny.org/home.php" "Mozilla/5.0 (Windows NT 10.0; Win64; x64; rv:132.0) Gecko/20100101 Firefox/132.0"
172.69.130.23 - - [13/Nov/2024:06:57:57 +0000] "GET /assets/js/login_check.js HTTP/2.0" 200 550 "https://craftnanny.org/home.php" "Mozilla/5.0 (Windows NT 10.0; Win64; x64; rv:132.0) Gecko/20100101 Firefox/132.0"
172.69.130.190 - - [13/Nov/2024:06:57:57 +0000] "GET /assets/js/vendor/modernizr.js HTTP/2.0" 200 11264 "https://craftnanny.org/home.php" "Mozilla/5.0 (Windows NT 10.0; Win64; x64; rv:132.0) Gecko/20100101 Firefox/132.0"
172.69.214.101 - - [13/Nov/2024:06:57:58 +0000] "GET /module_template.html HTTP/2.0" 200 141 "https://craftnanny.org/home.php" "Mozilla/5.0 (Windows NT 10.0; Win64; x64; rv:132.0) Gecko/20100101 Firefox/132.0"
172.69.214.36 - - [13/Nov/2024:06:57:58 +0000] "GET /favicon.ico HTTP/2.0" 200 20457 "https://craftnanny.org/home.php" "Mozilla/5.0 (Windows NT 10.0; Win64; x64; rv:132.0) Gecko/20100101 Firefox/132.0"
172.69.214.101 - - [13/Nov/2024:06:57:58 +0000] "GET /event_template.html HTTP/2.0" 200 257 "https://craftnanny.org/home.php" "Mozilla/5.0 (Windows NT 10.0; Win64; x64; rv:132.0) Gecko/20100101 Firefox/132.0"
172.69.214.101 - - [13/Nov/2024:06:57:58 +0000] "POST /code/main.php HTTP/2.0" 200 0 "https://craftnanny.org/home.php" "Mozilla/5.0 (Windows NT 10.0; Win64; x64; rv:132.0) Gecko/20100101 Firefox/132.0"
172.69.214.101 - - [13/Nov/2024:06:57:58 +0000] "POST /code/main.php HTTP/2.0" 200 0 "https://craftnanny.org/home.php" "Mozilla/5.0 (Windows NT 10.0; Win64; x64; rv:132.0) Gecko/20100101 Firefox/132.0"
172.69.214.101 - - [13/Nov/2024:06:57:59 +0000] "POST /code/main.php HTTP/2.0" 200 0 "https://craftnanny.org/home.php" "Mozilla/5.0 (Windows NT 10.0; Win64; x64; rv:132.0) Gecko/20100101 Firefox/132.0"
172.69.214.43 - - [13/Nov/2024:06:57:59 +0000] "GET /assets/img/offline.png HTTP/2.0" 200 277 "https://craftnanny.org/home.php" "Mozilla/5.0 (Windows NT 10.0; Win64; x64; rv:132.0) Gecko/20100101 Firefox/132.0"
172.69.214.101 - - [13/Nov/2024:06:57:59 +0000] "POST /code/main.php HTTP/2.0" 200 0 "https://craftnanny.org/home.php" "Mozilla/5.0 (Windows NT 10.0; Win64; x64; rv:132.0) Gecko/20100101 Firefox/132.0"
172.69.214.101 - - [13/Nov/2024:06:57:59 +0000] "POST /code/main.php HTTP/2.0" 200 0 "https://craftnanny.org/home.php" "Mozilla/5.0 (Windows NT 10.0; Win64; x64; rv:132.0) Gecko/20100101 Firefox/132.0"
172.69.214.101 - - [13/Nov/2024:06:57:59 +0000] "POST /code/main.php HTTP/2.0" 200 0 "https://craftnanny.org/home.php" "Mozilla/5.0 (Windows NT 10.0; Win64; x64; rv:132.0) Gecko/20100101 Firefox/132.0"
172.69.214.168 - - [13/Nov/2024:06:59:14 +0000] "POST /code/main.php?a=getUser&username=Cloud1201&password=5153651828957276289173587621240038055 HTTP/2.0" 200 0 "-" "PostmanRuntime/7.42.0"
172.69.214.168 - - [13/Nov/2024:06:59:21 +0000] "GET /code/main.php?a=getUser&username=Cloud1201&password=5153651828957276289173587621240038055 HTTP/2.0" 200 0 "-" "PostmanRuntime/7.42.0"
172.69.214.168 - - [13/Nov/2024:06:59:23 +0000] "GET /code/main.php?a=getUser&username=Cloud1201&password=5153651828957276289173587621240038055 HTTP/2.0" 200 0 "-" "PostmanRuntime/7.42.0"
172.70.50.4 - - [13/Nov/2024:07:00:32 +0000] "GET /home.php HTTP/2.0" 200 2032 "https://craftnanny.org/tracking.php" "Mozilla/5.0 (Windows NT 10.0; Win64; x64; rv:132.0) Gecko/20100101 Firefox/132.0"
172.69.130.190 - - [13/Nov/2024:07:00:33 +0000] "GET /assets/js/vendor/modernizr.js HTTP/2.0" 200 11264 "https://craftnanny.org/home.php" "Mozilla/5.0 (Windows NT 10.0; Win64; x64; rv:132.0) Gecko/20100101 Firefox/132.0"
172.71.120.2 - - [13/Nov/2024:07:00:33 +0000] "GET /assets/css/foundation.css HTTP/2.0" 304 0 "https://craftnanny.org/home.php" "Mozilla/5.0 (Windows NT 10.0; Win64; x64; rv:132.0) Gecko/20100101 Firefox/132.0"
172.69.130.154 - - [13/Nov/2024:07:00:33 +0000] "GET /assets/js/vendor/jquery.js HTTP/2.0" 200 84732 "https://craftnanny.org/home.php" "Mozilla/5.0 (Windows NT 10.0; Win64; x64; rv:132.0) Gecko/20100101 Firefox/132.0"
172.69.130.23 - - [13/Nov/2024:07:00:33 +0000] "GET /assets/js/login_check.js HTTP/2.0" 200 550 "https://craftnanny.org/home.php" "Mozilla/5.0 (Windows NT 10.0; Win64; x64; rv:132.0) Gecko/20100101 Firefox/132.0"
108.162.241.194 - - [13/Nov/2024:07:00:33 +0000] "GET /assets/js/home.js HTTP/2.0" 200 8865 "https://craftnanny.org/home.php" "Mozilla/5.0 (Windows NT 10.0; Win64; x64; rv:132.0) Gecko/20100101 Firefox/132.0"
172.70.80.152 - - [13/Nov/2024:07:00:33 +0000] "GET /assets/js/foundation.min.js HTTP/2.0" 304 0 "https://craftnanny.org/home.php" "Mozilla/5.0 (Windows NT 10.0; Win64; x64; rv:132.0) Gecko/20100101 Firefox/132.0"
172.70.50.4 - - [13/Nov/2024:07:00:33 +0000] "GET /module_template.html HTTP/2.0" 200 141 "https://craftnanny.org/home.php" "Mozilla/5.0 (Windows NT 10.0; Win64; x64; rv:132.0) Gecko/20100101 Firefox/132.0"
172.70.50.4 - - [13/Nov/2024:07:00:33 +0000] "GET /event_template.html HTTP/2.0" 200 257 "https://craftnanny.org/home.php" "Mozilla/5.0 (Windows NT 10.0; Win64; x64; rv:132.0) Gecko/20100101 Firefox/132.0"
172.69.214.36 - - [13/Nov/2024:07:00:33 +0000] "GET /favicon.ico HTTP/2.0" 200 20457 "https://craftnanny.org/home.php" "Mozilla/5.0 (Windows NT 10.0; Win64; x64; rv:132.0) Gecko/20100101 Firefox/132.0"
172.70.50.4 - - [13/Nov/2024:07:00:33 +0000] "POST /code/main.php HTTP/2.0" 200 0 "https://craftnanny.org/home.php" "Mozilla/5.0 (Windows NT 10.0; Win64; x64; rv:132.0) Gecko/20100101 Firefox/132.0"
172.70.50.4 - - [13/Nov/2024:07:00:33 +0000] "POST /code/main.php HTTP/2.0" 200 0 "https://craftnanny.org/home.php" "Mozilla/5.0 (Windows NT 10.0; Win64; x64; rv:132.0) Gecko/20100101 Firefox/132.0"
172.70.50.4 - - [13/Nov/2024:07:00:35 +0000] "POST /code/main.php HTTP/2.0" 200 0 "https://craftnanny.org/home.php" "Mozilla/5.0 (Windows NT 10.0; Win64; x64; rv:132.0) Gecko/20100101 Firefox/132.0"
172.70.50.4 - - [13/Nov/2024:07:00:35 +0000] "POST /code/main.php HTTP/2.0" 200 0 "https://craftnanny.org/home.php" "Mozilla/5.0 (Windows NT 10.0; Win64; x64; rv:132.0) Gecko/20100101 Firefox/132.0"
172.70.50.4 - - [13/Nov/2024:07:00:35 +0000] "POST /code/main.php HTTP/2.0" 200 0 "https://craftnanny.org/home.php" "Mozilla/5.0 (Windows NT 10.0; Win64; x64; rv:132.0) Gecko/20100101 Firefox/132.0"
172.70.50.4 - - [13/Nov/2024:07:00:35 +0000] "POST /code/main.php HTTP/2.0" 200 0 "https://craftnanny.org/home.php" "Mozilla/5.0 (Windows NT 10.0; Win64; x64; rv:132.0) Gecko/20100101 Firefox/132.0"
172.69.214.43 - - [13/Nov/2024:07:00:35 +0000] "GET /assets/img/offline.png HTTP/2.0" 200 277 "https://craftnanny.org/home.php" "Mozilla/5.0 (Windows NT 10.0; Win64; x64; rv:132.0) Gecko/20100101 Firefox/132.0"
172.70.50.4 - - [13/Nov/2024:07:00:35 +0000] "GET /home.php HTTP/2.0" 200 2032 "https://craftnanny.org/tracking.php" "Mozilla/5.0 (Windows NT 10.0; Win64; x64; rv:132.0) Gecko/20100101 Firefox/132.0"
172.69.130.190 - - [13/Nov/2024:07:00:35 +0000] "GET /assets/js/vendor/modernizr.js HTTP/2.0" 200 11264 "https://craftnanny.org/home.php" "Mozilla/5.0 (Windows NT 10.0; Win64; x64; rv:132.0) Gecko/20100101 Firefox/132.0"
172.69.130.23 - - [13/Nov/2024:07:00:35 +0000] "GET /assets/js/login_check.js HTTP/2.0" 200 550 "https://craftnanny.org/home.php" "Mozilla/5.0 (Windows NT 10.0; Win64; x64; rv:132.0) Gecko/20100101 Firefox/132.0"
172.69.130.154 - - [13/Nov/2024:07:00:35 +0000] "GET /assets/js/vendor/jquery.js HTTP/2.0" 200 84732 "https://craftnanny.org/home.php" "Mozilla/5.0 (Windows NT 10.0; Win64; x64; rv:132.0) Gecko/20100101 Firefox/132.0"
108.162.241.194 - - [13/Nov/2024:07:00:35 +0000] "GET /assets/js/home.js HTTP/2.0" 200 8865 "https://craftnanny.org/home.php" "Mozilla/5.0 (Windows NT 10.0; Win64; x64; rv:132.0) Gecko/20100101 Firefox/132.0"
172.69.214.43 - - [13/Nov/2024:07:00:36 +0000] "GET /assets/img/offline.png HTTP/2.0" 200 277 "https://craftnanny.org/home.php" "Mozilla/5.0 (Windows NT 10.0; Win64; x64; rv:132.0) Gecko/20100101 Firefox/132.0"
172.70.50.4 - - [13/Nov/2024:07:00:36 +0000] "POST /code/main.php HTTP/2.0" 200 0 "https://craftnanny.org/home.php" "Mozilla/5.0 (Windows NT 10.0; Win64; x64; rv:132.0) Gecko/20100101 Firefox/132.0"
172.70.50.4 - - [13/Nov/2024:07:00:36 +0000] "POST /code/main.php HTTP/2.0" 200 0 "https://craftnanny.org/home.php" "Mozilla/5.0 (Windows NT 10.0; Win64; x64; rv:132.0) Gecko/20100101 Firefox/132.0"
172.70.50.4 - - [13/Nov/2024:07:00:37 +0000] "POST /code/main.php HTTP/2.0" 200 0 "https://craftnanny.org/home.php" "Mozilla/5.0 (Windows NT 10.0; Win64; x64; rv:132.0) Gecko/20100101 Firefox/132.0"
172.70.50.4 - - [13/Nov/2024:07:00:37 +0000] "POST /code/main.php HTTP/2.0" 200 0 "https://craftnanny.org/home.php" "Mozilla/5.0 (Windows NT 10.0; Win64; x64; rv:132.0) Gecko/20100101 Firefox/132.0"
172.70.50.4 - - [13/Nov/2024:07:00:37 +0000] "POST /code/main.php HTTP/2.0" 200 0 "https://craftnanny.org/home.php" "Mozilla/5.0 (Windows NT 10.0; Win64; x64; rv:132.0) Gecko/20100101 Firefox/132.0"
172.70.50.4 - - [13/Nov/2024:07:00:37 +0000] "POST /code/main.php HTTP/2.0" 200 0 "https://craftnanny.org/home.php" "Mozilla/5.0 (Windows NT 10.0; Win64; x64; rv:132.0) Gecko/20100101 Firefox/132.0"
108.162.241.236 - - [13/Nov/2024:07:02:31 +0000] "GET /home.php HTTP/2.0" 200 2032 "https://craftnanny.org/tracking.php" "Mozilla/5.0 (Windows NT 10.0; Win64; x64; rv:132.0) Gecko/20100101 Firefox/132.0"
172.69.130.191 - - [13/Nov/2024:07:02:31 +0000] "GET /assets/js/vendor/modernizr.js HTTP/2.0" 200 11264 "https://craftnanny.org/home.php" "Mozilla/5.0 (Windows NT 10.0; Win64; x64; rv:132.0) Gecko/20100101 Firefox/132.0"
172.69.130.22 - - [13/Nov/2024:07:02:32 +0000] "GET /assets/js/login_check.js HTTP/2.0" 200 550 "https://craftnanny.org/home.php" "Mozilla/5.0 (Windows NT 10.0; Win64; x64; rv:132.0) Gecko/20100101 Firefox/132.0"
108.162.241.195 - - [13/Nov/2024:07:02:32 +0000] "GET /assets/js/home.js HTTP/2.0" 200 8865 "https://craftnanny.org/home.php" "Mozilla/5.0 (Windows NT 10.0; Win64; x64; rv:132.0) Gecko/20100101 Firefox/132.0"
172.69.130.155 - - [13/Nov/2024:07:02:32 +0000] "GET /assets/js/vendor/jquery.js HTTP/2.0" 200 84732 "https://craftnanny.org/home.php" "Mozilla/5.0 (Windows NT 10.0; Win64; x64; rv:132.0) Gecko/20100101 Firefox/132.0"
108.162.241.236 - - [13/Nov/2024:07:02:32 +0000] "POST /code/main.php HTTP/2.0" 200 0 "https://craftnanny.org/home.php" "Mozilla/5.0 (Windows NT 10.0; Win64; x64; rv:132.0) Gecko/20100101 Firefox/132.0"
172.69.214.36 - - [13/Nov/2024:07:02:32 +0000] "GET /favicon.ico HTTP/2.0" 200 20457 "https://craftnanny.org/home.php" "Mozilla/5.0 (Windows NT 10.0; Win64; x64; rv:132.0) Gecko/20100101 Firefox/132.0"
