172.69.130.191 - - [13/Nov/2024:05:43:56 +0000] "GET /assets/js/vendor/modernizr.js HTTP/2.0" 200 11264 "https://craftnanny.org/signin.php?" "Mozilla/5.0 (Windows NT 10.0; Win64; x64; rv:132.0) Gecko/20100101 Firefox/132.0"
108.162.241.93 - - [13/Nov/2024:05:43:56 +0000] "GET /assets/js/login.js?v=1.7 HTTP/2.0" 200 1578 "https://craftnanny.org/signin.php?" "Mozilla/5.0 (Windows NT 10.0; Win64; x64; rv:132.0) Gecko/20100101 Firefox/132.0"
108.162.241.236 - - [13/Nov/2024:05:43:57 +0000] "POST /code/main.php HTTP/2.0" 200 211 "https://craftnanny.org/signin.php?" "Mozilla/5.0 (Windows NT 10.0; Win64; x64; rv:132.0) Gecko/20100101 Firefox/132.0"
172.69.130.167 - - [13/Nov/2024:05:44:49 +0000] "GET /signin.php? HTTP/2.0" 200 1303 "https://craftnanny.org/index.php" "Mozilla/5.0 (Windows NT 10.0; Win64; x64; rv:132.0) Gecko/20100101 Firefox/132.0"
172.69.130.191 - - [13/Nov/2024:05:44:50 +0000] "GET /assets/js/vendor/modernizr.js HTTP/2.0" 200 11264 "https://craftnanny.org/signin.php?" "Mozilla/5.0 (Windows NT 10.0; Win64; x64; rv:132.0) Gecko/20100101 Firefox/132.0"
172.69.130.155 - - [13/Nov/2024:05:44:50 +0000] "GET /assets/js/vendor/jquery.js HTTP/2.0" 200 84732 "https://craftnanny.org/signin.php?" "Mozilla/5.0 (Windows NT 10.0; Win64; x64; rv:132.0) Gecko/20100101 Firefox/132.0"
108.162.241.93 - - [13/Nov/2024:05:44:50 +0000] "GET /assets/js/login.js?v=1.7 HTTP/2.0" 200 1701 "https://craftnanny.org/signin.php?" "Mozilla/5.0 (Windows NT 10.0; Win64; x64; rv:132.0) Gecko/20100101 Firefox/132.0"
172.69.214.36 - - [13/Nov/2024:05:44:50 +0000] "GET /favicon.ico HTTP/2.0" 200 20457 "https://craftnanny.org/signin.php?" "Mozilla/5.0 (Windows NT 10.0; Win64; x64; rv:132.0) Gecko/20100101 Firefox/132.0"
108.162.241.95 - - [13/Nov/2024:05:44:50 +0000] "GET /signin.php? HTTP/2.0" 200 1303 "https://craftnanny.org/index.php" "Mozilla/5.0 (Windows NT 10.0; Win64; x64; rv:132.0) Gecko/20100101 Firefox/132.0"
172.69.130.191 - - [13/Nov/2024:05:44:50 +0000] "GET /assets/js/vendor/modernizr.js HTTP/2.0" 200 11264 "https://craftnanny.org/signin.php?" "Mozilla/5.0 (Windows NT 10.0; Win64; x64; rv:132.0) Gecko/20100101 Firefox/132.0"
172.69.130.155 - - [13/Nov/2024:05:44:50 +0000] "GET /assets/js/vendor/jquery.js HTTP/2.0" 200 84732 "https://craftnanny.org/signin.php?" "Mozilla/5.0 (Windows NT 10.0; Win64; x64; rv:132.0) Gecko/20100101 Firefox/132.0"
108.162.241.93 - - [13/Nov/2024:05:44:50 +0000] "GET /assets/js/login.js?v=1.7 HTTP/2.0" 200 1701 "https://craftnanny.org/signin.php?" "Mozilla/5.0 (Windows NT 10.0; Win64; x64; rv:132.0) Gecko/20100101 Firefox/132.0"
172.69.214.36 - - [13/Nov/2024:05:44:51 +0000] "GET /favicon.ico HTTP/2.0" 200 20457 "https://craftnanny.org/signin.php?" "Mozilla/5.0 (Windows NT 10.0; Win64; x64; rv:132.0) Gecko/20100101 Firefox/132.0"
108.162.241.95 - - [13/Nov/2024:05:44:51 +0000] "POST /code/main.php HTTP/2.0" 200 211 "https://craftnanny.org/signin.php?" "Mozilla/5.0 (Windows NT 10.0; Win64; x64; rv:132.0) Gecko/20100101 Firefox/132.0"
172.69.130.249 - - [13/Nov/2024:05:44:53 +0000] "GET /signin.php? HTTP/2.0" 200 1303 "https://craftnanny.org/index.php" "Mozilla/5.0 (Windows NT 10.0; Win64; x64; rv:132.0) Gecko/20100101 Firefox/132.0"
172.69.130.191 - - [13/Nov/2024:05:44:53 +0000] "GET /assets/js/vendor/modernizr.js HTTP/2.0" 200 11264 "https://craftnanny.org/signin.php?" "Mozilla/5.0 (Windows NT 10.0; Win64; x64; rv:132.0) Gecko/20100101 Firefox/132.0"
172.69.130.155 - - [13/Nov/2024:05:44:53 +0000] "GET /assets/js/vendor/jquery.js HTTP/2.0" 200 84732 "https://craftnanny.org/signin.php?" "Mozilla/5.0 (Windows NT 10.0; Win64; x64; rv:132.0) Gecko/20100101 Firefox/132.0"
108.162.241.93 - - [13/Nov/2024:05:44:53 +0000] "GET /assets/js/login.js?v=1.7 HTTP/2.0" 200 1701 "https://craftnanny.org/signin.php?" "Mozilla/5.0 (Windows NT 10.0; Win64; x64; rv:132.0) Gecko/20100101 Firefox/132.0"
172.69.214.36 - - [13/Nov/2024:05:44:53 +0000] "GET /favicon.ico HTTP/2.0" 200 20457 "https://craftnanny.org/signin.php?" "Mozilla/5.0 (Windows NT 10.0; Win64; x64; rv:132.0) Gecko/20100101 Firefox/132.0"
172.69.130.249 - - [13/Nov/2024:05:44:54 +0000] "POST /code/main.php HTTP/2.0" 200 211 "https://craftnanny.org/signin.php?" "Mozilla/5.0 (Windows NT 10.0; Win64; x64; rv:132.0) Gecko/20100101 Firefox/132.0"
172.69.214.168 - - [13/Nov/2024:05:45:06 +0000] "GET /signin.php? HTTP/2.0" 200 1303 "https://craftnanny.org/index.php" "Mozilla/5.0 (Windows NT 10.0; Win64; x64; rv:132.0) Gecko/20100101 Firefox/132.0"
172.69.130.191 - - [13/Nov/2024:05:45:06 +0000] "GET /assets/js/vendor/modernizr.js HTTP/2.0" 200 11264 "https://craftnanny.org/signin.php?" "Mozilla/5.0 (Windows NT 10.0; Win64; x64; rv:132.0) Gecko/20100101 Firefox/132.0"
108.162.241.93 - - [13/Nov/2024:05:45:06 +0000] "GET /assets/js/login.js?v=1.7 HTTP/2.0" 200 1701 "https://craftnanny.org/signin.php?" "Mozilla/5.0 (Windows NT 10.0; Win64; x64; rv:132.0) Gecko/20100101 Firefox/132.0"
172.69.130.155 - - [13/Nov/2024:05:45:06 +0000] "GET /assets/js/vendor/jquery.js HTTP/2.0" 200 84732 "https://craftnanny.org/signin.php?" "Mozilla/5.0 (Windows NT 10.0; Win64; x64; rv:132.0) Gecko/20100101 Firefox/132.0"
172.69.214.36 - - [13/Nov/2024:05:45:06 +0000] "GET /favicon.ico HTTP/2.0" 200 20457 "https://craftnanny.org/signin.php?" "Mozilla/5.0 (Windows NT 10.0; Win64; x64; rv:132.0) Gecko/20100101 Firefox/132.0"
172.69.214.168 - - [13/Nov/2024:05:45:07 +0000] "POST /code/main.php HTTP/2.0" 200 211 "https://craftnanny.org/signin.php?" "Mozilla/5.0 (Windows NT 10.0; Win64; x64; rv:132.0) Gecko/20100101 Firefox/132.0"
108.162.241.95 - - [13/Nov/2024:05:47:39 +0000] "GET /signin.php? HTTP/2.0" 200 1303 "https://craftnanny.org/index.php" "Mozilla/5.0 (Windows NT 10.0; Win64; x64; rv:132.0) Gecko/20100101 Firefox/132.0"
172.69.130.190 - - [13/Nov/2024:05:47:39 +0000] "GET /assets/js/vendor/modernizr.js HTTP/2.0" 200 11264 "https://craftnanny.org/signin.php?" "Mozilla/5.0 (Windows NT 10.0; Win64; x64; rv:132.0) Gecko/20100101 Firefox/132.0"
172.69.130.154 - - [13/Nov/2024:05:47:39 +0000] "GET /assets/js/vendor/jquery.js HTTP/2.0" 200 84732 "https://craftnanny.org/signin.php?" "Mozilla/5.0 (Windows NT 10.0; Win64; x64; rv:132.0) Gecko/20100101 Firefox/132.0"
108.162.241.93 - - [13/Nov/2024:05:47:39 +0000] "GET /assets/js/login.js?v=1.7 HTTP/2.0" 200 1701 "https://craftnanny.org/signin.php?" "Mozilla/5.0 (Windows NT 10.0; Win64; x64; rv:132.0) Gecko/20100101 Firefox/132.0"
172.69.214.37 - - [13/Nov/2024:05:47:39 +0000] "GET /favicon.ico HTTP/2.0" 200 20457 "https://craftnanny.org/signin.php?" "Mozilla/5.0 (Windows NT 10.0; Win64; x64; rv:132.0) Gecko/20100101 Firefox/132.0"
108.162.241.95 - - [13/Nov/2024:05:47:40 +0000] "POST /code/main.php HTTP/2.0" 200 211 "https://craftnanny.org/signin.php?" "Mozilla/5.0 (Windows NT 10.0; Win64; x64; rv:132.0) Gecko/20100101 Firefox/132.0"
108.162.241.73 - - [13/Nov/2024:05:49:07 +0000] "GET /signin.php? HTTP/2.0" 200 1303 "https://craftnanny.org/index.php" "Mozilla/5.0 (Windows NT 10.0; Win64; x64; rv:132.0) Gecko/20100101 Firefox/132.0"
172.69.130.190 - - [13/Nov/2024:05:49:08 +0000] "GET /assets/js/vendor/modernizr.js HTTP/2.0" 200 11264 "https://craftnanny.org/signin.php?" "Mozilla/5.0 (Windows NT 10.0; Win64; x64; rv:132.0) Gecko/20100101 Firefox/132.0"
108.162.241.93 - - [13/Nov/2024:05:49:08 +0000] "GET /assets/js/login.js?v=1.7 HTTP/2.0" 200 1811 "https://craftnanny.org/signin.php?" "Mozilla/5.0 (Windows NT 10.0; Win64; x64; rv:132.0) Gecko/20100101 Firefox/132.0"
172.69.130.154 - - [13/Nov/2024:05:49:08 +0000] "GET /assets/js/vendor/jquery.js HTTP/2.0" 200 84732 "https://craftnanny.org/signin.php?" "Mozilla/5.0 (Windows NT 10.0; Win64; x64; rv:132.0) Gecko/20100101 Firefox/132.0"
172.69.214.36 - - [13/Nov/2024:05:49:08 +0000] "GET /favicon.ico HTTP/2.0" 200 20457 "https://craftnanny.org/signin.php?" "Mozilla/5.0 (Windows NT 10.0; Win64; x64; rv:132.0) Gecko/20100101 Firefox/132.0"
108.162.241.73 - - [13/Nov/2024:05:49:09 +0000] "POST /code/main.php HTTP/2.0" 200 211 "https://craftnanny.org/signin.php?" "Mozilla/5.0 (Windows NT 10.0; Win64; x64; rv:132.0) Gecko/20100101 Firefox/132.0"
172.69.130.84 - - [13/Nov/2024:05:49:28 +0000] "GET /signin.php? HTTP/2.0" 200 1303 "https://craftnanny.org/index.php" "Mozilla/5.0 (Windows NT 10.0; Win64; x64; rv:132.0) Gecko/20100101 Firefox/132.0"
172.69.130.190 - - [13/Nov/2024:05:49:28 +0000] "GET /assets/js/vendor/modernizr.js HTTP/2.0" 200 11264 "https://craftnanny.org/signin.php?" "Mozilla/5.0 (Windows NT 10.0; Win64; x64; rv:132.0) Gecko/20100101 Firefox/132.0"
172.69.130.154 - - [13/Nov/2024:05:49:28 +0000] "GET /assets/js/vendor/jquery.js HTTP/2.0" 200 84732 "https://craftnanny.org/signin.php?" "Mozilla/5.0 (Windows NT 10.0; Win64; x64; rv:132.0) Gecko/20100101 Firefox/132.0"
108.162.241.93 - - [13/Nov/2024:05:49:28 +0000] "GET /assets/js/login.js?v=1.7 HTTP/2.0" 200 1811 "https://craftnanny.org/signin.php?" "Mozilla/5.0 (Windows NT 10.0; Win64; x64; rv:132.0) Gecko/20100101 Firefox/132.0"
172.69.214.36 - - [13/Nov/2024:05:49:28 +0000] "GET /favicon.ico HTTP/2.0" 200 20457 "https://craftnanny.org/signin.php?" "Mozilla/5.0 (Windows NT 10.0; Win64; x64; rv:132.0) Gecko/20100101 Firefox/132.0"
172.69.130.84 - - [13/Nov/2024:05:49:28 +0000] "POST /code/main.php HTTP/2.0" 200 211 "https://craftnanny.org/signin.php?" "Mozilla/5.0 (Windows NT 10.0; Win64; x64; rv:132.0) Gecko/20100101 Firefox/132.0"
172.70.50.5 - - [13/Nov/2024:05:50:02 +0000] "GET /signin.php? HTTP/2.0" 200 1303 "https://craftnanny.org/index.php" "Mozilla/5.0 (Windows NT 10.0; Win64; x64; rv:132.0) Gecko/20100101 Firefox/132.0"
172.69.130.190 - - [13/Nov/2024:05:50:03 +0000] "GET /assets/js/vendor/modernizr.js HTTP/2.0" 200 11264 "https://craftnanny.org/signin.php?" "Mozilla/5.0 (Windows NT 10.0; Win64; x64; rv:132.0) Gecko/20100101 Firefox/132.0"
172.69.130.154 - - [13/Nov/2024:05:50:03 +0000] "GET /assets/js/vendor/jquery.js HTTP/2.0" 200 84732 "https://craftnanny.org/signin.php?" "Mozilla/5.0 (Windows NT 10.0; Win64; x64; rv:132.0) Gecko/20100101 Firefox/132.0"
108.162.241.93 - - [13/Nov/2024:05:50:03 +0000] "GET /assets/js/login.js?v=1.7 HTTP/2.0" 200 1798 "https://craftnanny.org/signin.php?" "Mozilla/5.0 (Windows NT 10.0; Win64; x64; rv:132.0) Gecko/20100101 Firefox/132.0"
172.69.214.36 - - [13/Nov/2024:05:50:03 +0000] "GET /favicon.ico HTTP/2.0" 200 20457 "https://craftnanny.org/signin.php?" "Mozilla/5.0 (Windows NT 10.0; Win64; x64; rv:132.0) Gecko/20100101 Firefox/132.0"
172.70.50.5 - - [13/Nov/2024:05:50:03 +0000] "POST /code/main.php HTTP/2.0" 200 211 "https://craftnanny.org/signin.php?" "Mozilla/5.0 (Windows NT 10.0; Win64; x64; rv:132.0) Gecko/20100101 Firefox/132.0"
172.70.50.5 - - [13/Nov/2024:05:50:04 +0000] "GET /home.php HTTP/2.0" 200 2032 "-" "Mozilla/5.0 (Windows NT 10.0; Win64; x64; rv:132.0) Gecko/20100101 Firefox/132.0"
172.69.130.190 - - [13/Nov/2024:05:50:04 +0000] "GET /assets/js/vendor/modernizr.js HTTP/2.0" 200 11264 "https://craftnanny.org/home.php" "Mozilla/5.0 (Windows NT 10.0; Win64; x64; rv:132.0) Gecko/20100101 Firefox/132.0"
172.69.130.154 - - [13/Nov/2024:05:50:04 +0000] "GET /assets/js/vendor/jquery.js HTTP/2.0" 200 84732 "https://craftnanny.org/home.php" "Mozilla/5.0 (Windows NT 10.0; Win64; x64; rv:132.0) Gecko/20100101 Firefox/132.0"
172.69.130.22 - - [13/Nov/2024:05:50:04 +0000] "GET /assets/js/login_check.js HTTP/2.0" 200 408 "https://craftnanny.org/home.php" "Mozilla/5.0 (Windows NT 10.0; Win64; x64; rv:132.0) Gecko/20100101 Firefox/132.0"
108.162.241.195 - - [13/Nov/2024:05:50:04 +0000] "GET /assets/js/home.js HTTP/2.0" 200 2058 "https://craftnanny.org/home.php" "Mozilla/5.0 (Windows NT 10.0; Win64; x64; rv:132.0) Gecko/20100101 Firefox/132.0"
172.70.50.5 - - [13/Nov/2024:05:52:50 +0000] "GET /index.php HTTP/2.0" 200 2274 "https://craftnanny.org/home.php" "Mozilla/5.0 (Windows NT 10.0; Win64; x64; rv:132.0) Gecko/20100101 Firefox/132.0"
172.69.130.242 - - [13/Nov/2024:05:52:50 +0000] "GET /assets/js/foundation/foundation.orbit.js HTTP/2.0" 200 15596 "https://craftnanny.org/index.php" "Mozilla/5.0 (Windows NT 10.0; Win64; x64; rv:132.0) Gecko/20100101 Firefox/132.0"
172.69.130.154 - - [13/Nov/2024:05:52:50 +0000] "GET /assets/js/vendor/jquery.js HTTP/2.0" 200 84732 "https://craftnanny.org/index.php" "Mozilla/5.0 (Windows NT 10.0; Win64; x64; rv:132.0) Gecko/20100101 Firefox/132.0"
172.69.130.190 - - [13/Nov/2024:05:52:50 +0000] "GET /assets/js/vendor/modernizr.js HTTP/2.0" 200 11264 "https://craftnanny.org/index.php" "Mozilla/5.0 (Windows NT 10.0; Win64; x64; rv:132.0) Gecko/20100101 Firefox/132.0"
172.69.214.36 - - [13/Nov/2024:05:52:50 +0000] "GET /favicon.ico HTTP/2.0" 200 20457 "https://craftnanny.org/index.php" "Mozilla/5.0 (Windows NT 10.0; Win64; x64; rv:132.0) Gecko/20100101 Firefox/132.0"
172.70.50.5 - - [13/Nov/2024:05:52:51 +0000] "GET /signin.php? HTTP/2.0" 200 1303 "https://craftnanny.org/index.php" "Mozilla/5.0 (Windows NT 10.0; Win64; x64; rv:132.0) Gecko/20100101 Firefox/132.0"
172.69.130.190 - - [13/Nov/2024:05:52:51 +0000] "GET /assets/js/vendor/modernizr.js HTTP/2.0" 200 11264 "https://craftnanny.org/signin.php?" "Mozilla/5.0 (Windows NT 10.0; Win64; x64; rv:132.0) Gecko/20100101 Firefox/132.0"
172.69.130.154 - - [13/Nov/2024:05:52:51 +0000] "GET /assets/js/vendor/jquery.js HTTP/2.0" 200 84732 "https://craftnanny.org/signin.php?" "Mozilla/5.0 (Windows NT 10.0; Win64; x64; rv:132.0) Gecko/20100101 Firefox/132.0"
108.162.241.93 - - [13/Nov/2024:05:52:51 +0000] "GET /assets/js/login.js?v=1.7 HTTP/2.0" 200 1798 "https://craftnanny.org/signin.php?" "Mozilla/5.0 (Windows NT 10.0; Win64; x64; rv:132.0) Gecko/20100101 Firefox/132.0"
172.69.214.36 - - [13/Nov/2024:05:52:52 +0000] "GET /favicon.ico HTTP/2.0" 200 20457 "https://craftnanny.org/signin.php?" "Mozilla/5.0 (Windows NT 10.0; Win64; x64; rv:132.0) Gecko/20100101 Firefox/132.0"
172.70.50.5 - - [13/Nov/2024:05:52:52 +0000] "POST /code/main.php HTTP/2.0" 200 211 "https://craftnanny.org/signin.php?" "Mozilla/5.0 (Windows NT 10.0; Win64; x64; rv:132.0) Gecko/20100101 Firefox/132.0"
172.70.50.5 - - [13/Nov/2024:05:52:52 +0000] "GET /home.php HTTP/2.0" 200 2032 "-" "Mozilla/5.0 (Windows NT 10.0; Win64; x64; rv:132.0) Gecko/20100101 Firefox/132.0"
172.69.130.190 - - [13/Nov/2024:05:52:52 +0000] "GET /assets/js/vendor/modernizr.js HTTP/2.0" 200 11264 "https://craftnanny.org/home.php" "Mozilla/5.0 (Windows NT 10.0; Win64; x64; rv:132.0) Gecko/20100101 Firefox/132.0"
172.69.130.154 - - [13/Nov/2024:05:52:52 +0000] "GET /assets/js/vendor/jquery.js HTTP/2.0" 200 84732 "https://craftnanny.org/home.php" "Mozilla/5.0 (Windows NT 10.0; Win64; x64; rv:132.0) Gecko/20100101 Firefox/132.0"
172.69.130.23 - - [13/Nov/2024:05:52:53 +0000] "GET /assets/js/login_check.js HTTP/2.0" 200 758 "https://craftnanny.org/home.php" "Mozilla/5.0 (Windows NT 10.0; Win64; x64; rv:132.0) Gecko/20100101 Firefox/132.0"
108.162.241.194 - - [13/Nov/2024:05:52:53 +0000] "GET /assets/js/home.js HTTP/2.0" 200 2058 "https://craftnanny.org/home.php" "Mozilla/5.0 (Windows NT 10.0; Win64; x64; rv:132.0) Gecko/20100101 Firefox/132.0"
108.162.241.72 - - [13/Nov/2024:05:55:51 +0000] "GET /home.php HTTP/2.0" 200 2032 "-" "Mozilla/5.0 (Windows NT 10.0; Win64; x64; rv:132.0) Gecko/20100101 Firefox/132.0"
172.69.130.191 - - [13/Nov/2024:05:55:52 +0000] "GET /assets/js/vendor/modernizr.js HTTP/2.0" 200 11264 "https://craftnanny.org/home.php" "Mozilla/5.0 (Windows NT 10.0; Win64; x64; rv:132.0) Gecko/20100101 Firefox/132.0"
172.69.130.22 - - [13/Nov/2024:05:55:52 +0000] "GET /assets/js/login_check.js HTTP/2.0" 200 758 "https://craftnanny.org/home.php" "Mozilla/5.0 (Windows NT 10.0; Win64; x64; rv:132.0) Gecko/20100101 Firefox/132.0"
108.162.241.195 - - [13/Nov/2024:05:55:52 +0000] "GET /assets/js/home.js HTTP/2.0" 200 2058 "https://craftnanny.org/home.php" "Mozilla/5.0 (Windows NT 10.0; Win64; x64; rv:132.0) Gecko/20100101 Firefox/132.0"
172.69.130.154 - - [13/Nov/2024:05:55:52 +0000] "GET /assets/js/vendor/jquery.js HTTP/2.0" 200 84732 "https://craftnanny.org/home.php" "Mozilla/5.0 (Windows NT 10.0; Win64; x64; rv:132.0) Gecko/20100101 Firefox/132.0"
172.69.214.37 - - [13/Nov/2024:05:55:52 +0000] "GET /favicon.ico HTTP/2.0" 200 20457 "https://craftnanny.org/home.php" "Mozilla/5.0 (Windows NT 10.0; Win64; x64; rv:132.0) Gecko/20100101 Firefox/132.0"
108.162.241.72 - - [13/Nov/2024:05:55:53 +0000] "GET /index.php HTTP/2.0" 200 2274 "https://craftnanny.org/home.php" "Mozilla/5.0 (Windows NT 10.0; Win64; x64; rv:132.0) Gecko/20100101 Firefox/132.0"
172.69.130.191 - - [13/Nov/2024:05:55:53 +0000] "GET /assets/js/vendor/modernizr.js HTTP/2.0" 200 11264 "https://craftnanny.org/index.php" "Mozilla/5.0 (Windows NT 10.0; Win64; x64; rv:132.0) Gecko/20100101 Firefox/132.0"
172.69.130.154 - - [13/Nov/2024:05:55:53 +0000] "GET /assets/js/vendor/jquery.js HTTP/2.0" 200 84732 "https://craftnanny.org/index.php" "Mozilla/5.0 (Windows NT 10.0; Win64; x64; rv:132.0) Gecko/20100101 Firefox/132.0"
172.69.130.242 - - [13/Nov/2024:05:55:53 +0000] "GET /assets/js/foundation/foundation.orbit.js HTTP/2.0" 200 15596 "https://craftnanny.org/index.php" "Mozilla/5.0 (Windows NT 10.0; Win64; x64; rv:132.0) Gecko/20100101 Firefox/132.0"
172.69.214.168 - - [13/Nov/2024:05:55:54 +0000] "GET /index.php HTTP/2.0" 200 2274 "https://craftnanny.org/home.php" "Mozilla/5.0 (Windows NT 10.0; Win64; x64; rv:132.0) Gecko/20100101 Firefox/132.0"
172.69.130.191 - - [13/Nov/2024:05:55:54 +0000] "GET /assets/js/vendor/modernizr.js HTTP/2.0" 200 11264 "https://craftnanny.org/index.php" "Mozilla/5.0 (Windows NT 10.0; Win64; x64; rv:132.0) Gecko/20100101 Firefox/132.0"
172.69.130.154 - - [13/Nov/2024:05:55:54 +0000] "GET /assets/js/vendor/jquery.js HTTP/2.0" 200 84732 "https://craftnanny.org/index.php" "Mozilla/5.0 (Windows NT 10.0; Win64; x64; rv:132.0) Gecko/20100101 Firefox/132.0"
172.69.130.242 - - [13/Nov/2024:05:55:54 +0000] "GET /assets/js/foundation/foundation.orbit.js HTTP/2.0" 200 15596 "https://craftnanny.org/index.php" "Mozilla/5.0 (Windows NT 10.0; Win64; x64; rv:132.0) Gecko/20100101 Firefox/132.0"
172.69.214.37 - - [13/Nov/2024:05:55:54 +0000] "GET /favicon.ico HTTP/2.0" 200 20457 "https://craftnanny.org/index.php" "Mozilla/5.0 (Windows NT 10.0; Win64; x64; rv:132.0) Gecko/20100101 Firefox/132.0"
172.69.214.168 - - [13/Nov/2024:05:55:55 +0000] "GET /signin.php? HTTP/2.0" 200 1303 "https://craftnanny.org/index.php" "Mozilla/5.0 (Windows NT 10.0; Win64; x64; rv:132.0) Gecko/20100101 Firefox/132.0"
172.69.130.191 - - [13/Nov/2024:05:55:55 +0000] "GET /assets/js/vendor/modernizr.js HTTP/2.0" 200 11264 "https://craftnanny.org/signin.php?" "Mozilla/5.0 (Windows NT 10.0; Win64; x64; rv:132.0) Gecko/20100101 Firefox/132.0"
172.69.130.154 - - [13/Nov/2024:05:55:55 +0000] "GET /assets/js/vendor/jquery.js HTTP/2.0" 200 84732 "https://craftnanny.org/signin.php?" "Mozilla/5.0 (Windows NT 10.0; Win64; x64; rv:132.0) Gecko/20100101 Firefox/132.0"
108.162.241.93 - - [13/Nov/2024:05:55:55 +0000] "GET /assets/js/login.js?v=1.7 HTTP/2.0" 200 2904 "https://craftnanny.org/signin.php?" "Mozilla/5.0 (Windows NT 10.0; Win64; x64; rv:132.0) Gecko/20100101 Firefox/132.0"
172.69.214.168 - - [13/Nov/2024:05:55:56 +0000] "POST /code/main.php HTTP/2.0" 200 211 "https://craftnanny.org/signin.php?" "Mozilla/5.0 (Windows NT 10.0; Win64; x64; rv:132.0) Gecko/20100101 Firefox/132.0"
172.69.130.84 - - [13/Nov/2024:05:56:04 +0000] "GET /signin.php? HTTP/2.0" 200 1303 "https://craftnanny.org/index.php" "Mozilla/5.0 (Windows NT 10.0; Win64; x64; rv:132.0) Gecko/20100101 Firefox/132.0"
172.69.130.191 - - [13/Nov/2024:05:56:04 +0000] "GET /assets/js/vendor/modernizr.js HTTP/2.0" 200 11264 "https://craftnanny.org/signin.php?" "Mozilla/5.0 (Windows NT 10.0; Win64; x64; rv:132.0) Gecko/20100101 Firefox/132.0"
172.69.130.154 - - [13/Nov/2024:05:56:04 +0000] "GET /assets/js/vendor/jquery.js HTTP/2.0" 200 84732 "https://craftnanny.org/signin.php?" "Mozilla/5.0 (Windows NT 10.0; Win64; x64; rv:132.0) Gecko/20100101 Firefox/132.0"
108.162.241.93 - - [13/Nov/2024:05:56:04 +0000] "GET /assets/js/login.js?v=1.7 HTTP/2.0" 200 2904 "https://craftnanny.org/signin.php?" "Mozilla/5.0 (Windows NT 10.0; Win64; x64; rv:132.0) Gecko/20100101 Firefox/132.0"
172.69.214.37 - - [13/Nov/2024:05:56:04 +0000] "GET /favicon.ico HTTP/2.0" 200 20457 "https://craftnanny.org/signin.php?" "Mozilla/5.0 (Windows NT 10.0; Win64; x64; rv:132.0) Gecko/20100101 Firefox/132.0"
172.69.130.84 - - [13/Nov/2024:05:56:05 +0000] "POST /code/main.php HTTP/2.0" 200 211 "https://craftnanny.org/signin.php?" "Mozilla/5.0 (Windows NT 10.0; Win64; x64; rv:132.0) Gecko/20100101 Firefox/132.0"
172.69.130.84 - - [13/Nov/2024:05:56:34 +0000] "POST /code/main.php HTTP/2.0" 200 193 "https://craftnanny.org/signin.php?" "Mozilla/5.0 (Windows NT 10.0; Win64; x64; rv:132.0) Gecko/20100101 Firefox/132.0"
172.69.214.204 - - [13/Nov/2024:05:56:47 +0000] "GET /signin.php? HTTP/2.0" 200 1303 "https://craftnanny.org/index.php" "Mozilla/5.0 (Windows NT 10.0; Win64; x64; rv:132.0) Gecko/20100101 Firefox/132.0"
172.69.130.191 - - [13/Nov/2024:05:56:48 +0000] "GET /assets/js/vendor/modernizr.js HTTP/2.0" 200 11264 "https://craftnanny.org/signin.php?" "Mozilla/5.0 (Windows NT 10.0; Win64; x64; rv:132.0) Gecko/20100101 Firefox/132.0"
172.69.130.154 - - [13/Nov/2024:05:56:48 +0000] "GET /assets/js/vendor/jquery.js HTTP/2.0" 200 84732 "https://craftnanny.org/signin.php?" "Mozilla/5.0 (Windows NT 10.0; Win64; x64; rv:132.0) Gecko/20100101 Firefox/132.0"
108.162.241.93 - - [13/Nov/2024:05:56:48 +0000] "GET /assets/js/login.js?v=1.7 HTTP/2.0" 200 2904 "https://craftnanny.org/signin.php?" "Mozilla/5.0 (Windows NT 10.0; Win64; x64; rv:132.0) Gecko/20100101 Firefox/132.0"
172.69.214.37 - - [13/Nov/2024:05:56:48 +0000] "GET /favicon.ico HTTP/2.0" 200 20457 "https://craftnanny.org/signin.php?" "Mozilla/5.0 (Windows NT 10.0; Win64; x64; rv:132.0) Gecko/20100101 Firefox/132.0"
172.69.214.204 - - [13/Nov/2024:05:56:49 +0000] "POST /code/main.php HTTP/2.0" 200 211 "https://craftnanny.org/signin.php?" "Mozilla/5.0 (Windows NT 10.0; Win64; x64; rv:132.0) Gecko/20100101 Firefox/132.0"
172.69.214.135 - - [13/Nov/2024:05:57:19 +0000] "GET /signin.php? HTTP/2.0" 200 1303 "https://craftnanny.org/index.php" "Mozilla/5.0 (Windows NT 10.0; Win64; x64; rv:132.0) Gecko/20100101 Firefox/132.0"
172.69.130.191 - - [13/Nov/2024:05:57:19 +0000] "GET /assets/js/vendor/modernizr.js HTTP/2.0" 200 11264 "https://craftnanny.org/signin.php?" "Mozilla/5.0 (Windows NT 10.0; Win64; x64; rv:132.0) Gecko/20100101 Firefox/132.0"
108.162.241.93 - - [13/Nov/2024:05:57:19 +0000] "GET /assets/js/login.js?v=1.7 HTTP/2.0" 200 2904 "https://craftnanny.org/signin.php?" "Mozilla/5.0 (Windows NT 10.0; Win64; x64; rv:132.0) Gecko/20100101 Firefox/132.0"
172.69.130.154 - - [13/Nov/2024:05:57:19 +0000] "GET /assets/js/vendor/jquery.js HTTP/2.0" 200 84732 "https://craftnanny.org/signin.php?" "Mozilla/5.0 (Windows NT 10.0; Win64; x64; rv:132.0) Gecko/20100101 Firefox/132.0"
172.69.214.37 - - [13/Nov/2024:05:57:20 +0000] "GET /favicon.ico HTTP/2.0" 200 20457 "https://craftnanny.org/signin.php?" "Mozilla/5.0 (Windows NT 10.0; Win64; x64; rv:132.0) Gecko/20100101 Firefox/132.0"
172.69.214.135 - - [13/Nov/2024:05:57:20 +0000] "POST /code/main.php HTTP/2.0" 200 211 "https://craftnanny.org/signin.php?" "Mozilla/5.0 (Windows NT 10.0; Win64; x64; rv:132.0) Gecko/20100101 Firefox/132.0"
108.162.241.72 - - [13/Nov/2024:05:57:52 +0000] "GET /signin.php? HTTP/2.0" 200 1303 "https://craftnanny.org/index.php" "Mozilla/5.0 (Windows NT 10.0; Win64; x64; rv:132.0) Gecko/20100101 Firefox/132.0"
108.162.241.93 - - [13/Nov/2024:05:57:52 +0000] "GET /assets/js/login.js?v=1.7 HTTP/2.0" 200 2904 "https://craftnanny.org/signin.php?" "Mozilla/5.0 (Windows NT 10.0; Win64; x64; rv:132.0) Gecko/20100101 Firefox/132.0"
172.69.130.191 - - [13/Nov/2024:05:57:52 +0000] "GET /assets/js/vendor/modernizr.js HTTP/2.0" 200 11264 "https://craftnanny.org/signin.php?" "Mozilla/5.0 (Windows NT 10.0; Win64; x64; rv:132.0) Gecko/20100101 Firefox/132.0"
172.69.130.154 - - [13/Nov/2024:05:57:52 +0000] "GET /assets/js/vendor/jquery.js HTTP/2.0" 200 84732 "https://craftnanny.org/signin.php?" "Mozilla/5.0 (Windows NT 10.0; Win64; x64; rv:132.0) Gecko/20100101 Firefox/132.0"
172.69.214.37 - - [13/Nov/2024:05:57:53 +0000] "GET /favicon.ico HTTP/2.0" 200 20457 "https://craftnanny.org/signin.php?" "Mozilla/5.0 (Windows NT 10.0; Win64; x64; rv:132.0) Gecko/20100101 Firefox/132.0"
108.162.241.72 - - [13/Nov/2024:05:57:53 +0000] "POST /code/main.php HTTP/2.0" 200 211 "https://craftnanny.org/signin.php?" "Mozilla/5.0 (Windows NT 10.0; Win64; x64; rv:132.0) Gecko/20100101 Firefox/132.0"
172.70.50.4 - - [13/Nov/2024:06:05:55 +0000] "GET /signin.php? HTTP/2.0" 200 1303 "https://craftnanny.org/index.php" "Mozilla/5.0 (Windows NT 10.0; Win64; x64; rv:132.0) Gecko/20100101 Firefox/132.0"
172.69.130.190 - - [13/Nov/2024:06:05:55 +0000] "GET /assets/js/vendor/modernizr.js HTTP/2.0" 200 11264 "https://craftnanny.org/signin.php?" "Mozilla/5.0 (Windows NT 10.0; Win64; x64; rv:132.0) Gecko/20100101 Firefox/132.0"
108.162.241.92 - - [13/Nov/2024:06:05:55 +0000] "GET /assets/js/login.js?v=1.7 HTTP/2.0" 200 1726 "https://craftnanny.org/signin.php?" "Mozilla/5.0 (Windows NT 10.0; Win64; x64; rv:132.0) Gecko/20100101 Firefox/132.0"
172.69.130.155 - - [13/Nov/2024:06:05:55 +0000] "GET /assets/js/vendor/jquery.js HTTP/2.0" 200 84732 "https://craftnanny.org/signin.php?" "Mozilla/5.0 (Windows NT 10.0; Win64; x64; rv:132.0) Gecko/20100101 Firefox/132.0"
172.69.214.36 - - [13/Nov/2024:06:05:56 +0000] "GET /favicon.ico HTTP/2.0" 200 20457 "https://craftnanny.org/signin.php?" "Mozilla/5.0 (Windows NT 10.0; Win64; x64; rv:132.0) Gecko/20100101 Firefox/132.0"
172.70.50.4 - - [13/Nov/2024:06:05:56 +0000] "POST /code/main.php HTTP/2.0" 200 211 "https://craftnanny.org/signin.php?" "Mozilla/5.0 (Windows NT 10.0; Win64; x64; rv:132.0) Gecko/20100101 Firefox/132.0"
172.69.130.167 - - [13/Nov/2024:06:06:22 +0000] "GET /signin.php? HTTP/2.0" 200 1303 "https://craftnanny.org/index.php" "Mozilla/5.0 (Windows NT 10.0; Win64; x64; rv:132.0) Gecko/20100101 Firefox/132.0"
172.69.130.190 - - [13/Nov/2024:06:06:22 +0000] "GET /assets/js/vendor/modernizr.js HTTP/2.0" 200 11264 "https://craftnanny.org/signin.php?" "Mozilla/5.0 (Windows NT 10.0; Win64; x64; rv:132.0) Gecko/20100101 Firefox/132.0"
172.69.130.155 - - [13/Nov/2024:06:06:22 +0000] "GET /assets/js/vendor/jquery.js HTTP/2.0" 200 84732 "https://craftnanny.org/signin.php?" "Mozilla/5.0 (Windows NT 10.0; Win64; x64; rv:132.0) Gecko/20100101 Firefox/132.0"
108.162.241.92 - - [13/Nov/2024:06:06:22 +0000] "GET /assets/js/login.js?v=1.7 HTTP/2.0" 200 1030 "https://craftnanny.org/signin.php?" "Mozilla/5.0 (Windows NT 10.0; Win64; x64; rv:132.0) Gecko/20100101 Firefox/132.0"
172.69.214.36 - - [13/Nov/2024:06:06:23 +0000] "GET /favicon.ico HTTP/2.0" 200 20457 "https://craftnanny.org/signin.php?" "Mozilla/5.0 (Windows NT 10.0; Win64; x64; rv:132.0) Gecko/20100101 Firefox/132.0"
172.69.130.167 - - [13/Nov/2024:06:06:23 +0000] "POST /code/main.php HTTP/2.0" 200 211 "https://craftnanny.org/signin.php?" "Mozilla/5.0 (Windows NT 10.0; Win64; x64; rv:132.0) Gecko/20100101 Firefox/132.0"
108.162.241.94 - - [13/Nov/2024:06:06:26 +0000] "GET /signin.php? HTTP/2.0" 200 1303 "https://craftnanny.org/index.php" "Mozilla/5.0 (Windows NT 10.0; Win64; x64; rv:132.0) Gecko/20100101 Firefox/132.0"
172.69.130.190 - - [13/Nov/2024:06:06:27 +0000] "GET /assets/js/vendor/modernizr.js HTTP/2.0" 200 11264 "https://craftnanny.org/signin.php?" "Mozilla/5.0 (Windows NT 10.0; Win64; x64; rv:132.0) Gecko/20100101 Firefox/132.0"
108.162.241.92 - - [13/Nov/2024:06:06:27 +0000] "GET /assets/js/login.js?v=1.7 HTTP/2.0" 200 1030 "https://craftnanny.org/signin.php?" "Mozilla/5.0 (Windows NT 10.0; Win64; x64; rv:132.0) Gecko/20100101 Firefox/132.0"
172.69.130.155 - - [13/Nov/2024:06:06:27 +0000] "GET /assets/js/vendor/jquery.js HTTP/2.0" 200 84732 "https://craftnanny.org/signin.php?" "Mozilla/5.0 (Windows NT 10.0; Win64; x64; rv:132.0) Gecko/20100101 Firefox/132.0"
172.69.214.36 - - [13/Nov/2024:06:06:27 +0000] "GET /favicon.ico HTTP/2.0" 200 20457 "https://craftnanny.org/signin.php?" "Mozilla/5.0 (Windows NT 10.0; Win64; x64; rv:132.0) Gecko/20100101 Firefox/132.0"
108.162.241.94 - - [13/Nov/2024:06:06:28 +0000] "POST /code/main.php HTTP/2.0" 200 211 "https://craftnanny.org/signin.php?" "Mozilla/5.0 (Windows NT 10.0; Win64; x64; rv:132.0) Gecko/20100101 Firefox/132.0"
172.70.80.73 - - [13/Nov/2024:06:06:49 +0000] "GET /signin.php? HTTP/2.0" 200 1303 "https://craftnanny.org/index.php" "Mozilla/5.0 (Windows NT 10.0; Win64; x64; rv:132.0) Gecko/20100101 Firefox/132.0"
172.69.130.155 - - [13/Nov/2024:06:06:49 +0000] "GET /assets/js/vendor/jquery.js HTTP/2.0" 200 84732 "https://craftnanny.org/signin.php?" "Mozilla/5.0 (Windows NT 10.0; Win64; x64; rv:132.0) Gecko/20100101 Firefox/132.0"
172.69.130.190 - - [13/Nov/2024:06:06:49 +0000] "GET /assets/js/vendor/modernizr.js HTTP/2.0" 200 11264 "https://craftnanny.org/signin.php?" "Mozilla/5.0 (Windows NT 10.0; Win64; x64; rv:132.0) Gecko/20100101 Firefox/132.0"
108.162.241.92 - - [13/Nov/2024:06:06:49 +0000] "GET /assets/js/login.js?v=1.7 HTTP/2.0" 200 1030 "https://craftnanny.org/signin.php?" "Mozilla/5.0 (Windows NT 10.0; Win64; x64; rv:132.0) Gecko/20100101 Firefox/132.0"
172.69.214.36 - - [13/Nov/2024:06:06:50 +0000] "GET /favicon.ico HTTP/2.0" 200 20457 "https://craftnanny.org/signin.php?" "Mozilla/5.0 (Windows NT 10.0; Win64; x64; rv:132.0) Gecko/20100101 Firefox/132.0"
172.70.80.73 - - [13/Nov/2024:06:06:50 +0000] "POST /code/main.php HTTP/2.0" 200 211 "https://craftnanny.org/signin.php?" "Mozilla/5.0 (Windows NT 10.0; Win64; x64; rv:132.0) Gecko/20100101 Firefox/132.0"
172.69.214.205 - - [13/Nov/2024:06:07:07 +0000] "GET /signin.php? HTTP/2.0" 200 1303 "https://craftnanny.org/index.php" "Mozilla/5.0 (Windows NT 10.0; Win64; x64; rv:132.0) Gecko/20100101 Firefox/132.0"
172.69.130.155 - - [13/Nov/2024:06:07:07 +0000] "GET /assets/js/vendor/jquery.js HTTP/2.0" 200 84732 "https://craftnanny.org/signin.php?" "Mozilla/5.0 (Windows NT 10.0; Win64; x64; rv:132.0) Gecko/20100101 Firefox/132.0"
172.69.130.190 - - [13/Nov/2024:06:07:07 +0000] "GET /assets/js/vendor/modernizr.js HTTP/2.0" 200 11264 "https://craftnanny.org/signin.php?" "Mozilla/5.0 (Windows NT 10.0; Win64; x64; rv:132.0) Gecko/20100101 Firefox/132.0"
108.162.241.92 - - [13/Nov/2024:06:07:07 +0000] "GET /assets/js/login.js?v=1.7 HTTP/2.0" 200 1030 "https://craftnanny.org/signin.php?" "Mozilla/5.0 (Windows NT 10.0; Win64; x64; rv:132.0) Gecko/20100101 Firefox/132.0"
172.69.214.36 - - [13/Nov/2024:06:07:08 +0000] "GET /favicon.ico HTTP/2.0" 200 20457 "https://craftnanny.org/signin.php?" "Mozilla/5.0 (Windows NT 10.0; Win64; x64; rv:132.0) Gecko/20100101 Firefox/132.0"
172.69.214.205 - - [13/Nov/2024:06:07:08 +0000] "POST /code/main.php HTTP/2.0" 200 211 "https://craftnanny.org/signin.php?" "Mozilla/5.0 (Windows NT 10.0; Win64; x64; rv:132.0) Gecko/20100101 Firefox/132.0"
172.69.130.85 - - [13/Nov/2024:06:07:33 +0000] "GET /signin.php? HTTP/2.0" 200 1303 "https://craftnanny.org/index.php" "Mozilla/5.0 (Windows NT 10.0; Win64; x64; rv:132.0) Gecko/20100101 Firefox/132.0"
172.69.130.190 - - [13/Nov/2024:06:07:33 +0000] "GET /assets/js/vendor/modernizr.js HTTP/2.0" 200 11264 "https://craftnanny.org/signin.php?" "Mozilla/5.0 (Windows NT 10.0; Win64; x64; rv:132.0) Gecko/20100101 Firefox/132.0"
172.69.130.155 - - [13/Nov/2024:06:07:33 +0000] "GET /assets/js/vendor/jquery.js HTTP/2.0" 200 84732 "https://craftnanny.org/signin.php?" "Mozilla/5.0 (Windows NT 10.0; Win64; x64; rv:132.0) Gecko/20100101 Firefox/132.0"
108.162.241.92 - - [13/Nov/2024:06:07:33 +0000] "GET /assets/js/login.js?v=1.7 HTTP/2.0" 200 1028 "https://craftnanny.org/signin.php?" "Mozilla/5.0 (Windows NT 10.0; Win64; x64; rv:132.0) Gecko/20100101 Firefox/132.0"
172.69.214.36 - - [13/Nov/2024:06:07:33 +0000] "GET /favicon.ico HTTP/2.0" 200 20457 "https://craftnanny.org/signin.php?" "Mozilla/5.0 (Windows NT 10.0; Win64; x64; rv:132.0) Gecko/20100101 Firefox/132.0"
172.69.130.85 - - [13/Nov/2024:06:07:34 +0000] "POST /code/main.php HTTP/2.0" 200 211 "https://craftnanny.org/signin.php?" "Mozilla/5.0 (Windows NT 10.0; Win64; x64; rv:132.0) Gecko/20100101 Firefox/132.0"
172.70.80.156 - - [13/Nov/2024:06:07:41 +0000] "GET /signin.php? HTTP/2.0" 200 1303 "https://craftnanny.org/index.php" "Mozilla/5.0 (Windows NT 10.0; Win64; x64; rv:132.0) Gecko/20100101 Firefox/132.0"
108.162.241.92 - - [13/Nov/2024:06:07:42 +0000] "GET /assets/js/login.js?v=1.7 HTTP/2.0" 200 1028 "https://craftnanny.org/signin.php?" "Mozilla/5.0 (Windows NT 10.0; Win64; x64; rv:132.0) Gecko/20100101 Firefox/132.0"
172.69.130.155 - - [13/Nov/2024:06:07:42 +0000] "GET /assets/js/vendor/jquery.js HTTP/2.0" 200 84732 "https://craftnanny.org/signin.php?" "Mozilla/5.0 (Windows NT 10.0; Win64; x64; rv:132.0) Gecko/20100101 Firefox/132.0"
172.69.130.190 - - [13/Nov/2024:06:07:42 +0000] "GET /assets/js/vendor/modernizr.js HTTP/2.0" 200 11264 "https://craftnanny.org/signin.php?" "Mozilla/5.0 (Windows NT 10.0; Win64; x64; rv:132.0) Gecko/20100101 Firefox/132.0"
172.69.214.36 - - [13/Nov/2024:06:07:42 +0000] "GET /favicon.ico HTTP/2.0" 200 20457 "https://craftnanny.org/signin.php?" "Mozilla/5.0 (Windows NT 10.0; Win64; x64; rv:132.0) Gecko/20100101 Firefox/132.0"
172.70.80.156 - - [13/Nov/2024:06:07:43 +0000] "POST /code/main.php HTTP/2.0" 200 211 "https://craftnanny.org/signin.php?" "Mozilla/5.0 (Windows NT 10.0; Win64; x64; rv:132.0) Gecko/20100101 Firefox/132.0"
172.70.80.156 - - [13/Nov/2024:06:07:53 +0000] "GET /index.php HTTP/2.0" 200 2274 "https://craftnanny.org/signin.php?" "Mozilla/5.0 (Windows NT 10.0; Win64; x64; rv:132.0) Gecko/20100101 Firefox/132.0"
172.69.130.155 - - [13/Nov/2024:06:07:54 +0000] "GET /assets/js/vendor/jquery.js HTTP/2.0" 200 84732 "https://craftnanny.org/index.php" "Mozilla/5.0 (Windows NT 10.0; Win64; x64; rv:132.0) Gecko/20100101 Firefox/132.0"
172.69.130.190 - - [13/Nov/2024:06:07:54 +0000] "GET /assets/js/vendor/modernizr.js HTTP/2.0" 200 11264 "https://craftnanny.org/index.php" "Mozilla/5.0 (Windows NT 10.0; Win64; x64; rv:132.0) Gecko/20100101 Firefox/132.0"
172.69.130.242 - - [13/Nov/2024:06:07:54 +0000] "GET /assets/js/foundation/foundation.orbit.js HTTP/2.0" 200 15596 "https://craftnanny.org/index.php" "Mozilla/5.0 (Windows NT 10.0; Win64; x64; rv:132.0) Gecko/20100101 Firefox/132.0"
172.69.214.36 - - [13/Nov/2024:06:07:54 +0000] "GET /favicon.ico HTTP/2.0" 200 20457 "https://craftnanny.org/index.php" "Mozilla/5.0 (Windows NT 10.0; Win64; x64; rv:132.0) Gecko/20100101 Firefox/132.0"
172.70.80.156 - - [13/Nov/2024:06:07:54 +0000] "GET /signin.php? HTTP/2.0" 200 1303 "https://craftnanny.org/index.php" "Mozilla/5.0 (Windows NT 10.0; Win64; x64; rv:132.0) Gecko/20100101 Firefox/132.0"
172.69.130.190 - - [13/Nov/2024:06:07:54 +0000] "GET /assets/js/vendor/modernizr.js HTTP/2.0" 200 11264 "https://craftnanny.org/signin.php?" "Mozilla/5.0 (Windows NT 10.0; Win64; x64; rv:132.0) Gecko/20100101 Firefox/132.0"
172.69.130.155 - - [13/Nov/2024:06:07:54 +0000] "GET /assets/js/vendor/jquery.js HTTP/2.0" 200 84732 "https://craftnanny.org/signin.php?" "Mozilla/5.0 (Windows NT 10.0; Win64; x64; rv:132.0) Gecko/20100101 Firefox/132.0"
108.162.241.92 - - [13/Nov/2024:06:07:54 +0000] "GET /assets/js/login.js?v=1.7 HTTP/2.0" 200 1028 "https://craftnanny.org/signin.php?" "Mozilla/5.0 (Windows NT 10.0; Win64; x64; rv:132.0) Gecko/20100101 Firefox/132.0"
172.70.80.156 - - [13/Nov/2024:06:07:55 +0000] "POST /code/main.php HTTP/2.0" 200 211 "https://craftnanny.org/signin.php?" "Mozilla/5.0 (Windows NT 10.0; Win64; x64; rv:132.0) Gecko/20100101 Firefox/132.0"
108.162.241.95 - - [13/Nov/2024:06:09:46 +0000] "GET /signin.php? HTTP/2.0" 200 1303 "https://craftnanny.org/index.php" "Mozilla/5.0 (Windows NT 10.0; Win64; x64; rv:132.0) Gecko/20100101 Firefox/132.0"
108.162.241.93 - - [13/Nov/2024:06:09:46 +0000] "GET /assets/js/login.js?v=1.7 HTTP/2.0" 200 1028 "https://craftnanny.org/signin.php?" "Mozilla/5.0 (Windows NT 10.0; Win64; x64; rv:132.0) Gecko/20100101 Firefox/132.0"
172.69.130.191 - - [13/Nov/2024:06:09:46 +0000] "GET /assets/js/vendor/modernizr.js HTTP/2.0" 200 11264 "https://craftnanny.org/signin.php?" "Mozilla/5.0 (Windows NT 10.0; Win64; x64; rv:132.0) Gecko/20100101 Firefox/132.0"
172.69.130.154 - - [13/Nov/2024:06:09:46 +0000] "GET /assets/js/vendor/jquery.js HTTP/2.0" 200 84732 "https://craftnanny.org/signin.php?" "Mozilla/5.0 (Windows NT 10.0; Win64; x64; rv:132.0) Gecko/20100101 Firefox/132.0"
172.69.214.36 - - [13/Nov/2024:06:09:47 +0000] "GET /favicon.ico HTTP/2.0" 200 20457 "https://craftnanny.org/signin.php?" "Mozilla/5.0 (Windows NT 10.0; Win64; x64; rv:132.0) Gecko/20100101 Firefox/132.0"
108.162.241.95 - - [13/Nov/2024:06:09:49 +0000] "POST /code/main.php HTTP/2.0" 200 211 "https://craftnanny.org/signin.php?" "Mozilla/5.0 (Windows NT 10.0; Win64; x64; rv:132.0) Gecko/20100101 Firefox/132.0"
108.162.241.95 - - [13/Nov/2024:06:11:52 +0000] "GET /signin.php? HTTP/2.0" 200 1303 "https://craftnanny.org/index.php" "Mozilla/5.0 (Windows NT 10.0; Win64; x64; rv:132.0) Gecko/20100101 Firefox/132.0"
172.69.130.191 - - [13/Nov/2024:06:11:52 +0000] "GET /assets/js/vendor/modernizr.js HTTP/2.0" 200 11264 "https://craftnanny.org/signin.php?" "Mozilla/5.0 (Windows NT 10.0; Win64; x64; rv:132.0) Gecko/20100101 Firefox/132.0"
108.162.241.93 - - [13/Nov/2024:06:11:52 +0000] "GET /assets/js/login.js?v=1.7 HTTP/2.0" 200 1028 "https://craftnanny.org/signin.php?" "Mozilla/5.0 (Windows NT 10.0; Win64; x64; rv:132.0) Gecko/20100101 Firefox/132.0"
172.69.130.154 - - [13/Nov/2024:06:11:52 +0000] "GET /assets/js/vendor/jquery.js HTTP/2.0" 200 84732 "https://craftnanny.org/signin.php?" "Mozilla/5.0 (Windows NT 10.0; Win64; x64; rv:132.0) Gecko/20100101 Firefox/132.0"
172.69.214.37 - - [13/Nov/2024:06:11:52 +0000] "GET /favicon.ico HTTP/2.0" 200 20457 "https://craftnanny.org/signin.php?" "Mozilla/5.0 (Windows NT 10.0; Win64; x64; rv:132.0) Gecko/20100101 Firefox/132.0"
108.162.241.95 - - [13/Nov/2024:06:11:53 +0000] "POST /code/main.php HTTP/2.0" 200 211 "https://craftnanny.org/signin.php?" "Mozilla/5.0 (Windows NT 10.0; Win64; x64; rv:132.0) Gecko/20100101 Firefox/132.0"
108.162.241.95 - - [13/Nov/2024:06:12:43 +0000] "GET /signin.php? HTTP/2.0" 200 1303 "https://craftnanny.org/index.php" "Mozilla/5.0 (Windows NT 10.0; Win64; x64; rv:132.0) Gecko/20100101 Firefox/132.0"
172.69.130.191 - - [13/Nov/2024:06:12:43 +0000] "GET /assets/js/vendor/modernizr.js HTTP/2.0" 200 11264 "https://craftnanny.org/signin.php?" "Mozilla/5.0 (Windows NT 10.0; Win64; x64; rv:132.0) Gecko/20100101 Firefox/132.0"
108.162.241.93 - - [13/Nov/2024:06:12:43 +0000] "GET /assets/js/login.js?v=1.7 HTTP/2.0" 200 1028 "https://craftnanny.org/signin.php?" "Mozilla/5.0 (Windows NT 10.0; Win64; x64; rv:132.0) Gecko/20100101 Firefox/132.0"
172.69.130.154 - - [13/Nov/2024:06:12:43 +0000] "GET /assets/js/vendor/jquery.js HTTP/2.0" 200 84732 "https://craftnanny.org/signin.php?" "Mozilla/5.0 (Windows NT 10.0; Win64; x64; rv:132.0) Gecko/20100101 Firefox/132.0"
172.69.214.37 - - [13/Nov/2024:06:12:43 +0000] "GET /favicon.ico HTTP/2.0" 200 20457 "https://craftnanny.org/signin.php?" "Mozilla/5.0 (Windows NT 10.0; Win64; x64; rv:132.0) Gecko/20100101 Firefox/132.0"
108.162.241.95 - - [13/Nov/2024:06:12:44 +0000] "POST /code/main.php HTTP/2.0" 200 211 "https://craftnanny.org/signin.php?" "Mozilla/5.0 (Windows NT 10.0; Win64; x64; rv:132.0) Gecko/20100101 Firefox/132.0"
172.70.80.72 - - [13/Nov/2024:06:13:36 +0000] "GET /signin.php? HTTP/2.0" 200 1280 "https://craftnanny.org/index.php" "Mozilla/5.0 (Windows NT 10.0; Win64; x64; rv:132.0) Gecko/20100101 Firefox/132.0"
172.69.130.191 - - [13/Nov/2024:06:13:36 +0000] "GET /assets/js/vendor/modernizr.js HTTP/2.0" 200 11264 "https://craftnanny.org/signin.php?" "Mozilla/5.0 (Windows NT 10.0; Win64; x64; rv:132.0) Gecko/20100101 Firefox/132.0"
172.69.130.154 - - [13/Nov/2024:06:13:36 +0000] "GET /assets/js/vendor/jquery.js HTTP/2.0" 200 84732 "https://craftnanny.org/signin.php?" "Mozilla/5.0 (Windows NT 10.0; Win64; x64; rv:132.0) Gecko/20100101 Firefox/132.0"
172.69.214.37 - - [13/Nov/2024:06:13:36 +0000] "GET /favicon.ico HTTP/2.0" 200 20457 "https://craftnanny.org/signin.php?" "Mozilla/5.0 (Windows NT 10.0; Win64; x64; rv:132.0) Gecko/20100101 Firefox/132.0"
172.70.80.72 - - [13/Nov/2024:06:13:37 +0000] "POST /code/login.php HTTP/2.0" 404 36 "https://craftnanny.org/signin.php?" "Mozilla/5.0 (Windows NT 10.0; Win64; x64; rv:132.0) Gecko/20100101 Firefox/132.0"
108.162.241.237 - - [13/Nov/2024:06:13:44 +0000] "GET /signin.php? HTTP/2.0" 200 1303 "https://craftnanny.org/index.php" "Mozilla/5.0 (Windows NT 10.0; Win64; x64; rv:132.0) Gecko/20100101 Firefox/132.0"
172.69.130.191 - - [13/Nov/2024:06:13:44 +0000] "GET /assets/js/vendor/modernizr.js HTTP/2.0" 200 11264 "https://craftnanny.org/signin.php?" "Mozilla/5.0 (Windows NT 10.0; Win64; x64; rv:132.0) Gecko/20100101 Firefox/132.0"
172.69.130.154 - - [13/Nov/2024:06:13:44 +0000] "GET /assets/js/vendor/jquery.js HTTP/2.0" 200 84732 "https://craftnanny.org/signin.php?" "Mozilla/5.0 (Windows NT 10.0; Win64; x64; rv:132.0) Gecko/20100101 Firefox/132.0"
108.162.241.93 - - [13/Nov/2024:06:13:44 +0000] "GET /assets/js/login.js?v=1.7 HTTP/2.0" 200 1028 "https://craftnanny.org/signin.php?" "Mozilla/5.0 (Windows NT 10.0; Win64; x64; rv:132.0) Gecko/20100101 Firefox/132.0"
172.69.214.37 - - [13/Nov/2024:06:13:44 +0000] "GET /favicon.ico HTTP/2.0" 200 20457 "https://craftnanny.org/signin.php?" "Mozilla/5.0 (Windows NT 10.0; Win64; x64; rv:132.0) Gecko/20100101 Firefox/132.0"
108.162.241.237 - - [13/Nov/2024:06:13:44 +0000] "POST /code/main.php HTTP/2.0" 200 211 "https://craftnanny.org/signin.php?" "Mozilla/5.0 (Windows NT 10.0; Win64; x64; rv:132.0) Gecko/20100101 Firefox/132.0"
172.69.130.248 - - [13/Nov/2024:06:16:52 +0000] "GET /signin.php? HTTP/2.0" 200 1303 "https://craftnanny.org/index.php" "Mozilla/5.0 (Windows NT 10.0; Win64; x64; rv:132.0) Gecko/20100101 Firefox/132.0"
108.162.241.93 - - [13/Nov/2024:06:16:53 +0000] "GET /assets/js/login.js?v=1.7 HTTP/2.0" 200 1028 "https://craftnanny.org/signin.php?" "Mozilla/5.0 (Windows NT 10.0; Win64; x64; rv:132.0) Gecko/20100101 Firefox/132.0"
172.69.130.191 - - [13/Nov/2024:06:16:53 +0000] "GET /assets/js/vendor/modernizr.js HTTP/2.0" 200 11264 "https://craftnanny.org/signin.php?" "Mozilla/5.0 (Windows NT 10.0; Win64; x64; rv:132.0) Gecko/20100101 Firefox/132.0"
172.69.130.155 - - [13/Nov/2024:06:16:53 +0000] "GET /assets/js/vendor/jquery.js HTTP/2.0" 200 84732 "https://craftnanny.org/signin.php?" "Mozilla/5.0 (Windows NT 10.0; Win64; x64; rv:132.0) Gecko/20100101 Firefox/132.0"
172.69.214.36 - - [13/Nov/2024:06:16:54 +0000] "GET /favicon.ico HTTP/2.0" 200 20457 "https://craftnanny.org/signin.php?" "Mozilla/5.0 (Windows NT 10.0; Win64; x64; rv:132.0) Gecko/20100101 Firefox/132.0"
172.69.130.248 - - [13/Nov/2024:06:16:54 +0000] "POST /code/main.php HTTP/2.0" 200 211 "https://craftnanny.org/signin.php?" "Mozilla/5.0 (Windows NT 10.0; Win64; x64; rv:132.0) Gecko/20100101 Firefox/132.0"
108.162.241.94 - - [13/Nov/2024:06:17:18 +0000] "GET /signin.php? HTTP/2.0" 200 1303 "https://craftnanny.org/index.php" "Mozilla/5.0 (Windows NT 10.0; Win64; x64; rv:132.0) Gecko/20100101 Firefox/132.0"
172.69.130.191 - - [13/Nov/2024:06:17:18 +0000] "GET /assets/js/vendor/modernizr.js HTTP/2.0" 200 11264 "https://craftnanny.org/signin.php?" "Mozilla/5.0 (Windows NT 10.0; Win64; x64; rv:132.0) Gecko/20100101 Firefox/132.0"
172.69.130.155 - - [13/Nov/2024:06:17:18 +0000] "GET /assets/js/vendor/jquery.js HTTP/2.0" 200 84732 "https://craftnanny.org/signin.php?" "Mozilla/5.0 (Windows NT 10.0; Win64; x64; rv:132.0) Gecko/20100101 Firefox/132.0"
108.162.241.93 - - [13/Nov/2024:06:17:18 +0000] "GET /assets/js/login.js?v=1.7 HTTP/2.0" 200 1028 "https://craftnanny.org/signin.php?" "Mozilla/5.0 (Windows NT 10.0; Win64; x64; rv:132.0) Gecko/20100101 Firefox/132.0"
172.69.214.36 - - [13/Nov/2024:06:17:19 +0000] "GET /favicon.ico HTTP/2.0" 200 20457 "https://craftnanny.org/signin.php?" "Mozilla/5.0 (Windows NT 10.0; Win64; x64; rv:132.0) Gecko/20100101 Firefox/132.0"
108.162.241.94 - - [13/Nov/2024:06:17:19 +0000] "POST /code/main.php HTTP/2.0" 200 211 "https://craftnanny.org/signin.php?" "Mozilla/5.0 (Windows NT 10.0; Win64; x64; rv:132.0) Gecko/20100101 Firefox/132.0"
172.70.50.4 - - [13/Nov/2024:06:20:28 +0000] "GET /code/main.php?a=signIn&username=Cloud1201&password=123456 HTTP/2.0" 200 210 "-" "Mozilla/5.0 (Windows NT 10.0; Win64; x64; rv:132.0) Gecko/20100101 Firefox/132.0"
172.69.214.37 - - [13/Nov/2024:06:20:29 +0000] "GET /favicon.ico HTTP/2.0" 200 20457 "https://craftnanny.org/code/main.php?a=signIn&username=Cloud1201&password=123456" "Mozilla/5.0 (Windows NT 10.0; Win64; x64; rv:132.0) Gecko/20100101 Firefox/132.0"
172.70.50.4 - - [13/Nov/2024:06:23:17 +0000] "GET /code/main.php?a=signIn&username=Cloud1201&password=123456 HTTP/2.0" 200 236 "-" "Mozilla/5.0 (Windows NT 10.0; Win64; x64; rv:132.0) Gecko/20100101 Firefox/132.0"
172.69.214.36 - - [13/Nov/2024:06:23:17 +0000] "GET /favicon.ico HTTP/2.0" 200 20457 "https://craftnanny.org/code/main.php?a=signIn&username=Cloud1201&password=123456" "Mozilla/5.0 (Windows NT 10.0; Win64; x64; rv:132.0) Gecko/20100101 Firefox/132.0"
172.69.130.248 - - [13/Nov/2024:06:23:29 +0000] "POST /code/main.php?a=signIn&username=Cloud1201&password=123456 HTTP/2.0" 200 236 "-" "PostmanRuntime/7.42.0"
172.70.50.4 - - [13/Nov/2024:06:25:33 +0000] "GET /code/main.php?a=signIn&username=Cloud1201&password=123456 HTTP/2.0" 200 163 "-" "Mozilla/5.0 (Windows NT 10.0; Win64; x64; rv:132.0) Gecko/20100101 Firefox/132.0"
172.69.214.37 - - [13/Nov/2024:06:25:33 +0000] "GET /favicon.ico HTTP/2.0" 200 20457 "https://craftnanny.org/code/main.php?a=signIn&username=Cloud1201&password=123456" "Mozilla/5.0 (Windows NT 10.0; Win64; x64; rv:132.0) Gecko/20100101 Firefox/132.0"
172.70.50.4 - - [13/Nov/2024:06:25:40 +0000] "GET /signin.php? HTTP/2.0" 200 1303 "https://craftnanny.org/index.php" "Mozilla/5.0 (Windows NT 10.0; Win64; x64; rv:132.0) Gecko/20100101 Firefox/132.0"
172.69.130.191 - - [13/Nov/2024:06:25:41 +0000] "GET /assets/js/vendor/modernizr.js HTTP/2.0" 200 11264 "https://craftnanny.org/signin.php?" "Mozilla/5.0 (Windows NT 10.0; Win64; x64; rv:132.0) Gecko/20100101 Firefox/132.0"
172.69.130.155 - - [13/Nov/2024:06:25:41 +0000] "GET /assets/js/vendor/jquery.js HTTP/2.0" 200 84732 "https://craftnanny.org/signin.php?" "Mozilla/5.0 (Windows NT 10.0; Win64; x64; rv:132.0) Gecko/20100101 Firefox/132.0"
108.162.241.92 - - [13/Nov/2024:06:25:42 +0000] "GET /assets/js/login.js?v=1.7 HTTP/2.0" 200 1028 "https://craftnanny.org/signin.php?" "Mozilla/5.0 (Windows NT 10.0; Win64; x64; rv:132.0) Gecko/20100101 Firefox/132.0"
172.69.214.37 - - [13/Nov/2024:06:25:42 +0000] "GET /favicon.ico HTTP/2.0" 200 20457 "https://craftnanny.org/signin.php?" "Mozilla/5.0 (Windows NT 10.0; Win64; x64; rv:132.0) Gecko/20100101 Firefox/132.0"
172.70.50.4 - - [13/Nov/2024:06:25:43 +0000] "POST /code/main.php HTTP/2.0" 200 163 "https://craftnanny.org/signin.php?" "Mozilla/5.0 (Windows NT 10.0; Win64; x64; rv:132.0) Gecko/20100101 Firefox/132.0"
172.69.214.135 - - [13/Nov/2024:06:26:38 +0000] "GET /signin.php? HTTP/2.0" 200 1303 "https://craftnanny.org/index.php" "Mozilla/5.0 (Windows NT 10.0; Win64; x64; rv:132.0) Gecko/20100101 Firefox/132.0"
172.69.130.191 - - [13/Nov/2024:06:26:38 +0000] "GET /assets/js/vendor/modernizr.js HTTP/2.0" 200 11264 "https://craftnanny.org/signin.php?" "Mozilla/5.0 (Windows NT 10.0; Win64; x64; rv:132.0) Gecko/20100101 Firefox/132.0"
108.162.241.92 - - [13/Nov/2024:06:26:38 +0000] "GET /assets/js/login.js?v=1.7 HTTP/2.0" 200 1150 "https://craftnanny.org/signin.php?" "Mozilla/5.0 (Windows NT 10.0; Win64; x64; rv:132.0) Gecko/20100101 Firefox/132.0"
172.69.130.155 - - [13/Nov/2024:06:26:38 +0000] "GET /assets/js/vendor/jquery.js HTTP/2.0" 200 84732 "https://craftnanny.org/signin.php?" "Mozilla/5.0 (Windows NT 10.0; Win64; x64; rv:132.0) Gecko/20100101 Firefox/132.0"
172.69.214.37 - - [13/Nov/2024:06:26:38 +0000] "GET /favicon.ico HTTP/2.0" 200 20457 "https://craftnanny.org/signin.php?" "Mozilla/5.0 (Windows NT 10.0; Win64; x64; rv:132.0) Gecko/20100101 Firefox/132.0"
172.69.214.135 - - [13/Nov/2024:06:26:39 +0000] "POST /code/main.php HTTP/2.0" 200 163 "https://craftnanny.org/signin.php?" "Mozilla/5.0 (Windows NT 10.0; Win64; x64; rv:132.0) Gecko/20100101 Firefox/132.0"
172.69.214.205 - - [13/Nov/2024:06:26:58 +0000] "GET /signin.php? HTTP/2.0" 200 1303 "https://craftnanny.org/index.php" "Mozilla/5.0 (Windows NT 10.0; Win64; x64; rv:132.0) Gecko/20100101 Firefox/132.0"
172.69.130.191 - - [13/Nov/2024:06:26:58 +0000] "GET /assets/js/vendor/modernizr.js HTTP/2.0" 200 11264 "https://craftnanny.org/signin.php?" "Mozilla/5.0 (Windows NT 10.0; Win64; x64; rv:132.0) Gecko/20100101 Firefox/132.0"
172.69.130.155 - - [13/Nov/2024:06:26:58 +0000] "GET /assets/js/vendor/jquery.js HTTP/2.0" 200 84732 "https://craftnanny.org/signin.php?" "Mozilla/5.0 (Windows NT 10.0; Win64; x64; rv:132.0) Gecko/20100101 Firefox/132.0"
108.162.241.92 - - [13/Nov/2024:06:26:58 +0000] "GET /assets/js/login.js?v=1.7 HTTP/2.0" 200 1150 "https://craftnanny.org/signin.php?" "Mozilla/5.0 (Windows NT 10.0; Win64; x64; rv:132.0) Gecko/20100101 Firefox/132.0"
172.69.214.37 - - [13/Nov/2024:06:26:59 +0000] "GET /favicon.ico HTTP/2.0" 200 20457 "https://craftnanny.org/signin.php?" "Mozilla/5.0 (Windows NT 10.0; Win64; x64; rv:132.0) Gecko/20100101 Firefox/132.0"
172.69.214.205 - - [13/Nov/2024:06:26:59 +0000] "POST /code/main.php HTTP/2.0" 200 163 "https://craftnanny.org/signin.php?" "Mozilla/5.0 (Windows NT 10.0; Win64; x64; rv:132.0) Gecko/20100101 Firefox/132.0"
172.69.214.135 - - [13/Nov/2024:06:27:11 +0000] "POST /code/main.php?a=signIn&username=Cloud1201&password=123456 HTTP/2.0" 200 163 "-" "PostmanRuntime/7.42.0"
